 serialport

 Timestamp is 58ed06a4 (Tue Apr 11 18:39:00 2017)

 Preferred load address is 0000000180000000

 Start         Length     Name                   Class
 0001:00000000 00000060H .text$di                CODE
 0001:00000060 0001b070H .text$mn                CODE
 0001:0001b0d0 00000020H .text$mn$00             CODE
 0001:0001b0f0 00001110H .text$x                 CODE
 0001:0001c200 0000007eH .text$yd                CODE
 0002:00000000 000004f8H .idata$5                DATA
 0002:000004f8 00000010H .00cfg                  DATA
 0002:00000508 00000008H .CRT$XCA                DATA
 0002:00000510 00000010H .CRT$XCU                DATA
 0002:00000520 00000008H .CRT$XCZ                DATA
 0002:00000528 00000008H .CRT$XIA                DATA
 0002:00000530 00000018H .CRT$XIC                DATA
 0002:00000548 00000008H .CRT$XIZ                DATA
 0002:00000550 00000008H .CRT$XPA                DATA
 0002:00000558 00000010H .CRT$XPX                DATA
 0002:00000568 00000008H .CRT$XPXA               DATA
 0002:00000570 00000008H .CRT$XPZ                DATA
 0002:00000578 00000008H .CRT$XTA                DATA
 0002:00000580 00000010H .CRT$XTZ                DATA
 0002:00000590 00009348H .rdata                  DATA
 0002:000098d8 00000404H .rdata$r                DATA
 0002:00009cdc 0000039cH .rdata$zzzdbg           DATA
 0002:0000a078 00000008H .rtc$IAA                DATA
 0002:0000a080 00000008H .rtc$IZZ                DATA
 0002:0000a088 00000008H .rtc$TAA                DATA
 0002:0000a090 00000010H .rtc$TZZ                DATA
 0002:0000a0a0 000025c8H .xdata                  DATA
 0002:0000c668 00000248H .xdata$x                DATA
 0002:0000c8b0 00000058H .edata                  DATA
 0002:0000c908 00000050H .idata$2                DATA
 0002:0000c958 00000018H .idata$3                DATA
 0002:0000c970 000004f8H .idata$4                DATA
 0002:0000ce68 000015eaH .idata$6                DATA
 0003:00000000 00000970H .data                   DATA
 0003:00000970 00000140H .data$r                 DATA
 0003:00000ab0 000011dcH .bss                    DATA
 0004:00000000 00001938H .pdata                  DATA
 0005:00000000 00000084H .gfids$x                DATA
 0005:00000084 00000058H .gfids$y                DATA
 0006:00000000 00000060H .rsrc$01                DATA
 0006:00000060 00000180H .rsrc$02                DATA

  Address         Publics by Value              Rva+Base               Lib:Object

 0000:00000000       __guard_iat_table          0000000000000000     <absolute>
 0000:00000000       __dynamic_value_reloc_table 0000000000000000     <absolute>
 0000:00000000       __guard_iat_count          0000000000000000     <absolute>
 0000:00000000       __guard_longjmp_table      0000000000000000     <absolute>
 0000:00000000       __guard_longjmp_count      0000000000000000     <absolute>
 0000:00000000       __guard_fids_count         0000000000000000     <absolute>
 0000:00000000       ___safe_se_handler_table   0000000000000000     <absolute>
 0000:00000000       ___safe_se_handler_count   0000000000000000     <absolute>
 0000:00000000       __guard_fids_table         0000000000000000     <absolute>
 0000:00000100       __guard_flags              0000000000000100     <absolute>
 0000:00000000       __ImageBase                0000000180000000     <linker-defined>
 0001:00000130       ?NewInstance@Nan@@YA?AV?$MaybeLocal@VObject@v8@@@v8@@V?$Local@VObjectTemplate@v8@@@3@@Z 0000000180001130 f i serialport.obj
 0001:000001b0       ?GetFunction@Nan@@YA?AV?$MaybeLocal@VFunction@v8@@@v8@@V?$Local@VFunctionTemplate@v8@@@3@@Z 00000001800011b0 f i serialport.obj
 0001:00000230       ?Set@Nan@@YA?AV?$Maybe@_N@v8@@V?$Local@VObject@v8@@@3@V?$Local@VValue@v8@@@3@1@Z 0000000180001230 f i serialport.obj
 0001:000002c0       ?Set@Nan@@YA?AV?$Maybe@_N@v8@@V?$Local@VObject@v8@@@3@IV?$Local@VValue@v8@@@3@@Z 00000001800012c0 f i serialport.obj
 0001:00000350       ?Get@Nan@@YA?AV?$MaybeLocal@VValue@v8@@@v8@@V?$Local@VObject@v8@@@3@V?$Local@VValue@v8@@@3@@Z 0000000180001350 f i serialport.obj
 0001:000003e0       ?Has@Nan@@YA?AV?$Maybe@_N@v8@@V?$Local@VObject@v8@@@3@V?$Local@VString@v8@@@3@@Z 00000001800013e0 f i serialport.obj
 0001:00000460       ?convert@?$ToFactory@VInt32@v8@@@imp@Nan@@SA?AV?$MaybeLocal@VInt32@v8@@@v8@@V?$Local@VValue@v8@@@5@@Z 0000000180001460 f i serialport.obj
 0001:000004f0       ?New@?$Factory@VFunctionTemplate@v8@@@imp@Nan@@SA?AV?$Local@VFunctionTemplate@v8@@@v8@@P6AXAEBV?$FunctionCallbackInfo@VValue@v8@@@3@@ZV?$Local@VValue@v8@@@5@V?$Local@VSignature@v8@@@5@@Z 00000001800014f0 f i serialport.obj
 0001:00000670       ??1EscapableHandleScope@Nan@@QEAA@XZ 0000000180001670 f i serialport.obj
 0001:000006a0       ??1HandleScope@Nan@@QEAA@XZ 00000001800016a0 f i serialport.obj
 0001:000006c0       ?ThrowTypeError@Nan@@YAXPEBD@Z 00000001800016c0 f i serialport.obj
 0001:00000760       ??0Utf8String@Nan@@QEAA@V?$Local@VValue@v8@@@v8@@@Z 0000000180001760 f i serialport.obj
 0001:00000870       ??1Utf8String@Nan@@QEAA@XZ 0000000180001870 f i serialport.obj
 0001:000008a0       ??1Callback@Nan@@QEAA@XZ   00000001800018a0 f i serialport.obj
 0001:000008e0       ?Call@Callback@Nan@@QEBA?AV?$Local@VValue@v8@@@v8@@HQEAV34@@Z 00000001800018e0 f i serialport.obj
 0001:00000990       ?Call_@Callback@Nan@@AEBA?AV?$Local@VValue@v8@@@v8@@PEAVIsolate@4@V?$Local@VObject@v8@@@4@HQEAV34@@Z 0000000180001990 f i serialport.obj
 0001:00000a50       ??1?$Persistent@VFunction@v8@@V?$NonCopyablePersistentTraits@VFunction@v8@@@2@@Nan@@QEAA@XZ 0000000180001a50 f i serialport.obj
 0001:00000a50       ??1?$Persistent@VObject@v8@@V?$NonCopyablePersistentTraits@VObject@v8@@@2@@Nan@@QEAA@XZ 0000000180001a50 f i serialport.obj
 0001:00000a70       ??1QueuedWrite@@QEAA@XZ    0000000180001a70 f i serialport.obj
 0001:00000bd0       ??_G_WriteQueue@@QEAAPEAXI@Z 0000000180001bd0 f i serialport.obj
 0001:00000c40       ?getValueFromObject@@YA?AV?$Local@VValue@v8@@@v8@@V?$Local@VObject@v8@@@2@V?$basic_string@DU?$char_traits@D@std@@V?$allocator@D@2@@std@@@Z 0000000180001c40 f   serialport.obj
 0001:00000d10       ?getIntFromObject@@YAHV?$Local@VObject@v8@@@v8@@V?$basic_string@DU?$char_traits@D@std@@V?$allocator@D@2@@std@@@Z 0000000180001d10 f   serialport.obj
 0001:00000dd0       ?getBoolFromObject@@YA_NV?$Local@VObject@v8@@@v8@@V?$basic_string@DU?$char_traits@D@std@@V?$allocator@D@2@@std@@@Z 0000000180001dd0 f   serialport.obj
 0001:00000e90       ?getStringFromObj@@YA?AV?$Local@VString@v8@@@v8@@V?$Local@VObject@v8@@@2@V?$basic_string@DU?$char_traits@D@std@@V?$allocator@D@2@@std@@@Z 0000000180001e90 f   serialport.obj
 0001:00000f40       ?getDoubleFromObject@@YANV?$Local@VObject@v8@@@v8@@V?$basic_string@DU?$char_traits@D@std@@V?$allocator@D@2@@std@@@Z 0000000180001f40 f   serialport.obj
 0001:00001000       ?Open@@YAXAEBV?$FunctionCallbackInfo@VValue@v8@@@Nan@@@Z 0000000180002000 f   serialport.obj
 0001:00001740       ?EIO_AfterOpen@@YAXPEAUuv_work_s@@@Z 0000000180002740 f   serialport.obj
 0001:00001990       ?Update@@YAXAEBV?$FunctionCallbackInfo@VValue@v8@@@Nan@@@Z 0000000180002990 f   serialport.obj
 0001:00001c70       ?EIO_AfterUpdate@@YAXPEAUuv_work_s@@@Z 0000000180002c70 f   serialport.obj
 0001:00001d80       ?Write@@YAXAEBV?$FunctionCallbackInfo@VValue@v8@@@Nan@@@Z 0000000180002d80 f   serialport.obj
 0001:000020d0       ?EIO_AfterWrite@@YAXPEAUuv_work_s@@@Z 00000001800030d0 f   serialport.obj
 0001:00002350       ?Close@@YAXAEBV?$FunctionCallbackInfo@VValue@v8@@@Nan@@@Z 0000000180003350 f   serialport.obj
 0001:000024f0       ?EIO_AfterClose@@YAXPEAUuv_work_s@@@Z 00000001800034f0 f   serialport.obj
 0001:00002750       ?List@@YAXAEBV?$FunctionCallbackInfo@VValue@v8@@@Nan@@@Z 0000000180003750 f   serialport.obj
 0001:000028a0       ?setIfNotEmpty@@YAXV?$Local@VObject@v8@@@v8@@V?$basic_string@DU?$char_traits@D@std@@V?$allocator@D@2@@std@@PEBD@Z 00000001800038a0 f   serialport.obj
 0001:000029b0       ?EIO_AfterList@@YAXPEAUuv_work_s@@@Z 00000001800039b0 f   serialport.obj
 0001:00003110       ??1ListBaton@@QEAA@XZ      0000000180004110 f i serialport.obj
 0001:000031a0       ?Flush@@YAXAEBV?$FunctionCallbackInfo@VValue@v8@@@Nan@@@Z 00000001800041a0 f   serialport.obj
 0001:00003340       ?EIO_AfterFlush@@YAXPEAUuv_work_s@@@Z 0000000180004340 f   serialport.obj
 0001:000034b0       ?Set@@YAXAEBV?$FunctionCallbackInfo@VValue@v8@@@Nan@@@Z 00000001800044b0 f   serialport.obj
 0001:00003800       ?EIO_AfterSet@@YAXPEAUuv_work_s@@@Z 0000000180004800 f   serialport.obj
 0001:00003910       ?Drain@@YAXAEBV?$FunctionCallbackInfo@VValue@v8@@@Nan@@@Z 0000000180004910 f   serialport.obj
 0001:00003ab0       ?EIO_AfterDrain@@YAXPEAUuv_work_s@@@Z 0000000180004ab0 f   serialport.obj
 0001:00003bc0       ?ToParityEnum@@YA?AW4SerialPortParity@@AEBV?$Local@VString@v8@@@v8@@@Z 0000000180004bc0 f i serialport.obj
 0001:00003d00       init                       0000000180004d00 f   serialport.obj
 0001:000041d0       ??1?$list@PEAUListResultItem@@V?$allocator@PEAUListResultItem@@@std@@@std@@QEAA@XZ 00000001800051d0 f i serialport.obj
 0001:00004230       ??1?$Persistent@VFunction@v8@@V?$NonCopyablePersistentTraits@VFunction@v8@@@2@@v8@@QEAA@XZ 0000000180005230 f i serialport.obj
 0001:00004230       ??1?$Persistent@VObject@v8@@V?$NonCopyablePersistentTraits@VObject@v8@@@2@@v8@@QEAA@XZ 0000000180005230 f i serialport.obj
 0001:00004250       ??1?$basic_string@DU?$char_traits@D@std@@V?$allocator@D@2@@std@@QEAA@XZ 0000000180005250 f i serialport.obj
 0001:000042e0       ??1?$_List_buy@PEAUListResultItem@@V?$allocator@PEAUListResultItem@@@std@@@std@@QEAA@XZ 00000001800052e0 f i serialport.obj
 0001:00004300       ??1?$_List_alloc@U?$_List_base_types@PEAUListResultItem@@V?$allocator@PEAUListResultItem@@@std@@@std@@@std@@QEAA@XZ 0000000180005300 f i serialport.obj
 0001:00004310       ?assign@?$basic_string@DU?$char_traits@D@std@@V?$allocator@D@2@@std@@QEAAAEAV12@PEBD_K@Z 0000000180005310 f i serialport.obj
 0001:00004440       ?assign@?$basic_string@DU?$char_traits@D@std@@V?$allocator@D@2@@std@@QEAAAEAV12@AEBV12@_K1@Z 0000000180005440 f i serialport.obj
 0001:00004570       ?erase@?$basic_string@DU?$char_traits@D@std@@V?$allocator@D@2@@std@@QEAAAEAV12@_K0@Z 0000000180005570 f i serialport.obj
 0001:00004610       ?_Copy@?$basic_string@DU?$char_traits@D@std@@V?$allocator@D@2@@std@@QEAAX_K0@Z 0000000180005610 f i serialport.obj
 0001:00004790       ??$New@VString@v8@@V?$basic_string@DU?$char_traits@D@std@@V?$allocator@D@2@@std@@@Nan@@YA?AV?$MaybeLocal@VString@v8@@@v8@@V?$basic_string@DU?$char_traits@D@std@@V?$allocator@D@2@@std@@@Z 0000000180005790 f i serialport.obj
 0001:00004840       ??$SetMethodAux@V?$Local@VObject@v8@@@v8@@@imp@Nan@@YAXV?$Local@VObject@v8@@@v8@@V?$Local@VString@v8@@@3@V?$Local@VFunctionTemplate@v8@@@3@ZZ 0000000180005840 f i serialport.obj
 0001:00004890       __local_stdio_printf_options 0000000180005890 f i serialport_win.obj
 0001:000048a0       _snprintf_s                00000001800058a0 f i serialport_win.obj
 0001:00004900       ?Error@Nan@@YA?AV?$Local@VValue@v8@@@v8@@PEBD@Z 0000000180005900 f i serialport_win.obj
 0001:000049b0       ?ErrorCodeToString@@YAXPEBDHPEAD@Z 00000001800059b0 f   serialport_win.obj
 0001:00004a40       ?EIO_Open@@YAXPEAUuv_work_s@@@Z 0000000180005a40 f   serialport_win.obj
 0001:00004e20       ?EIO_Update@@YAXPEAUuv_work_s@@@Z 0000000180005e20 f   serialport_win.obj
 0001:00004f60       ?EIO_Set@@YAXPEAUuv_work_s@@@Z 0000000180005f60 f   serialport_win.obj
 0001:000050b0       ?EIO_WatchPort@@YAXPEAUuv_work_s@@@Z 00000001800060b0 f   serialport_win.obj
 0001:000051d0       ?IsClosingHandle@@YA_NH@Z  00000001800061d0 f   serialport_win.obj
 0001:000052a0       ?DisposeWatchPortCallbacks@@YAXPEAUWatchPortBaton@@@Z 00000001800062a0 f   serialport_win.obj
 0001:000053a0       ?EIO_AfterWatchPort@@YAXPEAUuv_work_s@@@Z 00000001800063a0 f   serialport_win.obj
 0001:00005570       ?AfterOpenSuccess@@YAXHPEAVCallback@Nan@@00@Z 0000000180006570 f   serialport_win.obj
 0001:00005630       ?EIO_Write@@YAXPEAUuv_work_s@@@Z 0000000180006630 f   serialport_win.obj
 0001:00005820       ?EIO_Close@@YAXPEAUuv_work_s@@@Z 0000000180006820 f   serialport_win.obj
 0001:00005910       ?EIO_List@@YAXPEAUuv_work_s@@@Z 0000000180006910 f   serialport_win.obj
 0001:00005ed0       ?EIO_Flush@@YAXPEAUuv_work_s@@@Z 0000000180006ed0 f   serialport_win.obj
 0001:00005f80       ?EIO_Drain@@YAXPEAUuv_work_s@@@Z 0000000180006f80 f   serialport_win.obj
 0001:00006030       ??1?$_List_buy@HV?$allocator@H@std@@@std@@QEAA@XZ 0000000180007030 f i serialport_win.obj
 0001:00006060       ??1?$_List_alloc@U?$_List_base_types@HV?$allocator@H@std@@@std@@@std@@QEAA@XZ 0000000180007060 f i serialport_win.obj
 0001:00006070       ??$_Insert@AEBH@?$list@HV?$allocator@H@std@@@std@@QEAAXV?$_List_unchecked_const_iterator@V?$_List_val@U?$_List_simple_types@H@std@@@std@@U_Iterator_base0@2@@1@AEBH@Z 0000000180007070 f i serialport_win.obj
 0001:00006120       ??$destroy@PEAU?$_List_node@HPEAX@std@@@?$_Wrap_alloc@V?$allocator@U?$_List_node@HPEAX@std@@@std@@@std@@QEAAXPEAPEAU?$_List_node@HPEAX@1@@Z 0000000180007120 f i serialport_win.obj
 0001:00006120       _guard_check_icall_nop     0000000180007120 f i LIBCMT:guard_support.obj
 0001:00006120       __except_validate_context_record 0000000180007120 f i libvcruntime:jbcxrval.obj
 0001:00006120       ??$destroy@H@?$_Wrap_alloc@V?$allocator@U?$_List_node@HPEAX@std@@@std@@@std@@QEAAXPEAH@Z 0000000180007120 f i serialport_win.obj
 0001:00006130       ??0?$_Wrap_alloc@V?$allocator@U?$_List_node@HPEAX@std@@@std@@@std@@QEAA@XZ 0000000180007130 f i serialport_win.obj
 0001:00006138       ??0bad_alloc@std@@QEAA@AEBV01@@Z 0000000180007138 f i libcpmt:xthrow.obj
 0001:00006178       ??0bad_alloc@std@@QEAA@XZ  0000000180007178 f i libcpmt:xthrow.obj
 0001:00006198       ??0exception@std@@QEAA@AEBV01@@Z 0000000180007198 f i libcpmt:xthrow.obj
 0001:000061d0       ??0length_error@std@@QEAA@AEBV01@@Z 00000001800071d0 f i libcpmt:xthrow.obj
 0001:00006210       ??0length_error@std@@QEAA@PEBD@Z 0000000180007210 f i libcpmt:xthrow.obj
 0001:0000625c       ??0logic_error@std@@QEAA@AEBV01@@Z 000000018000725c f i libcpmt:xthrow.obj
 0001:0000629c       ??0out_of_range@std@@QEAA@AEBV01@@Z 000000018000729c f i libcpmt:xthrow.obj
 0001:000062dc       ??0out_of_range@std@@QEAA@PEBD@Z 00000001800072dc f i libcpmt:xthrow.obj
 0001:00006328       ??1bad_alloc@std@@UEAA@XZ  0000000180007328 f i libcpmt:xthrow.obj
 0001:00006328       ??1out_of_range@std@@UEAA@XZ 0000000180007328 f i libcpmt:xthrow.obj
 0001:00006328       ??1bad_exception@std@@UEAA@XZ 0000000180007328 f i libvcruntime:frame.obj
 0001:00006328       ??1bad_array_new_length@std@@UEAA@XZ 0000000180007328 f i LIBCMT:throw_bad_alloc.obj
 0001:00006328       ??1length_error@std@@UEAA@XZ 0000000180007328 f i libcpmt:xthrow.obj
 0001:0000633c       ?_Xlength_error@std@@YAXPEBD@Z 000000018000733c f   libcpmt:xthrow.obj
 0001:00006360       ?_Xout_of_range@std@@YAXPEBD@Z 0000000180007360 f   libcpmt:xthrow.obj
 0001:00006384       ?what@exception@std@@UEBAPEBDXZ 0000000180007384 f i libcpmt:xthrow.obj
 0001:000063b0       __security_check_cookie    00000001800073b0 f   LIBCMT:_amdsecgs_.obj
 0001:000063d4       ??2@YAPEAX_K@Z             00000001800073d4 f   LIBCMT:new_scalar.obj
 0001:00006410       ??3@YAXPEAX@Z              0000000180007410 f   LIBCMT:delete_scalar.obj
 0001:00006418       ??3@YAXPEAX_K@Z            0000000180007418 f   LIBCMT:delete_scalar_size.obj
 0001:00006420       __raise_securityfailure    0000000180007420 f   LIBCMT:gs_report.obj
 0001:00006454       __report_gsfailure         0000000180007454 f   LIBCMT:gs_report.obj
 0001:00006528       __report_rangecheckfailure 0000000180007528 f   LIBCMT:gs_report.obj
 0001:0000653c       __report_securityfailure   000000018000753c f   LIBCMT:gs_report.obj
 0001:000066bc       __scrt_acquire_startup_lock 00000001800076bc f   LIBCMT:utility.obj
 0001:000066f8       __scrt_dllmain_after_initialize_c 00000001800076f8 f   LIBCMT:utility.obj
 0001:0000672c       __scrt_dllmain_before_initialize_c 000000018000772c f   LIBCMT:utility.obj
 0001:00006744       __scrt_dllmain_crt_thread_attach 0000000180007744 f   LIBCMT:utility.obj
 0001:0000676c       __scrt_dllmain_crt_thread_detach 000000018000776c f   LIBCMT:utility.obj
 0001:00006784       __scrt_dllmain_exception_filter 0000000180007784 f   LIBCMT:utility.obj
 0001:000067e8       __scrt_dllmain_uninitialize_c 00000001800077e8 f   LIBCMT:utility.obj
 0001:00006818       __scrt_dllmain_uninitialize_critical 0000000180007818 f   LIBCMT:utility.obj
 0001:0000682c       __scrt_initialize_crt      000000018000782c f   LIBCMT:utility.obj
 0001:00006878       __scrt_initialize_onexit_tables 0000000180007878 f   LIBCMT:utility.obj
 0001:00006944       __scrt_is_nonwritable_in_current_image 0000000180007944 f   LIBCMT:utility.obj
 0001:000069e0       __scrt_release_startup_lock 00000001800079e0 f   LIBCMT:utility.obj
 0001:00006a04       __scrt_uninitialize_crt    0000000180007a04 f   LIBCMT:utility.obj
 0001:00006a30       _onexit                    0000000180007a30 f   LIBCMT:utility.obj
 0001:00006a80       atexit                     0000000180007a80 f   LIBCMT:utility.obj
 0001:00006de4       _DllMainCRTStartup         0000000180007de4 f   LIBCMT:dll_dllmain.obj
 0001:00006e24       ??_Etype_info@@UEAAPEAXI@Z 0000000180007e24 f i LIBCMT:std_type_info_static.obj
 0001:00006e24       ??_Gtype_info@@UEAAPEAXI@Z 0000000180007e24 f i LIBCMT:std_type_info_static.obj
 0001:00006e50       ??0bad_array_new_length@std@@QEAA@AEBV01@@Z 0000000180007e50 f i LIBCMT:throw_bad_alloc.obj
 0001:00006e90       ??0bad_array_new_length@std@@QEAA@XZ 0000000180007e90 f i LIBCMT:throw_bad_alloc.obj
 0001:00006eb0       ?__scrt_throw_std_bad_alloc@@YAXXZ 0000000180007eb0 f   LIBCMT:throw_bad_alloc.obj
 0001:00006eb0       ?_Xbad_alloc@std@@YAXXZ    0000000180007eb0 f   libcpmt:xthrow.obj
 0001:00006ed0       ?__scrt_throw_std_bad_array_new_length@@YAXXZ 0000000180007ed0 f   LIBCMT:throw_bad_alloc.obj
 0001:00006ef0       __isa_available_init       0000000180007ef0 f   LIBCMT:_cpu_disp_.obj
 0001:000070b8       DllMain                    00000001800080b8 f   LIBCMT:dll_dllmain_stub.obj
 0001:000070b8       _get_startup_argv_mode     00000001800080b8 f   LIBCMT:argv_mode.obj
 0001:000070c0       __scrt_is_ucrt_dll_in_use  00000001800080c0 f   LIBCMT:ucrt_detection.obj
 0001:000070cc       __crt_debugger_hook        00000001800080cc f   LIBCMT:utility_desktop.obj
 0001:000070d4       __scrt_fastfail            00000001800080d4 f   LIBCMT:utility_desktop.obj
 0001:0000721c       _guard_check_icall         000000018000821c f i LIBCMT:checkcfg.obj
 0001:00007224       __security_init_cookie     0000000180008224 f   LIBCMT:gs_support.obj
 0001:000072d0       ?__scrt_initialize_type_info@@YAXXZ 00000001800082d0 f   LIBCMT:tncleanup.obj
 0001:000072e0       ?__scrt_uninitialize_type_info@@YAXXZ 00000001800082e0 f   LIBCMT:tncleanup.obj
 0001:000072ec       __local_stdio_scanf_options 00000001800082ec f i LIBCMT:default_local_stdio_options.obj
 0001:000072f4       __scrt_initialize_default_local_stdio_options 00000001800082f4 f   LIBCMT:default_local_stdio_options.obj
 0001:00007310       __scrt_get_dyn_tls_init_callback 0000000180008310 f   LIBCMT:dyn_tls_init.obj
 0001:00007318       _RTC_Initialize            0000000180008318 f   LIBCMT:_initsect_.obj
 0001:00007364       _RTC_Terminate             0000000180008364 f   LIBCMT:_initsect_.obj
 0001:000073c0       memmove                    00000001800083c0 f   libvcruntime:memcpy.obj
 0001:000073c0       memcpy                     00000001800083c0 f   libvcruntime:memcpy.obj
 0001:000077f8       strstr                     00000001800087f8 f   libvcruntime:strstr.obj
 0001:000079ec       __std_exception_copy       00000001800089ec f   libvcruntime:std_exception.obj
 0001:00007a7c       __std_exception_destroy    0000000180008a7c f   libvcruntime:std_exception.obj
 0001:00007aa4       _CxxThrowException         0000000180008aa4 f   libvcruntime:throw.obj
 0001:00007b7c       __vcrt_initialize          0000000180008b7c f   libvcruntime:initialization.obj
 0001:00007bb0       __vcrt_thread_attach       0000000180008bb0 f   libvcruntime:initialization.obj
 0001:00007bc4       __vcrt_thread_detach       0000000180008bc4 f   libvcruntime:initialization.obj
 0001:00007bd8       __vcrt_uninitialize        0000000180008bd8 f   libvcruntime:initialization.obj
 0001:00007bf8       __vcrt_uninitialize_critical 0000000180008bf8 f   libvcruntime:initialization.obj
 0001:00007c08       __C_specific_handler       0000000180008c08 f   libvcruntime:_chandler_.obj
 0001:00007e20       memset                     0000000180008e20 f   libvcruntime:memset.obj
 0001:00007fc0       __std_type_info_compare    0000000180008fc0 f   libvcruntime:std_type_info.obj
 0001:00007fe8       __std_type_info_destroy_list 0000000180008fe8 f   libvcruntime:std_type_info.obj
 0001:00008014       __vcrt_freefls             0000000180009014 f   libvcruntime:per_thread_data.obj
 0001:00008034       __vcrt_freeptd             0000000180009034 f   libvcruntime:per_thread_data.obj
 0001:00008084       __vcrt_getptd              0000000180009084 f   libvcruntime:per_thread_data.obj
 0001:000080a0       __vcrt_getptd_noexit       00000001800090a0 f   libvcruntime:per_thread_data.obj
 0001:00008158       __vcrt_initialize_ptd      0000000180009158 f   libvcruntime:per_thread_data.obj
 0001:00008198       __vcrt_uninitialize_ptd    0000000180009198 f   libvcruntime:per_thread_data.obj
 0001:000081bc       __vcrt_initialize_locks    00000001800091bc f   libvcruntime:locks.obj
 0001:00008204       __vcrt_uninitialize_locks  0000000180009204 f   libvcruntime:locks.obj
 0001:00008404       __vcrt_FlsAlloc            0000000180009404 f   libvcruntime:winapi_downlevel.obj
 0001:00008458       __vcrt_FlsFree             0000000180009458 f   libvcruntime:winapi_downlevel.obj
 0001:000084ac       __vcrt_FlsGetValue         00000001800094ac f   libvcruntime:winapi_downlevel.obj
 0001:00008500       __vcrt_FlsSetValue         0000000180009500 f   libvcruntime:winapi_downlevel.obj
 0001:00008568       __vcrt_InitializeCriticalSectionEx 0000000180009568 f   libvcruntime:winapi_downlevel.obj
 0001:000085e0       __vcrt_initialize_winapi_thunks 00000001800095e0 f   libvcruntime:winapi_downlevel.obj
 0001:0000862c       __vcrt_uninitialize_winapi_thunks 000000018000962c f   libvcruntime:winapi_downlevel.obj
 0001:0000866c       __vcrt_initialize_pure_virtual_call_handler 000000018000966c f   libvcruntime:purevirt_data.obj
 0001:000086a0       _local_unwind              00000001800096a0 f   libvcruntime:_jmpuwind_.obj
 0001:000086d0       _NLG_Notify                00000001800096d0 f   libvcruntime:_jmpuwind_.obj
 0001:000086f0       __NLG_Dispatch2            00000001800096f0 f   libvcruntime:_jmpuwind_.obj
 0001:00008700       __NLG_Return2              0000000180009700 f   libvcruntime:_jmpuwind_.obj
 0001:00008704       free                       0000000180009704 f   libucrt:free.obj
 0001:000090f4       ??$ftprintf@PEAU_iobuf@@PEB_WAEBQEB_WAEBQEB_WAEBI@?$__crt_char_traits@_W@@SAH$$QEAPEAU_iobuf@@$$QEAPEB_WAEBQEB_W2AEBI@Z 000000018000a0f4 f i libucrt:assert.obj
 0001:0000911c       _wassert                   000000018000a11c f   libucrt:assert.obj
 0001:000091a0       fwprintf                   000000018000a1a0 f i libucrt:assert.obj
 0001:000091e4       swprintf                   000000018000a1e4 f i libucrt:assert.obj
 0001:00009238       __acrt_call_reportfault    000000018000a238 f   libucrt:invalid_parameter.obj
 0001:00009394       __acrt_initialize_invalid_parameter_handler 000000018000a394 f   libucrt:invalid_parameter.obj
 0001:0000939c       _invalid_parameter         000000018000a39c f   libucrt:invalid_parameter.obj
 0001:00009444       _invalid_parameter_noinfo  000000018000a444 f   libucrt:invalid_parameter.obj
 0001:00009464       _invalid_parameter_noinfo_noreturn 000000018000a464 f   libucrt:invalid_parameter.obj
 0001:00009494       _invoke_watson             000000018000a494 f   libucrt:invalid_parameter.obj
 0001:000094dc       malloc                     000000018000a4dc f   libucrt:malloc.obj
 0001:000094e4       strncpy_s                  000000018000a4e4 f   libucrt:strncpy_s.obj
 0001:000095b8       ??$?RV<lambda_7b91131dde12e1c3dfc74ff76b3f2eac>@@AEAV<lambda_dd75445284c072d0bd3768540cc698fa>@@V<lambda_16bc4ecb55b4718497c16bceaea2ceaf>@@@?$__crt_seh_guarded_call@H@@QEAAH$$QEAV<lambda_7b91131dde12e1c3dfc74ff76b3f2eac>@@AEAV<lambda_dd75445284c072d0bd3768540cc698fa>@@$$QEAV<lambda_16bc4ecb55b4718497c16bceaea2ceaf>@@@Z 000000018000a5b8 f i libucrt:output.obj
 0001:000097a0       ??$ensure_buffer_is_big_enough@D@formatting_buffer@__crt_stdio_output@@QEAA_N_K@Z 000000018000a7a0 f i libucrt:output.obj
 0001:0000984c       ??$is_wide_character_specifier@D@__crt_stdio_output@@YA_N_KDW4length_modifier@0@@Z 000000018000a84c f i libucrt:output.obj
 0001:0000987c       ??$is_wide_character_specifier@_W@__crt_stdio_output@@YA_N_K_WW4length_modifier@0@@Z 000000018000a87c f i libucrt:output.obj
 0001:000098c0       ??$type_case_integer_parse_into_buffer@I@?$output_processor@_WV?$stream_output_adapter@_W@__crt_stdio_output@@V?$standard_base@_WV?$stream_output_adapter@_W@__crt_stdio_output@@@2@@__crt_stdio_output@@AEAAXII_N@Z 000000018000a8c0 f i libucrt:output.obj
 0001:000098c0       ??$type_case_integer_parse_into_buffer@I@?$output_processor@_WV?$string_output_adapter@_W@__crt_stdio_output@@V?$standard_base@_WV?$string_output_adapter@_W@__crt_stdio_output@@@2@@__crt_stdio_output@@AEAAXII_N@Z 000000018000a8c0 f i libucrt:output.obj
 0001:000098c0       ??$type_case_integer_parse_into_buffer@I@?$output_processor@DV?$string_output_adapter@D@__crt_stdio_output@@V?$format_validation_base@DV?$string_output_adapter@D@__crt_stdio_output@@@2@@__crt_stdio_output@@AEAAXII_N@Z 000000018000a8c0 f i libucrt:output.obj
 0001:0000995c       ??$type_case_integer_parse_into_buffer@_K@?$output_processor@_WV?$string_output_adapter@_W@__crt_stdio_output@@V?$standard_base@_WV?$string_output_adapter@_W@__crt_stdio_output@@@2@@__crt_stdio_output@@AEAAX_KI_N@Z 000000018000a95c f i libucrt:output.obj
 0001:0000995c       ??$type_case_integer_parse_into_buffer@_K@?$output_processor@DV?$string_output_adapter@D@__crt_stdio_output@@V?$format_validation_base@DV?$string_output_adapter@D@__crt_stdio_output@@@2@@__crt_stdio_output@@AEAAX_KI_N@Z 000000018000a95c f i libucrt:output.obj
 0001:0000995c       ??$type_case_integer_parse_into_buffer@_K@?$output_processor@_WV?$stream_output_adapter@_W@__crt_stdio_output@@V?$standard_base@_WV?$stream_output_adapter@_W@__crt_stdio_output@@@2@@__crt_stdio_output@@AEAAX_KI_N@Z 000000018000a95c f i libucrt:output.obj
 0001:000099f8       ??$write_multiple_characters@V?$stream_output_adapter@_W@__crt_stdio_output@@D@__crt_stdio_output@@YAXAEBV?$stream_output_adapter@_W@0@DHQEAH@Z 000000018000a9f8 f i libucrt:output.obj
 0001:00009a88       ??$write_multiple_characters@V?$string_output_adapter@D@__crt_stdio_output@@D@__crt_stdio_output@@YAXAEBV?$string_output_adapter@D@0@DHQEAH@Z 000000018000aa88 f i libucrt:output.obj
 0001:00009ae4       ??$write_multiple_characters@V?$string_output_adapter@_W@__crt_stdio_output@@D@__crt_stdio_output@@YAXAEBV?$string_output_adapter@_W@0@DHQEAH@Z 000000018000aae4 f i libucrt:output.obj
 0001:00009b54       ??0?$output_processor@DV?$string_output_adapter@D@__crt_stdio_output@@V?$format_validation_base@DV?$string_output_adapter@D@__crt_stdio_output@@@2@@__crt_stdio_output@@QEAA@AEBV?$string_output_adapter@D@1@_KQEBDQEAU__crt_locale_pointers@@QEAD@Z 000000018000ab54 f i libucrt:output.obj
 0001:00009bd0       ??0?$output_processor@_WV?$string_output_adapter@_W@__crt_stdio_output@@V?$standard_base@_WV?$string_output_adapter@_W@__crt_stdio_output@@@2@@__crt_stdio_output@@QEAA@AEBV?$string_output_adapter@_W@1@_KQEB_WQEAU__crt_locale_pointers@@QEAD@Z 000000018000abd0 f i libucrt:output.obj
 0001:00009bd0       ??0?$output_processor@_WV?$stream_output_adapter@_W@__crt_stdio_output@@V?$standard_base@_WV?$stream_output_adapter@_W@__crt_stdio_output@@@2@@__crt_stdio_output@@QEAA@AEBV?$stream_output_adapter@_W@1@_KQEB_WQEAU__crt_locale_pointers@@QEAD@Z 000000018000abd0 f i libucrt:output.obj
 0001:00009c50       ??0_LocaleUpdate@@QEAA@QEAU__crt_locale_pointers@@@Z 000000018000ac50 f i libucrt:output.obj
 0001:00009dd0       ?force_decimal_point@__crt_stdio_output@@YAXPEADQEAU__crt_locale_pointers@@@Z 000000018000add0 f i libucrt:output.obj
 0001:00009e40       ?parse_int_from_format_string@?$output_processor@DV?$string_output_adapter@D@__crt_stdio_output@@V?$format_validation_base@DV?$string_output_adapter@D@__crt_stdio_output@@@2@@__crt_stdio_output@@AEAA_NQEAH@Z 000000018000ae40 f i libucrt:output.obj
 0001:00009ec4       ?parse_int_from_format_string@?$output_processor@_WV?$stream_output_adapter@_W@__crt_stdio_output@@V?$standard_base@_WV?$stream_output_adapter@_W@__crt_stdio_output@@@2@@__crt_stdio_output@@AEAA_NQEAH@Z 000000018000aec4 f i libucrt:output.obj
 0001:00009ec4       ?parse_int_from_format_string@?$output_processor@_WV?$string_output_adapter@_W@__crt_stdio_output@@V?$standard_base@_WV?$string_output_adapter@_W@__crt_stdio_output@@@2@@__crt_stdio_output@@AEAA_NQEAH@Z 000000018000aec4 f i libucrt:output.obj
 0001:00009f44       ?process@?$output_processor@DV?$string_output_adapter@D@__crt_stdio_output@@V?$format_validation_base@DV?$string_output_adapter@D@__crt_stdio_output@@@2@@__crt_stdio_output@@QEAAHXZ 000000018000af44 f i libucrt:output.obj
 0001:0000a158       ?process@?$output_processor@_WV?$stream_output_adapter@_W@__crt_stdio_output@@V?$standard_base@_WV?$stream_output_adapter@_W@__crt_stdio_output@@@2@@__crt_stdio_output@@QEAAHXZ 000000018000b158 f i libucrt:output.obj
 0001:0000a3d0       ?process@?$output_processor@_WV?$string_output_adapter@_W@__crt_stdio_output@@V?$standard_base@_WV?$string_output_adapter@_W@__crt_stdio_output@@@2@@__crt_stdio_output@@QEAAHXZ 000000018000b3d0 f i libucrt:output.obj
 0001:0000a64c       ?state_case_normal@?$output_processor@DV?$string_output_adapter@D@__crt_stdio_output@@V?$format_validation_base@DV?$string_output_adapter@D@__crt_stdio_output@@@2@@__crt_stdio_output@@AEAA_NXZ 000000018000b64c f i libucrt:output.obj
 0001:0000a6c0       ?state_case_normal_tchar@?$output_processor@DV?$string_output_adapter@D@__crt_stdio_output@@V?$format_validation_base@DV?$string_output_adapter@D@__crt_stdio_output@@@2@@__crt_stdio_output@@AEAA_ND@Z 000000018000b6c0 f i libucrt:output.obj
 0001:0000a758       ?state_case_size@?$output_processor@DV?$string_output_adapter@D@__crt_stdio_output@@V?$format_validation_base@DV?$string_output_adapter@D@__crt_stdio_output@@@2@@__crt_stdio_output@@AEAA_NXZ 000000018000b758 f i libucrt:output.obj
 0001:0000a8d4       ?state_case_size@?$output_processor@_WV?$stream_output_adapter@_W@__crt_stdio_output@@V?$standard_base@_WV?$stream_output_adapter@_W@__crt_stdio_output@@@2@@__crt_stdio_output@@AEAA_NXZ 000000018000b8d4 f i libucrt:output.obj
 0001:0000aa78       ?state_case_size@?$output_processor@_WV?$string_output_adapter@_W@__crt_stdio_output@@V?$standard_base@_WV?$string_output_adapter@_W@__crt_stdio_output@@@2@@__crt_stdio_output@@AEAA_NXZ 000000018000ba78 f i libucrt:output.obj
 0001:0000ac1c       ?state_case_type@?$output_processor@DV?$string_output_adapter@D@__crt_stdio_output@@V?$format_validation_base@DV?$string_output_adapter@D@__crt_stdio_output@@@2@@__crt_stdio_output@@AEAA_NXZ 000000018000bc1c f i libucrt:output.obj
 0001:0000ae98       ?state_case_type@?$output_processor@_WV?$stream_output_adapter@_W@__crt_stdio_output@@V?$standard_base@_WV?$stream_output_adapter@_W@__crt_stdio_output@@@2@@__crt_stdio_output@@AEAA_NXZ 000000018000be98 f i libucrt:output.obj
 0001:0000b164       ?state_case_type@?$output_processor@_WV?$string_output_adapter@_W@__crt_stdio_output@@V?$standard_base@_WV?$string_output_adapter@_W@__crt_stdio_output@@@2@@__crt_stdio_output@@AEAA_NXZ 000000018000c164 f i libucrt:output.obj
 0001:0000b430       ?type_case_Z@?$output_processor@DV?$string_output_adapter@D@__crt_stdio_output@@V?$format_validation_base@DV?$string_output_adapter@D@__crt_stdio_output@@@2@@__crt_stdio_output@@AEAA_NXZ 000000018000c430 f i libucrt:output.obj
 0001:0000b4b0       ?type_case_Z@?$output_processor@_WV?$string_output_adapter@_W@__crt_stdio_output@@V?$standard_base@_WV?$string_output_adapter@_W@__crt_stdio_output@@@2@@__crt_stdio_output@@AEAA_NXZ 000000018000c4b0 f i libucrt:output.obj
 0001:0000b4b0       ?type_case_Z@?$output_processor@_WV?$stream_output_adapter@_W@__crt_stdio_output@@V?$standard_base@_WV?$stream_output_adapter@_W@__crt_stdio_output@@@2@@__crt_stdio_output@@AEAA_NXZ 000000018000c4b0 f i libucrt:output.obj
 0001:0000b530       ?type_case_a@?$output_processor@DV?$string_output_adapter@D@__crt_stdio_output@@V?$format_validation_base@DV?$string_output_adapter@D@__crt_stdio_output@@@2@@__crt_stdio_output@@AEAA_NXZ 000000018000c530 f i libucrt:output.obj
 0001:0000b74c       ?type_case_a@?$output_processor@_WV?$string_output_adapter@_W@__crt_stdio_output@@V?$standard_base@_WV?$string_output_adapter@_W@__crt_stdio_output@@@2@@__crt_stdio_output@@AEAA_NXZ 000000018000c74c f i libucrt:output.obj
 0001:0000b74c       ?type_case_a@?$output_processor@_WV?$stream_output_adapter@_W@__crt_stdio_output@@V?$standard_base@_WV?$stream_output_adapter@_W@__crt_stdio_output@@@2@@__crt_stdio_output@@AEAA_NXZ 000000018000c74c f i libucrt:output.obj
 0001:0000b990       ?type_case_c_tchar@?$output_processor@DV?$string_output_adapter@D@__crt_stdio_output@@V?$format_validation_base@DV?$string_output_adapter@D@__crt_stdio_output@@@2@@__crt_stdio_output@@AEAA_ND@Z 000000018000c990 f i libucrt:output.obj
 0001:0000ba44       ?type_case_c_tchar@?$output_processor@_WV?$string_output_adapter@_W@__crt_stdio_output@@V?$standard_base@_WV?$string_output_adapter@_W@__crt_stdio_output@@@2@@__crt_stdio_output@@AEAA_N_W@Z 000000018000ca44 f i libucrt:output.obj
 0001:0000ba44       ?type_case_c_tchar@?$output_processor@_WV?$stream_output_adapter@_W@__crt_stdio_output@@V?$standard_base@_WV?$stream_output_adapter@_W@__crt_stdio_output@@@2@@__crt_stdio_output@@AEAA_N_W@Z 000000018000ca44 f i libucrt:output.obj
 0001:0000baec       ?type_case_integer@?$output_processor@DV?$string_output_adapter@D@__crt_stdio_output@@V?$format_validation_base@DV?$string_output_adapter@D@__crt_stdio_output@@@2@@__crt_stdio_output@@AEAA_NI_N@Z 000000018000caec f i libucrt:output.obj
 0001:0000baec       ?type_case_integer@?$output_processor@_WV?$string_output_adapter@_W@__crt_stdio_output@@V?$standard_base@_WV?$string_output_adapter@_W@__crt_stdio_output@@@2@@__crt_stdio_output@@AEAA_NI_N@Z 000000018000caec f i libucrt:output.obj
 0001:0000baec       ?type_case_integer@?$output_processor@_WV?$stream_output_adapter@_W@__crt_stdio_output@@V?$standard_base@_WV?$stream_output_adapter@_W@__crt_stdio_output@@@2@@__crt_stdio_output@@AEAA_NI_N@Z 000000018000caec f i libucrt:output.obj
 0001:0000bc8c       ?type_case_n@?$output_processor@_WV?$string_output_adapter@_W@__crt_stdio_output@@V?$standard_base@_WV?$string_output_adapter@_W@__crt_stdio_output@@@2@@__crt_stdio_output@@AEAA_NXZ 000000018000cc8c f i libucrt:output.obj
 0001:0000bc8c       ?type_case_n@?$output_processor@_WV?$stream_output_adapter@_W@__crt_stdio_output@@V?$standard_base@_WV?$stream_output_adapter@_W@__crt_stdio_output@@@2@@__crt_stdio_output@@AEAA_NXZ 000000018000cc8c f i libucrt:output.obj
 0001:0000bc8c       ?type_case_n@?$output_processor@DV?$string_output_adapter@D@__crt_stdio_output@@V?$format_validation_base@DV?$string_output_adapter@D@__crt_stdio_output@@@2@@__crt_stdio_output@@AEAA_NXZ 000000018000cc8c f i libucrt:output.obj
 0001:0000bd68       ?type_case_s@?$output_processor@DV?$string_output_adapter@D@__crt_stdio_output@@V?$format_validation_base@DV?$string_output_adapter@D@__crt_stdio_output@@@2@@__crt_stdio_output@@AEAA_NXZ 000000018000cd68 f i libucrt:output.obj
 0001:0000bdf8       ?type_case_s@?$output_processor@_WV?$stream_output_adapter@_W@__crt_stdio_output@@V?$standard_base@_WV?$stream_output_adapter@_W@__crt_stdio_output@@@2@@__crt_stdio_output@@AEAA_NXZ 000000018000cdf8 f i libucrt:output.obj
 0001:0000bdf8       ?type_case_s@?$output_processor@_WV?$string_output_adapter@_W@__crt_stdio_output@@V?$standard_base@_WV?$string_output_adapter@_W@__crt_stdio_output@@@2@@__crt_stdio_output@@AEAA_NXZ 000000018000cdf8 f i libucrt:output.obj
 0001:0000bec0       ?write_stored_string_tchar@?$output_processor@DV?$string_output_adapter@D@__crt_stdio_output@@V?$format_validation_base@DV?$string_output_adapter@D@__crt_stdio_output@@@2@@__crt_stdio_output@@AEAA_ND@Z 000000018000cec0 f i libucrt:output.obj
 0001:0000bf98       ?write_stored_string_tchar@?$output_processor@_WV?$stream_output_adapter@_W@__crt_stdio_output@@V?$standard_base@_WV?$stream_output_adapter@_W@__crt_stdio_output@@@2@@__crt_stdio_output@@AEAA_N_W@Z 000000018000cf98 f i libucrt:output.obj
 0001:0000c084       ?write_stored_string_tchar@?$output_processor@_WV?$string_output_adapter@_W@__crt_stdio_output@@V?$standard_base@_WV?$string_output_adapter@_W@__crt_stdio_output@@@2@@__crt_stdio_output@@AEAA_N_W@Z 000000018000d084 f i libucrt:output.obj
 0001:0000c174       ?write_string@?$stream_output_adapter@_W@__crt_stdio_output@@QEBAXQEB_WHQEAH1@Z 000000018000d174 f i libucrt:output.obj
 0001:0000c280       ?write_string@?$string_output_adapter@D@__crt_stdio_output@@QEBAXQEBDHQEAH1@Z 000000018000d280 f i libucrt:output.obj
 0001:0000c33c       ?write_string@?$string_output_adapter@_W@__crt_stdio_output@@QEBAXQEB_WHQEAH1@Z 000000018000d33c f i libucrt:output.obj
 0001:0000c3fc       __stdio_common_vfwprintf   000000018000d3fc f   libucrt:output.obj
 0001:0000c488       __stdio_common_vsnprintf_s 000000018000d488 f   libucrt:output.obj
 0001:0000c5e4       __stdio_common_vswprintf   000000018000d5e4 f   libucrt:output.obj
 0001:0000c830       strncpy                    000000018000d830 f   libucrt:strncpy.obj
 0001:0000c994       __acrt_initialize_new_handler 000000018000d994 f   libucrt:new_handler.obj
 0001:0000c99c       _callnewh                  000000018000d99c f   libucrt:new_handler.obj
 0001:0000c9dc       _query_new_handler         000000018000d9dc f   libucrt:new_handler.obj
 0001:0000ca10       _seh_filter_dll            000000018000da10 f   libucrt:exception_filter.obj
 0001:0000ca24       _seh_filter_exe            000000018000da24 f   libucrt:exception_filter.obj
 0001:0000cde4       __acrt_initialize_thread_local_exit_callback 000000018000dde4 f   libucrt:exit.obj
 0001:0000cdec       _cexit                     000000018000ddec f   libucrt:exit.obj
 0001:0000cdfc       _exit                      000000018000ddfc f   libucrt:exit.obj
 0001:0000ce08       _is_c_termination_complete 000000018000de08 f   libucrt:exit.obj
 0001:0000cfcc       __acrt_allocate_buffer_for_argv 000000018000dfcc f   libucrt:argv_parsing.obj
 0001:0000d030       _configure_narrow_argv     000000018000e030 f   libucrt:argv_parsing.obj
 0001:0000d38c       __dcrt_uninitialize_environments_nolock 000000018000e38c f   libucrt:environment_initialization.obj
 0001:0000d3c4       _initialize_narrow_environment 000000018000e3c4 f   libucrt:environment_initialization.obj
 0001:0000d3cc       ??$?RV<lambda_b8c45f8f788dd370798f47cfe8ac3a86>@@AEAV<lambda_4e60a939b0d047cfe11ddc22648dfba9>@@V<lambda_332c3edc96d0294ec56c57d38c1cdfd5>@@@?$__crt_seh_guarded_call@H@@QEAAH$$QEAV<lambda_b8c45f8f788dd370798f47cfe8ac3a86>@@AEAV<lambda_4e60a939b0d047cfe11ddc22648dfba9>@@$$QEAV<lambda_332c3edc96d0294ec56c57d38c1cdfd5>@@@Z 000000018000e3cc f i libucrt:onexit.obj
 0001:0000d408       ??$?RV<lambda_e24bbb7b643b32fcea6fa61b31d4c984>@@AEAV<lambda_275893d493268fdec8709772e3fcec0e>@@V<lambda_9d71df4d7cf3f480f8d633942495c3b0>@@@?$__crt_seh_guarded_call@H@@QEAAH$$QEAV<lambda_e24bbb7b643b32fcea6fa61b31d4c984>@@AEAV<lambda_275893d493268fdec8709772e3fcec0e>@@$$QEAV<lambda_9d71df4d7cf3f480f8d633942495c3b0>@@@Z 000000018000e408 f i libucrt:onexit.obj
 0001:0000d784       _crt_atexit                000000018000e784 f   libucrt:onexit.obj
 0001:0000d794       _execute_onexit_table      000000018000e794 f   libucrt:onexit.obj
 0001:0000d7d0       _initialize_onexit_table   000000018000e7d0 f   libucrt:onexit.obj
 0001:0000d810       _register_onexit_function  000000018000e810 f   libucrt:onexit.obj
 0001:0000d8a0       __acrt_uninitialize_command_line 000000018000e8a0 f   libucrt:argv_data.obj
 0001:0000d990       __acrt_initialize          000000018000e990 f   libucrt:initialization.obj
 0001:0000d9a4       __acrt_thread_attach       000000018000e9a4 f   libucrt:initialization.obj
 0001:0000d9b8       __acrt_thread_detach       000000018000e9b8 f   libucrt:initialization.obj
 0001:0000d9c8       __acrt_uninitialize        000000018000e9c8 f   libucrt:initialization.obj
 0001:0000d9dc       __acrt_uninitialize_critical 000000018000e9dc f   libucrt:initialization.obj
 0001:0000d9ec       _initterm                  000000018000e9ec f   libucrt:initterm.obj
 0001:0000da64       _initterm_e                000000018000ea64 f   libucrt:initterm.obj
 0001:0000dab0       terminate                  000000018000eab0 f   libucrt:terminate.obj
 0001:0000dad8       __ascii_strnicmp           000000018000ead8 f   libucrt:strnicmp.obj
 0001:0000db20       _strnicmp                  000000018000eb20 f   libucrt:strnicmp.obj
 0001:0000db20       strnicmp                   000000018000eb20 f   libucrt:strnicmp.obj
 0001:0000db70       _strnicmp_l                000000018000eb70 f   libucrt:strnicmp.obj
 0001:0000dc4c       _strdup                    000000018000ec4c f   libucrt:strdup.obj
 0001:0000dc4c       strdup                     000000018000ec4c f   libucrt:strdup.obj
 0001:0000dcc4       strcpy_s                   000000018000ecc4 f   libucrt:strcpy_s.obj
 0001:0000dd24       _free_base                 000000018000ed24 f   libucrt:free_base.obj
 0001:0000dd64       _malloc_base               000000018000ed64 f   libucrt:malloc_base.obj
 0001:0000ddc4       abort                      000000018000edc4 f   libucrt:abort.obj
 0001:0000de1c       _calloc_base               000000018000ee1c f   libucrt:calloc_base.obj
 0001:0000de94       ??$is_overflow_condition@K@__crt_strtox@@YA_NIK@Z 000000018000ee94 f i libucrt:atox.obj
 0001:0000dec0       ??$parse_integer@KV?$c_string_character_source@D@__crt_strtox@@@__crt_strtox@@YAKQEAU__crt_locale_pointers@@V?$c_string_character_source@D@0@H_N@Z 000000018000eec0 f i libucrt:atox.obj
 0001:0000e1d4       ??$parse_integer@KV?$c_string_character_source@_W@__crt_strtox@@@__crt_strtox@@YAKQEAU__crt_locale_pointers@@V?$c_string_character_source@_W@0@H_N@Z 000000018000f1d4 f i libucrt:atox.obj
 0001:0000e8a8       _query_app_type            000000018000f8a8 f   libucrt:report_runtime_error.obj
 0001:0000e8b0       __acrt_errno_from_os_error 000000018000f8b0 f   libucrt:errno.obj
 0001:0000e8f8       __acrt_errno_map_os_error  000000018000f8f8 f   libucrt:errno.obj
 0001:0000e948       __doserrno                 000000018000f948 f   libucrt:errno.obj
 0001:0000e968       _errno                     000000018000f968 f   libucrt:errno.obj
 0001:0000eab0       _itow_s                    000000018000fab0 f   libucrt:xtoa.obj
 0001:0000ead0       _set_error_mode            000000018000fad0 f   libucrt:set_error_mode.obj
 0001:0000eb10       wcscat_s                   000000018000fb10 f   libucrt:wcscat_s.obj
 0001:0000eb90       wcscpy_s                   000000018000fb90 f   libucrt:wcscpy_s.obj
 0001:0000ebf8       wcsncat_s                  000000018000fbf8 f   libucrt:wcsncat_s.obj
 0001:0000ed20       __acrt_show_wide_message_box 000000018000fd20 f   libucrt:crtmbox.obj
 0001:0000ee3c       __acrt_initialize_stdio    000000018000fe3c f   libucrt:_file.obj
 0001:0000ef5c       __acrt_iob_func            000000018000ff5c f   libucrt:_file.obj
 0001:0000ef70       __acrt_uninitialize_stdio  000000018000ff70 f   libucrt:_file.obj
 0001:0000efcc       _lock_file                 000000018000ffcc f   libucrt:_file.obj
 0001:0000efd8       _unlock_file               000000018000ffd8 f   libucrt:_file.obj
 0001:0000efe4       __acrt_stdio_flush_nolock  000000018000ffe4 f   libucrt:fflush.obj
 0001:0000f05c       _fflush_nolock             000000018001005c f   libucrt:fflush.obj
 0001:0000f0a8       _flushall                  00000001800100a8 f   libucrt:fflush.obj
 0001:0000f198       fflush                     0000000180010198 f   libucrt:fflush.obj
 0001:0000f1dc       ??$?RV<lambda_7a5ef57ff966f610505f1d28a3d40618>@@AEAV<lambda_b721fa326cdb32351d23dfa67958c160>@@V<lambda_5e0fb27672408a07956fe59e48ccb2aa>@@@?$__crt_seh_guarded_call@H@@QEAAH$$QEAV<lambda_7a5ef57ff966f610505f1d28a3d40618>@@AEAV<lambda_b721fa326cdb32351d23dfa67958c160>@@$$QEAV<lambda_5e0fb27672408a07956fe59e48ccb2aa>@@@Z 00000001800101dc f i libucrt:setvbuf.obj
 0001:0000f30c       setvbuf                    000000018001030c f   libucrt:setvbuf.obj
 0001:0000f3ac       ??$?RV<lambda_c36588078e9f5dfd39652860aa6b3aaf>@@AEAV<lambda_ec61778202f4f5fc7e7711acc23c3bca>@@V<lambda_dc9d2797ccde5d239b4a0efae8ebd7db>@@@?$__crt_seh_guarded_call@P6AXH@Z@@QEAAP6AXH@Z$$QEAV<lambda_c36588078e9f5dfd39652860aa6b3aaf>@@AEAV<lambda_ec61778202f4f5fc7e7711acc23c3bca>@@$$QEAV<lambda_dc9d2797ccde5d239b4a0efae8ebd7db>@@@Z 00000001800103ac f i libucrt:signal.obj
 0001:0000f3f4       __acrt_get_sigabrt_handler 00000001800103f4 f   libucrt:signal.obj
 0001:0000f424       __acrt_initialize_signal_handlers 0000000180010424 f   libucrt:signal.obj
 0001:0000f444       raise                      0000000180010444 f   libucrt:signal.obj
 0001:0000f6e0       ??$?RV<lambda_46352004c1216016012b18bd6f87e700>@@AEAV<lambda_3bd07e1a1191394380780325891bf33f>@@V<lambda_334532d3f185bcaa59b5be82d7d22bff>@@@?$__crt_seh_guarded_call@X@@QEAAX$$QEAV<lambda_46352004c1216016012b18bd6f87e700>@@AEAV<lambda_3bd07e1a1191394380780325891bf33f>@@$$QEAV<lambda_334532d3f185bcaa59b5be82d7d22bff>@@@Z 00000001800106e0 f i libucrt:per_thread_data.obj
 0001:0000f740       ??$?RV<lambda_5e887d1dcbef67a5eb4283622ba103bf>@@AEAV<lambda_4466841279450cc726390878d4a41900>@@V<lambda_341c25c0346d94847f1f3c463c57e077>@@@?$__crt_seh_guarded_call@X@@QEAAX$$QEAV<lambda_5e887d1dcbef67a5eb4283622ba103bf>@@AEAV<lambda_4466841279450cc726390878d4a41900>@@$$QEAV<lambda_341c25c0346d94847f1f3c463c57e077>@@@Z 0000000180010740 f i libucrt:per_thread_data.obj
 0001:0000f788       ??$?RV<lambda_72d1df2b273a38828b1ce30cbf4cdab5>@@AEAV<lambda_876a65b173b8412d3a47c70a915b0cf4>@@V<lambda_41932305e351933ebe8f8be3ed8bb5dc>@@@?$__crt_seh_guarded_call@X@@QEAAX$$QEAV<lambda_72d1df2b273a38828b1ce30cbf4cdab5>@@AEAV<lambda_876a65b173b8412d3a47c70a915b0cf4>@@$$QEAV<lambda_41932305e351933ebe8f8be3ed8bb5dc>@@@Z 0000000180010788 f i libucrt:per_thread_data.obj
 0001:0000f7c8       ??$?RV<lambda_fb3a7dec4e47f37f22dae91bb15c9095>@@AEAV<lambda_698284760c8add0bfb0756c19673e34b>@@V<lambda_dfb8eca1e75fef3034a8fb18dd509707>@@@?$__crt_seh_guarded_call@X@@QEAAX$$QEAV<lambda_fb3a7dec4e47f37f22dae91bb15c9095>@@AEAV<lambda_698284760c8add0bfb0756c19673e34b>@@$$QEAV<lambda_dfb8eca1e75fef3034a8fb18dd509707>@@@Z 00000001800107c8 f i libucrt:per_thread_data.obj
 0001:0000fa58       __acrt_freeptd             0000000180010a58 f   libucrt:per_thread_data.obj
 0001:0000fa9c       __acrt_getptd              0000000180010a9c f   libucrt:per_thread_data.obj
 0001:0000fb30       __acrt_getptd_noexit       0000000180010b30 f   libucrt:per_thread_data.obj
 0001:0000fbd0       __acrt_initialize_ptd      0000000180010bd0 f   libucrt:per_thread_data.obj
 0001:0000fc0c       __acrt_uninitialize_ptd    0000000180010c0c f   libucrt:per_thread_data.obj
 0001:0000fc30       isdigit                    0000000180010c30 f i libucrt:_ctype.obj
 0001:0000fcf4       _tolower_l                 0000000180010cf4 f   libucrt:tolower_toupper.obj
 0001:0000fe34       tolower                    0000000180010e34 f   libucrt:tolower_toupper.obj
 0001:0000fe60       ??$make_c_string_character_source@_WPEAPEA_W@__crt_strtox@@YA?AV?$c_string_character_source@_W@0@QEB_WQEAPEA_W@Z 0000000180010e60 f i libucrt:strtox.obj
 0001:0000fe60       ??$make_c_string_character_source@DPEAPEAD@__crt_strtox@@YA?AV?$c_string_character_source@D@0@QEBDQEAPEAD@Z 0000000180010e60 f i libucrt:strtox.obj
 0001:0000fe74       strtol                     0000000180010e74 f   libucrt:strtox.obj
 0001:0000fea4       wcstol                     0000000180010ea4 f   libucrt:strtox.obj
 0001:0000fed4       _mbtowc_l                  0000000180010ed4 f   libucrt:mbtowc.obj
 0001:0001001c       mbtowc                     000000018001101c f   libucrt:mbtowc.obj
 0001:00010024       _wctomb_s_l                0000000180011024 f   libucrt:wctomb.obj
 0001:000101a8       wctomb_s                   00000001800111a8 f   libucrt:wctomb.obj
 0001:000101bc       strnlen                    00000001800111bc f   libucrt:strnlen.obj
 0001:00010318       wcsnlen                    0000000180011318 f   libucrt:strnlen.obj
 0001:00010508       __acrt_update_locale_info  0000000180011508 f   libucrt:locale_update.obj
 0001:0001053c       __acrt_update_multibyte_info 000000018001153c f   libucrt:locale_update.obj
 0001:00010570       ?__acrt_fp_classify@@YA?AW4__acrt_fp_class@@AEBN@Z 0000000180011570 f i libucrt:cvt.obj
 0001:00010fa8       __acrt_fp_format           0000000180011fa8 f   libucrt:cvt.obj
 0001:000111ec       _fputwc_nolock             00000001800121ec f   libucrt:fputwc.obj
 0001:00011368       _fileno                    0000000180012368 f   libucrt:fileno.obj
 0001:00011390       _fputc_nolock              0000000180012390 f   libucrt:fputc.obj
 0001:000113a8       _get_printf_count_output   00000001800123a8 f   libucrt:printf_count_output.obj
 0001:000113c0       __acrt_stdio_begin_temporary_buffering_nolock 00000001800123c0 f   libucrt:_sftbuf.obj
 0001:00011490       __acrt_stdio_end_temporary_buffering_nolock 0000000180012490 f   libucrt:_sftbuf.obj
 0001:000114cc       __acrt_set_locale_changed  00000001800124cc f   libucrt:wsetlocale.obj
 0001:000114d8       __acrt_uninitialize_locale 00000001800124d8 f   libucrt:wsetlocale.obj
 0001:00011708       __acrt_initialize_lowio    0000000180012708 f   libucrt:ioinit.obj
 0001:00011744       __acrt_uninitialize_lowio  0000000180012744 f   libucrt:ioinit.obj
 0001:00011784       __acrt_initialize_locks    0000000180012784 f   libucrt:locks.obj
 0001:000117cc       __acrt_lock                00000001800127cc f   libucrt:locks.obj
 0001:000117e8       __acrt_uninitialize_locks  00000001800127e8 f   libucrt:locks.obj
 0001:00011820       __acrt_unlock              0000000180012820 f   libucrt:locks.obj
 0001:000119dc       __acrt_FlsAlloc            00000001800129dc f   libucrt:winapi_thunks.obj
 0001:00011a34       __acrt_FlsFree             0000000180012a34 f   libucrt:winapi_thunks.obj
 0001:00011a8c       __acrt_FlsGetValue         0000000180012a8c f   libucrt:winapi_thunks.obj
 0001:00011ae4       __acrt_FlsSetValue         0000000180012ae4 f   libucrt:winapi_thunks.obj
 0001:00011b4c       __acrt_InitializeCriticalSectionEx 0000000180012b4c f   libucrt:winapi_thunks.obj
 0001:00011bc4       __acrt_LCMapStringEx       0000000180012bc4 f   libucrt:winapi_thunks.obj
 0001:00011cb4       __acrt_LocaleNameToLCID    0000000180012cb4 f   libucrt:winapi_thunks.obj
 0001:00011d1c       __acrt_MessageBoxW         0000000180012d1c f   libucrt:winapi_thunks.obj
 0001:00011da4       __acrt_can_show_message_box 0000000180012da4 f   libucrt:winapi_thunks.obj
 0001:00011e00       __acrt_get_parent_window   0000000180012e00 f   libucrt:winapi_thunks.obj
 0001:00011e90       __acrt_initialize_winapi_thunks 0000000180012e90 f   libucrt:winapi_thunks.obj
 0001:00011ec8       __acrt_is_interactive      0000000180012ec8 f   libucrt:winapi_thunks.obj
 0001:00011f9c       __acrt_is_packaged_app     0000000180012f9c f   libucrt:winapi_thunks.obj
 0001:00012024       __acrt_uninitialize_winapi_thunks 0000000180013024 f   libucrt:winapi_thunks.obj
 0001:00012544       ?expand_if_necessary@?$argument_list@D@?A0xca0879c4@@AEAAHXZ 0000000180013544 f i libucrt:argv_wildcards.obj
 0001:0001260c       __acrt_expand_narrow_argv_wildcards 000000018001360c f   libucrt:argv_wildcards.obj
 0001:00012614       ??$?RV<lambda_99476a1ad63dd22509b5d3e65b0ffc95>@@AEAV<lambda_ad1ced32f4ac17aa236e5ef05d6b3b7c>@@V<lambda_f7424dd8d45958661754dc4f2697e9c3>@@@?$__crt_seh_guarded_call@X@@QEAAX$$QEAV<lambda_99476a1ad63dd22509b5d3e65b0ffc95>@@AEAV<lambda_ad1ced32f4ac17aa236e5ef05d6b3b7c>@@$$QEAV<lambda_f7424dd8d45958661754dc4f2697e9c3>@@@Z 0000000180013614 f i libucrt:mbctype.obj
 0001:00012d10       __acrt_initialize_multibyte 0000000180013d10 f   libucrt:mbctype.obj
 0001:00012d38       __acrt_update_thread_multibyte_data 0000000180013d38 f   libucrt:mbctype.obj
 0001:00012df8       _setmbcp_nolock            0000000180013df8 f   libucrt:mbctype.obj
 0001:00013118       _ismbblead                 0000000180014118 f   libucrt:ismbbyte.obj
 0001:0001312c       __acrt_initialize_command_line 000000018001412c f   libucrt:argv_data.obj
 0001:00013154       __dcrt_get_narrow_environment_from_os 0000000180014154 f   libucrt:get_environment_from_os.obj
 0001:00013258       _recalloc                  0000000180014258 f   libucrt:recalloc.obj
 0001:00013260       _recalloc_base             0000000180014260 f   libucrt:recalloc.obj
 0001:000132f8       __acrt_initialize_heap     00000001800142f8 f   libucrt:heap_handle.obj
 0001:00013314       __acrt_uninitialize_heap   0000000180014314 f   libucrt:heap_handle.obj
 0001:00013320       __acrt_execute_initializers 0000000180014320 f   libucrt:shared_initialization.obj
 0001:000133b4       __acrt_execute_uninitializers 00000001800143b4 f   libucrt:shared_initialization.obj
 0001:00013404       __acrt_has_user_matherr    0000000180014404 f   libucrt:matherr.obj
 0001:00013424       __acrt_initialize_user_matherr 0000000180014424 f   libucrt:matherr.obj
 0001:0001342c       __acrt_invoke_user_matherr 000000018001442c f   libucrt:matherr.obj
 0001:00013474       _query_new_mode            0000000180014474 f   libucrt:new_mode.obj
 0001:0001347c       __pctype_func              000000018001447c f   libucrt:ctype.obj
 0001:000134ac       iswctype                   00000001800144ac f   libucrt:iswctype.obj
 0001:0001351c       _isctype_l                 000000018001451c f   libucrt:isctype.obj
 0001:0001362c       _fcloseall                 000000018001462c f   libucrt:closeall.obj
 0001:000136e0       __acrt_stdio_free_buffer_nolock 00000001800146e0 f   libucrt:_freebuf.obj
 0001:00013720       ??$?RV<lambda_b521505b218e5242e90febf6bfebc422>@@AEAV<lambda_6978c1fb23f02e42e1d9e99668cc68aa>@@V<lambda_314360699dd331753a4119843814e9a7>@@@?$__crt_seh_guarded_call@H@@QEAAH$$QEAV<lambda_b521505b218e5242e90febf6bfebc422>@@AEAV<lambda_6978c1fb23f02e42e1d9e99668cc68aa>@@$$QEAV<lambda_314360699dd331753a4119843814e9a7>@@@Z 0000000180014720 f i libucrt:commit.obj
 0001:000137ac       _commit                    00000001800147ac f   libucrt:commit.obj
 0001:00013de0       _write                     0000000180014de0 f   libucrt:write.obj
 0001:00013ecc       _write_nolock              0000000180014ecc f   libucrt:write.obj
 0001:000141b0       __acrt_add_locale_ref      00000001800151b0 f   libucrt:locale_refcounting.obj
 0001:0001423c       __acrt_free_locale         000000018001523c f   libucrt:locale_refcounting.obj
 0001:000143b4       __acrt_locale_add_lc_time_reference 00000001800153b4 f   libucrt:locale_refcounting.obj
 0001:000143dc       __acrt_locale_free_lc_time_if_unreferenced 00000001800153dc f   libucrt:locale_refcounting.obj
 0001:00014414       __acrt_locale_release_lc_time_reference 0000000180015414 f   libucrt:locale_refcounting.obj
 0001:0001443c       __acrt_release_locale_ref  000000018001543c f   libucrt:locale_refcounting.obj
 0001:000144e4       __acrt_update_thread_locale_data 00000001800154e4 f   libucrt:locale_refcounting.obj
 0001:00014554       _updatetlocinfoEx_nolock   0000000180015554 f   libucrt:locale_refcounting.obj
 0001:000145bc       _isleadbyte_l              00000001800155bc f i libucrt:_wctype.obj
 0001:00014958       __acrt_LCMapStringA        0000000180015958 f   libucrt:lcmapstringa.obj
 0001:000149f0       __acrt_fp_strflt_to_string 00000001800159f0 f   libucrt:_fptostr.obj
 0001:00014ab0       ?divide@__crt_strtox@@YA_KAEAUbig_integer@1@AEBU21@@Z 0000000180015ab0 f i libucrt:cfout.obj
 0001:00014f80       __acrt_fltout              0000000180015f80 f   libucrt:cfout.obj
 0001:00016584       __acrt_stdio_flush_and_write_narrow_nolock 0000000180017584 f   libucrt:_flsbuf.obj
 0001:0001666c       __acrt_stdio_flush_and_write_wide_nolock 000000018001766c f   libucrt:_flsbuf.obj
 0001:00016758       _isatty                    0000000180017758 f   libucrt:isatty.obj
 0001:000167b8       __acrt_locale_free_monetary 00000001800177b8 f   libucrt:initmon.obj
 0001:000168c4       __acrt_locale_free_numeric 00000001800178c4 f   libucrt:initnum.obj
 0001:00016988       __acrt_locale_free_time    0000000180017988 f   libucrt:inittime.obj
 0001:00016a90       __acrt_GetStringTypeA      0000000180017a90 f   libucrt:getstringtypea.obj
 0001:00016c44       __acrt_lowio_create_handle_array 0000000180017c44 f   libucrt:osfinfo.obj
 0001:00016cdc       __acrt_lowio_destroy_handle_array 0000000180017cdc f   libucrt:osfinfo.obj
 0001:00016d2c       __acrt_lowio_ensure_fh_exists 0000000180017d2c f   libucrt:osfinfo.obj
 0001:00016de4       __acrt_lowio_lock_fh       0000000180017de4 f   libucrt:osfinfo.obj
 0001:00016e08       __acrt_lowio_unlock_fh     0000000180017e08 f   libucrt:osfinfo.obj
 0001:00016e2c       _free_osfhnd               0000000180017e2c f   libucrt:osfinfo.obj
 0001:00016ee8       _get_osfhandle             0000000180017ee8 f   libucrt:osfinfo.obj
 0001:00017028       __acrt_DownlevelLocaleNameToLCID 0000000180018028 f   libucrt:lcidtoname_downlevel.obj
 0001:00017130       qsort                      0000000180018130 f   libucrt:qsort.obj
 0001:00017464       strpbrk                    0000000180018464 f   libucrt:strpbrk.obj
 0001:00017504       _mbsdec                    0000000180018504 f   libucrt:mbsdec.obj
 0001:0001750c       _mbsdec_l                  000000018001850c f   libucrt:mbsdec.obj
 0001:000175bc       _msize                     00000001800185bc f   libucrt:msize.obj
 0001:000175f8       _realloc_base              00000001800185f8 f   libucrt:realloc_base.obj
 0001:0001767c       _fclose_nolock             000000018001867c f   libucrt:fclose.obj
 0001:00017700       fclose                     0000000180018700 f   libucrt:fclose.obj
 0001:000178f8       _lseeki64                  00000001800188f8 f   libucrt:lseek.obj
 0001:00017900       _lseeki64_nolock           0000000180018900 f   libucrt:lseek.obj
 0001:00017908       _putwch_nolock             0000000180018908 f   libucrt:putwch.obj
 0001:00017964       __strncnt                  0000000180018964 f   libucrt:strncnt.obj
 0001:0001797c       fegetenv                   000000018001897c f   libucrt:fegetenv.obj
 0001:0001799c       fesetenv                   000000018001899c f   libucrt:fesetenv.obj
 0001:000179e8       feholdexcept               00000001800189e8 f   libucrt:feholdexcept.obj
 0001:00017a38       ceil                       0000000180018a38 f   libucrt:ceil.obj
 0001:00017b00       log10                      0000000180018b00 f   libucrt:log10.obj
 0001:000180ac       __acrt_stdio_allocate_buffer_nolock 00000001800190ac f   libucrt:_getbuf.obj
 0001:00018110       ??$?RV<lambda_bfedae4ebbf01fab1bb6dcc6a9e276e0>@@AEAV<lambda_2fe9b910cf3cbf4a0ab98a02ba45b3ec>@@V<lambda_237c231691f317818eb88cc1d5d642d6>@@@?$__crt_seh_guarded_call@H@@QEAAH$$QEAV<lambda_bfedae4ebbf01fab1bb6dcc6a9e276e0>@@AEAV<lambda_2fe9b910cf3cbf4a0ab98a02ba45b3ec>@@$$QEAV<lambda_237c231691f317818eb88cc1d5d642d6>@@@Z 0000000180019110 f i libucrt:close.obj
 0001:00018184       _close                     0000000180019184 f   libucrt:close.obj
 0001:00018228       _close_nolock              0000000180019228 f   libucrt:close.obj
 0001:000182e4       ?__acrt_stdio_free_stream@@YAXV__crt_stdio_stream@@@Z 00000001800192e4 f   libucrt:stream.obj
 0001:00018328       __dcrt_lowio_initialize_console_output 0000000180019328 f   libucrt:initcon.obj
 0001:00018364       __dcrt_terminate_console_output 0000000180019364 f   libucrt:initcon.obj
 0001:00018384       _getfpcontrolword          0000000180019384 f   libucrt:_fenvutils.obj
 0001:0001839c       _getfpstatusword           000000018001939c f   libucrt:_fenvutils.obj
 0001:000183b0       _setfpcontrolword          00000001800193b0 f   libucrt:_fenvutils.obj
 0001:000183bc       _setfpstatusword           00000001800193bc f   libucrt:_fenvutils.obj
 0001:0001840c       _clearfp                   000000018001940c f   libucrt:ieee.obj
 0001:00018460       _controlfp                 0000000180019460 f   libucrt:ieee.obj
 0001:0001846c       _statusfp                  000000018001946c f   libucrt:ieee.obj
 0001:00018870       _handle_error              0000000180019870 f   libucrt:libm_error.obj
 0001:00018998       _handle_nan                0000000180019998 f   libucrt:libm_error.obj
 0001:000189c0       __acrt_initialize_fma3     00000001800199c0 f   libucrt:fma3_available.obj
 0001:00018a30       _log10_special             0000000180019a30 f   libucrt:log_special.obj
 0001:00018b00       _get_fpsr                  0000000180019b00 f   libucrt:fpsr.obj
 0001:00018b10       _set_fpsr                  0000000180019b10 f   libucrt:fpsr.obj
 0001:00018b1a       _fclrf                     0000000180019b1a f   libucrt:fpsr.obj
 0001:00018b2e       _frnd                      0000000180019b2e f   libucrt:fpsr.obj
 0001:00018b50       _raise_exc                 0000000180019b50 f   libucrt:fpexcept.obj
 0001:00018b78       _raise_exc_ex              0000000180019b78 f   libucrt:fpexcept.obj
 0001:00018e80       _set_errno_from_matherr    0000000180019e80 f   libucrt:fpexcept.obj
 0001:00018eb0       _clrfp                     0000000180019eb0 f   libucrt:fpctrl.obj
 0001:00018ed0       _ctrlfp                    0000000180019ed0 f   libucrt:fpctrl.obj
 0001:00018f4c       _set_statfp                0000000180019f4c f   libucrt:fpctrl.obj
 0001:00018f6c       _statfp                    0000000180019f6c f   libucrt:fpctrl.obj
 0001:00018f7e       IsProcessorFeaturePresent  0000000180019f7e f   kernel32:KERNEL32.dll
 0001:00018f84       RtlUnwindEx                0000000180019f84 f   kernel32:KERNEL32.dll
 0001:00018f90       _FindPESection             0000000180019f90 f   LIBCMT:pesect.obj
 0001:00018fe0       _IsNonwritableInCurrentImage 0000000180019fe0 f   LIBCMT:pesect.obj
 0001:00019030       _ValidateImageBase         000000018001a030 f   LIBCMT:pesect.obj
 0001:00019060       __GSHandlerCheck           000000018001a060 f   LIBCMT:_gshandler_.obj
 0001:00019080       __GSHandlerCheckCommon     000000018001a080 f   LIBCMT:_gshandler_.obj
 0001:000190f0       _alloca_probe              000000018001a0f0 f   LIBCMT:_chkstk_.obj
 0001:000190f0       __chkstk                   000000018001a0f0 f   LIBCMT:_chkstk_.obj
 0001:00019144       strrchr                    000000018001a144 f   libvcruntime:strrchr.obj
 0001:000192a0       memcmp                     000000018001a2a0 f   libvcruntime:memcmp.obj
 0001:00019368       __GSHandlerCheck_EH        000000018001a368 f   LIBCMT:gshandlereh.obj
 0001:000193e8       ?_ExecutionInCatch@@YAHPEAU_xDISPATCHER_CONTEXT@@PEBU_s_FuncInfo@@@Z 000000018001a3e8 f   libvcruntime:trnsctrl.obj
 0001:0001945c       ?_GetEstablisherFrame@@YAPEA_KPEA_KPEAU_xDISPATCHER_CONTEXT@@PEBU_s_FuncInfo@@0@Z 000000018001a45c f   libvcruntime:trnsctrl.obj
 0001:00019528       ?_GetRangeOfTrysToCheck@@YAPEBU_s_TryBlockMapEntry@@PEA_KPEBU_s_FuncInfo@@HHPEAI2PEAU_xDISPATCHER_CONTEXT@@@Z 000000018001a528 f   libvcruntime:trnsctrl.obj
 0001:00019654       ?__FrameUnwindToEmptyState@@YAXPEA_KPEAU_xDISPATCHER_CONTEXT@@PEBU_s_FuncInfo@@@Z 000000018001a654 f   libvcruntime:trnsctrl.obj
 0001:000196e8       ?__SehTransFilter@@YAHPEAU_EXCEPTION_POINTERS@@PEAUEHExceptionRecord@@PEA_KPEAU_CONTEXT@@PEAU_xDISPATCHER_CONTEXT@@PEBU_s_FuncInfo@@PEAH@Z 000000018001a6e8 f   libvcruntime:trnsctrl.obj
 0001:00019780       _CallSETranslator          000000018001a780 f   libvcruntime:trnsctrl.obj
 0001:000197d8       _CreateFrameInfo           000000018001a7d8 f   libvcruntime:trnsctrl.obj
 0001:00019814       _FindAndUnlinkFrame        000000018001a814 f   libvcruntime:trnsctrl.obj
 0001:0001986c       _GetImageBase              000000018001a86c f   libvcruntime:trnsctrl.obj
 0001:00019880       _GetThrowImageBase         000000018001a880 f   libvcruntime:trnsctrl.obj
 0001:00019894       _IsExceptionObjectToBeDestroyed 000000018001a894 f   libvcruntime:trnsctrl.obj
 0001:000198c4       _SetImageBase              000000018001a8c4 f   libvcruntime:trnsctrl.obj
 0001:000198dc       _SetThrowImageBase         000000018001a8dc f   libvcruntime:trnsctrl.obj
 0001:000198f4       _UnwindNestedFrames        000000018001a8f4 f   libvcruntime:trnsctrl.obj
 0001:00019a18       __CxxFrameHandler3         000000018001aa18 f   libvcruntime:trnsctrl.obj
 0001:00019a98       ?__GetCurrentState@@YAHPEA_KPEAU_xDISPATCHER_CONTEXT@@PEBU_s_FuncInfo@@@Z 000000018001aa98 f   libvcruntime:ehstate.obj
 0001:00019ac0       ?__GetUnwindTryBlock@@YAHPEA_KPEAU_xDISPATCHER_CONTEXT@@PEBU_s_FuncInfo@@@Z 000000018001aac0 f   libvcruntime:ehstate.obj
 0001:00019aec       ?__SetState@@YAXPEA_KPEAU_xDISPATCHER_CONTEXT@@PEBU_s_FuncInfo@@H@Z 000000018001aaec f   libvcruntime:ehstate.obj
 0001:00019af8       ?__SetUnwindTryBlock@@YAXPEA_KPEAU_xDISPATCHER_CONTEXT@@PEBU_s_FuncInfo@@H@Z 000000018001aaf8 f   libvcruntime:ehstate.obj
 0001:00019b34       ?__StateFromControlPc@@YAHPEBU_s_FuncInfo@@PEAU_xDISPATCHER_CONTEXT@@@Z 000000018001ab34 f   libvcruntime:ehstate.obj
 0001:00019b3c       ?__StateFromIp@@YAHPEBU_s_FuncInfo@@PEAU_xDISPATCHER_CONTEXT@@_J@Z 000000018001ab3c f   libvcruntime:ehstate.obj
 0001:00019ba8       __DestructExceptionObject  000000018001aba8 f   libvcruntime:frame.obj
 0001:00019c30       ??0bad_exception@std@@QEAA@AEBV01@@Z 000000018001ac30 f i libvcruntime:frame.obj
 0001:00019c70       ??0bad_exception@std@@QEAA@XZ 000000018001ac70 f i libvcruntime:frame.obj
 0001:00019c90       ??_Gexception@std@@UEAAPEAXI@Z 000000018001ac90 f i libcpmt:xthrow.obj
 0001:00019c90       ??_Elength_error@std@@UEAAPEAXI@Z 000000018001ac90 f i libcpmt:xthrow.obj
 0001:00019c90       ??_Gout_of_range@std@@UEAAPEAXI@Z 000000018001ac90 f i libcpmt:xthrow.obj
 0001:00019c90       ??_Ebad_alloc@std@@UEAAPEAXI@Z 000000018001ac90 f i libcpmt:xthrow.obj
 0001:00019c90       ??_Eexception@std@@UEAAPEAXI@Z 000000018001ac90 f i libcpmt:xthrow.obj
 0001:00019c90       ??_Ebad_array_new_length@std@@UEAAPEAXI@Z 000000018001ac90 f i LIBCMT:throw_bad_alloc.obj
 0001:00019c90       ??_Gbad_exception@std@@UEAAPEAXI@Z 000000018001ac90 f i libvcruntime:frame.obj
 0001:00019c90       ??_Gbad_array_new_length@std@@UEAAPEAXI@Z 000000018001ac90 f i LIBCMT:throw_bad_alloc.obj
 0001:00019c90       ??_Ebad_exception@std@@UEAAPEAXI@Z 000000018001ac90 f i libvcruntime:frame.obj
 0001:00019c90       ??_Glength_error@std@@UEAAPEAXI@Z 000000018001ac90 f i libcpmt:xthrow.obj
 0001:00019c90       ??_Elogic_error@std@@UEAAPEAXI@Z 000000018001ac90 f i libcpmt:xthrow.obj
 0001:00019c90       ??_Eout_of_range@std@@UEAAPEAXI@Z 000000018001ac90 f i libcpmt:xthrow.obj
 0001:00019c90       ??_Glogic_error@std@@UEAAPEAXI@Z 000000018001ac90 f i libcpmt:xthrow.obj
 0001:00019c90       ??_Gbad_alloc@std@@UEAAPEAXI@Z 000000018001ac90 f i libcpmt:xthrow.obj
 0001:0001a630       ?_CallMemberFunction0@@YAXPEAXP6AX0@Z@Z 000000018001b630 f i libvcruntime:frame.obj
 0001:0001a634       ?_CallMemberFunction1@@YAXPEAXP6AX0@Z0@Z 000000018001b634 f i libvcruntime:frame.obj
 0001:0001a640       ?_CallMemberFunction2@@YAXPEAXP6AX0@Z0H@Z 000000018001b640 f i libvcruntime:frame.obj
 0001:0001a650       __AdjustPointer            000000018001b650 f   libvcruntime:frame.obj
 0001:0001a674       __BuildCatchObject         000000018001b674 f   libvcruntime:frame.obj
 0001:0001a738       __BuildCatchObjectHelper   000000018001b738 f   libvcruntime:frame.obj
 0001:0001a918       __CxxCallCatchBlock        000000018001b918 f   libvcruntime:frame.obj
 0001:0001ab04       __FrameUnwindFilter        000000018001bb04 f   libvcruntime:frame.obj
 0001:0001ab50       __FrameUnwindToState       000000018001bb50 f   libvcruntime:frame.obj
 0001:0001ace4       __InternalCxxFrameHandler  000000018001bce4 f   libvcruntime:frame.obj
 0001:0001af3c       __TypeMatch                000000018001bf3c f   libvcruntime:frame.obj
 0001:0001b090       _CallSettingFrame          000000018001c090 f   libvcruntime:handlers.obj
 0001:0001b0e0       _guard_dispatch_icall_nop  000000018001c0e0 f   LIBCMT:_guard_dispatch_.obj
 0002:00000000       __imp_RegQueryValueExA     000000018001e000     advapi32:ADVAPI32.dll
 0002:00000008       __imp_RegCloseKey          000000018001e008     advapi32:ADVAPI32.dll
 0002:00000010       \177ADVAPI32_NULL_THUNK_DATA 000000018001e010     advapi32:ADVAPI32.dll
 0002:00000018       __imp_GetCommMask          000000018001e018     kernel32:KERNEL32.dll
 0002:00000020       __imp_Sleep                000000018001e020     kernel32:KERNEL32.dll
 0002:00000028       __imp_GetLastError         000000018001e028     kernel32:KERNEL32.dll
 0002:00000030       __imp_EscapeCommFunction   000000018001e030     kernel32:KERNEL32.dll
 0002:00000038       __imp_CreateFileA          000000018001e038     kernel32:KERNEL32.dll
 0002:00000040       __imp_LoadLibraryA         000000018001e040     kernel32:KERNEL32.dll
 0002:00000048       __imp_GetCommState         000000018001e048     kernel32:KERNEL32.dll
 0002:00000050       __imp_CloseHandle          000000018001e050     kernel32:KERNEL32.dll
 0002:00000058       __imp_PurgeComm            000000018001e058     kernel32:KERNEL32.dll
 0002:00000060       __imp_SetCommMask          000000018001e060     kernel32:KERNEL32.dll
 0002:00000068       __imp_GetProcAddress       000000018001e068     kernel32:KERNEL32.dll
 0002:00000070       __imp_CreateEventA         000000018001e070     kernel32:KERNEL32.dll
 0002:00000078       __imp_SetCommTimeouts      000000018001e078     kernel32:KERNEL32.dll
 0002:00000080       __imp_SetCommState         000000018001e080     kernel32:KERNEL32.dll
 0002:00000088       __imp_FlushFileBuffers     000000018001e088     kernel32:KERNEL32.dll
 0002:00000090       __imp_WriteFile            000000018001e090     kernel32:KERNEL32.dll
 0002:00000098       __imp_GetOverlappedResult  000000018001e098     kernel32:KERNEL32.dll
 0002:000000a0       __imp_ReadFile             000000018001e0a0     kernel32:KERNEL32.dll
 0002:000000a8       __imp_CreateFileW          000000018001e0a8     kernel32:KERNEL32.dll
 0002:000000b0       __imp_SetFilePointerEx     000000018001e0b0     kernel32:KERNEL32.dll
 0002:000000b8       __imp_HeapReAlloc          000000018001e0b8     kernel32:KERNEL32.dll
 0002:000000c0       __imp_HeapSize             000000018001e0c0     kernel32:KERNEL32.dll
 0002:000000c8       __imp_SetStdHandle         000000018001e0c8     kernel32:KERNEL32.dll
 0002:000000d0       __imp_GetConsoleMode       000000018001e0d0     kernel32:KERNEL32.dll
 0002:000000d8       __imp_GetConsoleCP         000000018001e0d8     kernel32:KERNEL32.dll
 0002:000000e0       __imp_GetStringTypeW       000000018001e0e0     kernel32:KERNEL32.dll
 0002:000000e8       __imp_GetProcessHeap       000000018001e0e8     kernel32:KERNEL32.dll
 0002:000000f0       __imp_FreeEnvironmentStringsW 000000018001e0f0     kernel32:KERNEL32.dll
 0002:000000f8       __imp_GetEnvironmentStringsW 000000018001e0f8     kernel32:KERNEL32.dll
 0002:00000100       __imp_GetCommandLineW      000000018001e100     kernel32:KERNEL32.dll
 0002:00000108       __imp_GetCommandLineA      000000018001e108     kernel32:KERNEL32.dll
 0002:00000110       __imp_GetCPInfo            000000018001e110     kernel32:KERNEL32.dll
 0002:00000118       __imp_GetOEMCP             000000018001e118     kernel32:KERNEL32.dll
 0002:00000120       __imp_IsValidCodePage      000000018001e120     kernel32:KERNEL32.dll
 0002:00000128       __imp_FindNextFileA        000000018001e128     kernel32:KERNEL32.dll
 0002:00000130       __imp_FindFirstFileExA     000000018001e130     kernel32:KERNEL32.dll
 0002:00000138       __imp_FindClose            000000018001e138     kernel32:KERNEL32.dll
 0002:00000140       __imp_LCMapStringW         000000018001e140     kernel32:KERNEL32.dll
 0002:00000148       __imp_GetACP               000000018001e148     kernel32:KERNEL32.dll
 0002:00000150       __imp_CreateThread         000000018001e150     kernel32:KERNEL32.dll
 0002:00000158       __imp_WaitForSingleObjectEx 000000018001e158     kernel32:KERNEL32.dll
 0002:00000160       __imp_OutputDebugStringW   000000018001e160     kernel32:KERNEL32.dll
 0002:00000168       __imp_HeapAlloc            000000018001e168     kernel32:KERNEL32.dll
 0002:00000170       __imp_HeapFree             000000018001e170     kernel32:KERNEL32.dll
 0002:00000178       __imp_WideCharToMultiByte  000000018001e178     kernel32:KERNEL32.dll
 0002:00000180       __imp_MultiByteToWideChar  000000018001e180     kernel32:KERNEL32.dll
 0002:00000188       __imp_ExitProcess          000000018001e188     kernel32:KERNEL32.dll
 0002:00000190       __imp_WriteConsoleW        000000018001e190     kernel32:KERNEL32.dll
 0002:00000198       __imp_GetModuleHandleExW   000000018001e198     kernel32:KERNEL32.dll
 0002:000001a0       __imp_GetModuleFileNameW   000000018001e1a0     kernel32:KERNEL32.dll
 0002:000001a8       __imp_GetModuleFileNameA   000000018001e1a8     kernel32:KERNEL32.dll
 0002:000001b0       __imp_GetFileType          000000018001e1b0     kernel32:KERNEL32.dll
 0002:000001b8       __imp_GetStdHandle         000000018001e1b8     kernel32:KERNEL32.dll
 0002:000001c0       __imp_LoadLibraryExW       000000018001e1c0     kernel32:KERNEL32.dll
 0002:000001c8       __imp_FreeLibrary          000000018001e1c8     kernel32:KERNEL32.dll
 0002:000001d0       __imp_TlsFree              000000018001e1d0     kernel32:KERNEL32.dll
 0002:000001d8       __imp_TlsSetValue          000000018001e1d8     kernel32:KERNEL32.dll
 0002:000001e0       __imp_TlsGetValue          000000018001e1e0     kernel32:KERNEL32.dll
 0002:000001e8       __imp_TlsAlloc             000000018001e1e8     kernel32:KERNEL32.dll
 0002:000001f0       __imp_InitializeCriticalSectionAndSpinCount 000000018001e1f0     kernel32:KERNEL32.dll
 0002:000001f8       __imp_DeleteCriticalSection 000000018001e1f8     kernel32:KERNEL32.dll
 0002:00000200       __imp_LeaveCriticalSection 000000018001e200     kernel32:KERNEL32.dll
 0002:00000208       __imp_EnterCriticalSection 000000018001e208     kernel32:KERNEL32.dll
 0002:00000210       __imp_SetLastError         000000018001e210     kernel32:KERNEL32.dll
 0002:00000218       __imp_InterlockedFlushSList 000000018001e218     kernel32:KERNEL32.dll
 0002:00000220       __imp_RtlUnwindEx          000000018001e220     kernel32:KERNEL32.dll
 0002:00000228       __imp_RaiseException       000000018001e228     kernel32:KERNEL32.dll
 0002:00000230       __imp_RtlPcToFileHeader    000000018001e230     kernel32:KERNEL32.dll
 0002:00000238       __imp_InitializeSListHead  000000018001e238     kernel32:KERNEL32.dll
 0002:00000240       __imp_GetSystemTimeAsFileTime 000000018001e240     kernel32:KERNEL32.dll
 0002:00000248       __imp_GetCurrentThreadId   000000018001e248     kernel32:KERNEL32.dll
 0002:00000250       __imp_EncodePointer        000000018001e250     kernel32:KERNEL32.dll
 0002:00000258       __imp_GetCurrentProcessId  000000018001e258     kernel32:KERNEL32.dll
 0002:00000260       __imp_QueryPerformanceCounter 000000018001e260     kernel32:KERNEL32.dll
 0002:00000268       __imp_GetModuleHandleW     000000018001e268     kernel32:KERNEL32.dll
 0002:00000270       __imp_GetStartupInfoW      000000018001e270     kernel32:KERNEL32.dll
 0002:00000278       __imp_IsDebuggerPresent    000000018001e278     kernel32:KERNEL32.dll
 0002:00000280       __imp_IsProcessorFeaturePresent 000000018001e280     kernel32:KERNEL32.dll
 0002:00000288       __imp_TerminateProcess     000000018001e288     kernel32:KERNEL32.dll
 0002:00000290       __imp_GetCurrentProcess    000000018001e290     kernel32:KERNEL32.dll
 0002:00000298       __imp_RtlCaptureContext    000000018001e298     kernel32:KERNEL32.dll
 0002:000002a0       __imp_RtlLookupFunctionEntry 000000018001e2a0     kernel32:KERNEL32.dll
 0002:000002a8       __imp_RtlVirtualUnwind     000000018001e2a8     kernel32:KERNEL32.dll
 0002:000002b0       __imp_UnhandledExceptionFilter 000000018001e2b0     kernel32:KERNEL32.dll
 0002:000002b8       __imp_SetUnhandledExceptionFilter 000000018001e2b8     kernel32:KERNEL32.dll
 0002:000002c0       \177KERNEL32_NULL_THUNK_DATA 000000018001e2c0     kernel32:KERNEL32.dll
 0002:000002c8       __imp_SetupDiGetDeviceRegistryPropertyA 000000018001e2c8     setupapi:SETUPAPI.dll
 0002:000002d0       __imp_SetupDiEnumDeviceInfo 000000018001e2d0     setupapi:SETUPAPI.dll
 0002:000002d8       __imp_SetupDiGetDeviceInstanceIdA 000000018001e2d8     setupapi:SETUPAPI.dll
 0002:000002e0       __imp_SetupDiOpenDevRegKey 000000018001e2e0     setupapi:SETUPAPI.dll
 0002:000002e8       __imp_SetupDiGetClassDevsA 000000018001e2e8     setupapi:SETUPAPI.dll
 0002:000002f0       __imp_SetupDiDestroyDeviceInfoList 000000018001e2f0     setupapi:SETUPAPI.dll
 0002:000002f8       \177SETUPAPI_NULL_THUNK_DATA 000000018001e2f8     setupapi:SETUPAPI.dll
 0002:00000300       __imp_??1EscapableHandleScope@v8@@QEAA@XZ 000000018001e300     iojs:node.dll
 0002:00000308       __imp_?ToBoolean@Value@v8@@QEBA?AV?$Local@VBoolean@v8@@@2@XZ 000000018001e308     iojs:node.dll
 0002:00000310       __imp_?ToNumber@Value@v8@@QEBA?AV?$Local@VNumber@v8@@@2@XZ 000000018001e310     iojs:node.dll
 0002:00000318       __imp_?ToString@Value@v8@@QEBA?AV?$Local@VString@v8@@@2@XZ 000000018001e318     iojs:node.dll
 0002:00000320       __imp_?ToObject@Value@v8@@QEBA?AV?$Local@VObject@v8@@@2@XZ 000000018001e320     iojs:node.dll
 0002:00000328       __imp_?ToInt32@Value@v8@@QEBA?AV?$Local@VInt32@v8@@@2@XZ 000000018001e328     iojs:node.dll
 0002:00000330       __imp_uv_default_loop      000000018001e330     iojs:node.dll
 0002:00000338       __imp_uv_mutex_init        000000018001e338     iojs:node.dll
 0002:00000340       __imp_?MakeCallback@node@@YA?AV?$Local@VValue@v8@@@v8@@PEAVIsolate@3@V?$Local@VObject@v8@@@3@V?$Local@VFunction@v8@@@3@HPEAV23@@Z 000000018001e340     iojs:node.dll
 0002:00000348       __imp_?Length@Buffer@node@@YA_KV?$Local@VObject@v8@@@v8@@@Z 000000018001e348     iojs:node.dll
[...]
 0004:00001440       $pdata$__dcrt_terminate_console_output 0000000180030440     libucrt:initcon.obj
 0004:0000144c       $pdata$_getfpcontrolword   000000018003044c     libucrt:_fenvutils.obj
 0004:00001458       $pdata$_getfpstatusword    0000000180030458     libucrt:_fenvutils.obj
 0004:00001464       $pdata$_setfpstatusword    0000000180030464     libucrt:_fenvutils.obj
 0004:00001470       $pdata$_clearfp            0000000180030470     libucrt:ieee.obj
 0004:0000147c       $pdata$common_control87    000000018003047c     libucrt:ieee.obj
 0004:00001488       $pdata$_call_matherr       0000000180030488     libucrt:libm_error.obj
 0004:00001494       $pdata$_exception_enabled  0000000180030494     libucrt:libm_error.obj
 0004:000014a0       $pdata$_handle_error       00000001800304a0     libucrt:libm_error.obj
 0004:000014ac       $pdata$__acrt_initialize_fma3 00000001800304ac     libucrt:fma3_available.obj
 0004:000014b8       $pdata$_log10_special      00000001800304b8     libucrt:log_special.obj
 0004:000014c4       $pdata$_log_special_common 00000001800304c4     libucrt:log_special.obj
 0004:000014dc       $pdata$_raise_exc          00000001800304dc     libucrt:fpexcept.obj
 0004:000014e8       $pdata$_raise_exc_ex       00000001800304e8     libucrt:fpexcept.obj
 0004:000014f4       $pdata$_set_errno_from_matherr 00000001800304f4     libucrt:fpexcept.obj
 0004:00001500       $pdata$_clrfp              0000000180030500     libucrt:fpctrl.obj
 0004:0000150c       $pdata$_ctrlfp             000000018003050c     libucrt:fpctrl.obj
 0004:00001518       $pdata$_set_statfp         0000000180030518     libucrt:fpctrl.obj
 0004:00001524       $pdata$_statfp             0000000180030524     libucrt:fpctrl.obj
 0004:00001530       $pdata$_IsNonwritableInCurrentImage 0000000180030530     LIBCMT:pesect.obj
 0004:0000153c       $pdata$__GSHandlerCheck    000000018003053c     LIBCMT:_gshandler_.obj
 0004:00001548       $pdata$__GSHandlerCheckCommon 0000000180030548     LIBCMT:_gshandler_.obj
 0004:00001560       $pdata$strrchr             0000000180030560     libvcruntime:strrchr.obj
 0004:00001578       $pdata$__GSHandlerCheck_EH 0000000180030578     LIBCMT:gshandlereh.obj
 0004:00001584       $pdata$?_ExecutionInCatch@@YAHPEAU_xDISPATCHER_CONTEXT@@PEBU_s_FuncInfo@@@Z 0000000180030584     libvcruntime:trnsctrl.obj
 0004:00001590       $pdata$?_GetEstablisherFrame@@YAPEA_KPEA_KPEAU_xDISPATCHER_CONTEXT@@PEBU_s_FuncInfo@@0@Z 0000000180030590     libvcruntime:trnsctrl.obj
 0004:0000159c       $pdata$?_GetRangeOfTrysToCheck@@YAPEBU_s_TryBlockMapEntry@@PEA_KPEBU_s_FuncInfo@@HHPEAI2PEAU_xDISPATCHER_CONTEXT@@@Z 000000018003059c     libvcruntime:trnsctrl.obj
 0004:000015a8       $pdata$?__FrameUnwindToEmptyState@@YAXPEA_KPEAU_xDISPATCHER_CONTEXT@@PEBU_s_FuncInfo@@@Z 00000001800305a8     libvcruntime:trnsctrl.obj
 0004:000015b4       $pdata$?__SehTransFilter@@YAHPEAU_EXCEPTION_POINTERS@@PEAUEHExceptionRecord@@PEA_KPEAU_CONTEXT@@PEAU_xDISPATCHER_CONTEXT@@PEBU_s_FuncInfo@@PEAH@Z 00000001800305b4     libvcruntime:trnsctrl.obj
 0004:000015c0       $pdata$_CallSETranslator   00000001800305c0     libvcruntime:trnsctrl.obj
 0004:000015cc       $pdata$_CreateFrameInfo    00000001800305cc     libvcruntime:trnsctrl.obj
 0004:000015d8       $pdata$_FindAndUnlinkFrame 00000001800305d8     libvcruntime:trnsctrl.obj
 0004:000015e4       $pdata$_GetImageBase       00000001800305e4     libvcruntime:trnsctrl.obj
 0004:000015f0       $pdata$_GetThrowImageBase  00000001800305f0     libvcruntime:trnsctrl.obj
 0004:000015fc       $pdata$_IsExceptionObjectToBeDestroyed 00000001800305fc     libvcruntime:trnsctrl.obj
 0004:00001608       $pdata$_SetImageBase       0000000180030608     libvcruntime:trnsctrl.obj
 0004:00001614       $pdata$_SetThrowImageBase  0000000180030614     libvcruntime:trnsctrl.obj
 0004:00001620       $pdata$_UnwindNestedFrames 0000000180030620     libvcruntime:trnsctrl.obj
 0004:0000162c       $pdata$__CxxFrameHandler3  000000018003062c     libvcruntime:trnsctrl.obj
 0004:00001638       $pdata$?__GetCurrentState@@YAHPEA_KPEAU_xDISPATCHER_CONTEXT@@PEBU_s_FuncInfo@@@Z 0000000180030638     libvcruntime:ehstate.obj
 0004:00001644       $pdata$?__GetUnwindTryBlock@@YAHPEA_KPEAU_xDISPATCHER_CONTEXT@@PEBU_s_FuncInfo@@@Z 0000000180030644     libvcruntime:ehstate.obj
 0004:00001650       $pdata$?__SetUnwindTryBlock@@YAXPEA_KPEAU_xDISPATCHER_CONTEXT@@PEBU_s_FuncInfo@@H@Z 0000000180030650     libvcruntime:ehstate.obj
 0004:0000165c       $pdata$?__StateFromIp@@YAHPEBU_s_FuncInfo@@PEAU_xDISPATCHER_CONTEXT@@_J@Z 000000018003065c     libvcruntime:ehstate.obj
 0004:00001668       $pdata$__DestructExceptionObject 0000000180030668     libvcruntime:frame.obj
 0004:00001674       $pdata$??0bad_exception@std@@QEAA@AEBV01@@Z 0000000180030674     libvcruntime:frame.obj
 0004:00001680       $pdata$??_Glogic_error@std@@UEAAPEAXI@Z 0000000180030680     libcpmt:xthrow.obj
 0004:00001680       $pdata$??_Gbad_exception@std@@UEAAPEAXI@Z 0000000180030680     libvcruntime:frame.obj
 0004:00001680       $pdata$??_Gbad_alloc@std@@UEAAPEAXI@Z 0000000180030680     libcpmt:xthrow.obj
 0004:00001680       $pdata$??_Glength_error@std@@UEAAPEAXI@Z 0000000180030680     libcpmt:xthrow.obj
 0004:00001680       $pdata$??_Gout_of_range@std@@UEAAPEAXI@Z 0000000180030680     libcpmt:xthrow.obj
 0004:00001680       $pdata$??_Gexception@std@@UEAAPEAXI@Z 0000000180030680     libcpmt:xthrow.obj
 0004:00001680       $pdata$??_Gbad_array_new_length@std@@UEAAPEAXI@Z 0000000180030680     LIBCMT:throw_bad_alloc.obj
 0004:0000168c       $pdata$?CatchIt@@YAXPEAUEHExceptionRecord@@PEA_KPEAU_CONTEXT@@PEAU_xDISPATCHER_CONTEXT@@PEBU_s_FuncInfo@@PEBU_s_HandlerType@@PEBU_s_CatchableType@@PEBU_s_TryBlockMapEntry@@H1EE@Z 000000018003068c     libvcruntime:frame.obj
 0004:00001698       $pdata$?ExFilterRethrow@@YAHPEAU_EXCEPTION_POINTERS@@PEAUEHExceptionRecord@@PEAH@Z 0000000180030698     libvcruntime:frame.obj
 0004:000016a4       $pdata$?FindHandler@@YAXPEAUEHExceptionRecord@@PEA_KPEAU_CONTEXT@@PEAU_xDISPATCHER_CONTEXT@@PEBU_s_FuncInfo@@EH1@Z 00000001800306a4     libvcruntime:frame.obj
 0004:000016b0       $pdata$?FindHandlerForForeignException@@YAXPEAUEHExceptionRecord@@PEA_KPEAU_CONTEXT@@PEAU_xDISPATCHER_CONTEXT@@PEBU_s_FuncInfo@@HH1@Z 00000001800306b0     libvcruntime:frame.obj
 0004:000016bc       $pdata$?IsInExceptionSpec@@YAEPEAUEHExceptionRecord@@PEBU_s_ESTypeList@@@Z 00000001800306bc     libvcruntime:frame.obj
 0004:000016c8       $pdata$__BuildCatchObject  00000001800306c8     libvcruntime:frame.obj
 0004:000016d4       $pdata$__BuildCatchObjectHelper 00000001800306d4     libvcruntime:frame.obj
 0004:000016e0       $pdata$__CxxCallCatchBlock 00000001800306e0     libvcruntime:frame.obj
 0004:000016ec       $pdata$__FrameUnwindFilter 00000001800306ec     libvcruntime:frame.obj
 0004:000016f8       $pdata$__FrameUnwindToState 00000001800306f8     libvcruntime:frame.obj
 0004:00001704       $pdata$__InternalCxxFrameHandler 0000000180030704     libvcruntime:frame.obj
 0004:00001710       $pdata$__TypeMatch         0000000180030710     libvcruntime:frame.obj
 0004:00001734       $pdata$?dtor$0@?0??newQForFD@@YAPEAU_WriteQueue@@H@Z@4HA 0000000180030734     serialport.obj
 0004:00001740       $pdata$?dtor$1@?0??newQForFD@@YAPEAU_WriteQueue@@H@Z@4HA 0000000180030740     serialport.obj
 0004:0000174c       $pdata$?dtor$1@?0??Open@@YAXAEBV?$FunctionCallbackInfo@VValue@v8@@@Nan@@@Z@4HA 000000018003074c     serialport.obj
 0004:00001758       $pdata$?dtor$14@?0??Open@@YAXAEBV?$FunctionCallbackInfo@VValue@v8@@@Nan@@@Z@4HA 0000000180030758     serialport.obj
 0004:00001764       $pdata$?dtor$16@?0??Open@@YAXAEBV?$FunctionCallbackInfo@VValue@v8@@@Nan@@@Z@4HA 0000000180030764     serialport.obj
 0004:00001770       $pdata$?dtor$18@?0??Open@@YAXAEBV?$FunctionCallbackInfo@VValue@v8@@@Nan@@@Z@4HA 0000000180030770     serialport.obj
 0004:0000177c       $pdata$?dtor$0@?0??Update@@YAXAEBV?$FunctionCallbackInfo@VValue@v8@@@Nan@@@Z@4HA 000000018003077c     serialport.obj
 0004:00001788       $pdata$?dtor$0@?0??Write@@YAXAEBV?$FunctionCallbackInfo@VValue@v8@@@Nan@@@Z@4HA 0000000180030788     serialport.obj
 0004:00001794       $pdata$?dtor$1@?0??Write@@YAXAEBV?$FunctionCallbackInfo@VValue@v8@@@Nan@@@Z@4HA 0000000180030794     serialport.obj
 0004:000017a0       $pdata$?dtor$0@?0??Close@@YAXAEBV?$FunctionCallbackInfo@VValue@v8@@@Nan@@@Z@4HA 00000001800307a0     serialport.obj
 0004:000017ac       $pdata$?dtor$0@?0??List@@YAXAEBV?$FunctionCallbackInfo@VValue@v8@@@Nan@@@Z@4HA 00000001800307ac     serialport.obj
 0004:000017b8       $pdata$?dtor$0@?0??Drain@@YAXAEBV?$FunctionCallbackInfo@VValue@v8@@@Nan@@@Z@4HA 00000001800307b8     serialport.obj
 0004:000017b8       $pdata$?dtor$0@?0??Flush@@YAXAEBV?$FunctionCallbackInfo@VValue@v8@@@Nan@@@Z@4HA 00000001800307b8     serialport.obj
 0004:000017c4       $pdata$?dtor$0@?0??Set@@YAXAEBV?$FunctionCallbackInfo@VValue@v8@@@Nan@@@Z@4HA 00000001800307c4     serialport.obj
 0004:000017d0       $pdata$?dtor$0@?0??EIO_List@@YAXPEAUuv_work_s@@@Z@4HA 00000001800307d0     serialport_win.obj
 0004:000017dc       $pdata$__scrt_is_nonwritable_in_current_image$filt$0 00000001800307dc     LIBCMT:utility.obj
 0004:000017e8       $pdata$?fin$0@?0??dllmain_crt_process_attach@@YAHQEAUHINSTANCE__@@QEAX@Z@4HA 00000001800307e8     LIBCMT:dll_dllmain.obj
 0004:000017f4       $pdata$?fin$0@?0??dllmain_crt_process_detach@@YAH_N@Z@4HA 00000001800307f4     LIBCMT:dll_dllmain.obj
 0004:00001800       $pdata$?filt$0@?0??dllmain_dispatch@@YAHQEAUHINSTANCE__@@KQEAX@Z@4HA 0000000180030800     LIBCMT:dll_dllmain.obj
 0004:0000180c       $pdata$_query_new_handler$fin$0 000000018003080c     libucrt:new_handler.obj
 0004:00001818       $pdata$?filt$0@?0??common_exit@@YAXHW4_crt_exit_cleanup_mode@@W4_crt_exit_return_mode@@@Z@4HA 0000000180030818     libucrt:exit.obj
 0004:00001824       $pdata$?fin$1@?0??common_exit@@YAXHW4_crt_exit_cleanup_mode@@W4_crt_exit_return_mode@@@Z@4HA 0000000180030824     libucrt:exit.obj
 0004:00001830       $pdata$?fin$0@?0???$?RV<lambda_e24bbb7b643b32fcea6fa61b31d4c984>@@AEAV<lambda_275893d493268fdec8709772e3fcec0e>@@V<lambda_9d71df4d7cf3f480f8d633942495c3b0>@@@?$__crt_seh_guarded_call@H@@QEAAH$$QEAV<lambda_e24bbb7b643b32fcea6fa61b31d4c984>@@AEAV<lambda_275893d493268fdec8709772e3fcec0e>@@$$QEAV<lambda_9d71df4d7cf3f480f8d633942495c3b0>@@@Z@4HA 0000000180030830     libucrt:onexit.obj
 0004:0000183c       $pdata$common_flush_all$fin$0 000000018003083c     libucrt:fflush.obj
 0004:00001848       $pdata$common_flush_all$fin$1 0000000180030848     libucrt:fflush.obj
 0004:00001854       $pdata$fclose$fin$0        0000000180030854     libucrt:fclose.obj
 0004:00001854       $pdata$fflush$fin$0        0000000180030854     libucrt:fflush.obj
 0004:00001860       $pdata$?fin$0@?0???$?RV<lambda_7a5ef57ff966f610505f1d28a3d40618>@@AEAV<lambda_b721fa326cdb32351d23dfa67958c160>@@V<lambda_5e0fb27672408a07956fe59e48ccb2aa>@@@?$__crt_seh_guarded_call@H@@QEAAH$$QEAV<lambda_7a5ef57ff966f610505f1d28a3d40618>@@AEAV<lambda_b721fa326cdb32351d23dfa67958c160>@@$$QEAV<lambda_5e0fb27672408a07956fe59e48ccb2aa>@@@Z@4HA 0000000180030860     libucrt:setvbuf.obj
 0004:00001860       $pdata$?fin$0@?0???$?RV<lambda_7b91131dde12e1c3dfc74ff76b3f2eac>@@AEAV<lambda_dd75445284c072d0bd3768540cc698fa>@@V<lambda_16bc4ecb55b4718497c16bceaea2ceaf>@@@?$__crt_seh_guarded_call@H@@QEAAH$$QEAV<lambda_7b91131dde12e1c3dfc74ff76b3f2eac>@@AEAV<lambda_dd75445284c072d0bd3768540cc698fa>@@$$QEAV<lambda_16bc4ecb55b4718497c16bceaea2ceaf>@@@Z@4HA 0000000180030860     libucrt:output.obj
 0004:0000186c       $pdata$raise$fin$0         000000018003086c     libucrt:signal.obj
 0004:00001878       $pdata$?fin$0@?0???$?RV<lambda_99476a1ad63dd22509b5d3e65b0ffc95>@@AEAV<lambda_ad1ced32f4ac17aa236e5ef05d6b3b7c>@@V<lambda_f7424dd8d45958661754dc4f2697e9c3>@@@?$__crt_seh_guarded_call@X@@QEAAX$$QEAV<lambda_99476a1ad63dd22509b5d3e65b0ffc95>@@AEAV<lambda_ad1ced32f4ac17aa236e5ef05d6b3b7c>@@$$QEAV<lambda_f7424dd8d45958661754dc4f2697e9c3>@@@Z@4HA 0000000180030878     libucrt:mbctype.obj
 0004:00001878       $pdata$?fin$0@?0???$?RV<lambda_72d1df2b273a38828b1ce30cbf4cdab5>@@AEAV<lambda_876a65b173b8412d3a47c70a915b0cf4>@@V<lambda_41932305e351933ebe8f8be3ed8bb5dc>@@@?$__crt_seh_guarded_call@X@@QEAAX$$QEAV<lambda_72d1df2b273a38828b1ce30cbf4cdab5>@@AEAV<lambda_876a65b173b8412d3a47c70a915b0cf4>@@$$QEAV<lambda_41932305e351933ebe8f8be3ed8bb5dc>@@@Z@4HA 0000000180030878     libucrt:per_thread_data.obj
 0004:00001878       $pdata$?fin$0@?0???$?RV<lambda_46352004c1216016012b18bd6f87e700>@@AEAV<lambda_3bd07e1a1191394380780325891bf33f>@@V<lambda_334532d3f185bcaa59b5be82d7d22bff>@@@?$__crt_seh_guarded_call@X@@QEAAX$$QEAV<lambda_46352004c1216016012b18bd6f87e700>@@AEAV<lambda_3bd07e1a1191394380780325891bf33f>@@$$QEAV<lambda_334532d3f185bcaa59b5be82d7d22bff>@@@Z@4HA 0000000180030878     libucrt:per_thread_data.obj
 0004:00001878       $pdata$?fin$0@?0???$?RV<lambda_fb3a7dec4e47f37f22dae91bb15c9095>@@AEAV<lambda_698284760c8add0bfb0756c19673e34b>@@V<lambda_dfb8eca1e75fef3034a8fb18dd509707>@@@?$__crt_seh_guarded_call@X@@QEAAX$$QEAV<lambda_fb3a7dec4e47f37f22dae91bb15c9095>@@AEAV<lambda_698284760c8add0bfb0756c19673e34b>@@$$QEAV<lambda_dfb8eca1e75fef3034a8fb18dd509707>@@@Z@4HA 0000000180030878     libucrt:per_thread_data.obj
 0004:00001878       $pdata$?fin$0@?0???$?RV<lambda_5e887d1dcbef67a5eb4283622ba103bf>@@AEAV<lambda_4466841279450cc726390878d4a41900>@@V<lambda_341c25c0346d94847f1f3c463c57e077>@@@?$__crt_seh_guarded_call@X@@QEAAX$$QEAV<lambda_5e887d1dcbef67a5eb4283622ba103bf>@@AEAV<lambda_4466841279450cc726390878d4a41900>@@$$QEAV<lambda_341c25c0346d94847f1f3c463c57e077>@@@Z@4HA 0000000180030878     libucrt:per_thread_data.obj
 0004:00001878       $pdata$?fin$0@?0???$?RV<lambda_b8c45f8f788dd370798f47cfe8ac3a86>@@AEAV<lambda_4e60a939b0d047cfe11ddc22648dfba9>@@V<lambda_332c3edc96d0294ec56c57d38c1cdfd5>@@@?$__crt_seh_guarded_call@H@@QEAAH$$QEAV<lambda_b8c45f8f788dd370798f47cfe8ac3a86>@@AEAV<lambda_4e60a939b0d047cfe11ddc22648dfba9>@@$$QEAV<lambda_332c3edc96d0294ec56c57d38c1cdfd5>@@@Z@4HA 0000000180030878     libucrt:onexit.obj
 0004:00001878       $pdata$?fin$0@?0???$?RV<lambda_c36588078e9f5dfd39652860aa6b3aaf>@@AEAV<lambda_ec61778202f4f5fc7e7711acc23c3bca>@@V<lambda_dc9d2797ccde5d239b4a0efae8ebd7db>@@@?$__crt_seh_guarded_call@P6AXH@Z@@QEAAP6AXH@Z$$QEAV<lambda_c36588078e9f5dfd39652860aa6b3aaf>@@AEAV<lambda_ec61778202f4f5fc7e7711acc23c3bca>@@$$QEAV<lambda_dc9d2797ccde5d239b4a0efae8ebd7db>@@@Z@4HA 0000000180030878     libucrt:signal.obj
 0004:00001884       $pdata$__acrt_initialize_lowio$fin$0 0000000180030884     libucrt:ioinit.obj
 0004:00001884       $pdata$__acrt_lowio_ensure_fh_exists$fin$0 0000000180030884     libucrt:osfinfo.obj
 0004:00001890       $pdata$__acrt_update_thread_multibyte_data$fin$0 0000000180030890     libucrt:mbctype.obj
 0004:0000189c       $pdata$_fcloseall$fin$0    000000018003089c     libucrt:closeall.obj
 0004:000018a8       $pdata$__acrt_update_thread_locale_data$fin$0 00000001800308a8     libucrt:locale_refcounting.obj
 0004:000018a8       $pdata$__acrt_uninitialize_locale$fin$0 00000001800308a8     libucrt:wsetlocale.obj
 0004:000018b4       $pdata$_write$fin$0        00000001800308b4     libucrt:write.obj
 0004:000018b4       $pdata$?fin$0@?0???$common_lseek@_J@@YA_JH_JH@Z@4HA 00000001800308b4     libucrt:lseek.obj
 0004:000018c0       $pdata$?fin$0@?0???$?RV<lambda_b521505b218e5242e90febf6bfebc422>@@AEAV<lambda_6978c1fb23f02e42e1d9e99668cc68aa>@@V<lambda_314360699dd331753a4119843814e9a7>@@@?$__crt_seh_guarded_call@H@@QEAAH$$QEAV<lambda_b521505b218e5242e90febf6bfebc422>@@AEAV<lambda_6978c1fb23f02e42e1d9e99668cc68aa>@@$$QEAV<lambda_314360699dd331753a4119843814e9a7>@@@Z@4HA 00000001800308c0     libucrt:commit.obj
 0004:000018c0       $pdata$?fin$0@?0???$?RV<lambda_bfedae4ebbf01fab1bb6dcc6a9e276e0>@@AEAV<lambda_2fe9b910cf3cbf4a0ab98a02ba45b3ec>@@V<lambda_237c231691f317818eb88cc1d5d642d6>@@@?$__crt_seh_guarded_call@H@@QEAAH$$QEAV<lambda_bfedae4ebbf01fab1bb6dcc6a9e276e0>@@AEAV<lambda_2fe9b910cf3cbf4a0ab98a02ba45b3ec>@@$$QEAV<lambda_237c231691f317818eb88cc1d5d642d6>@@@Z@4HA 00000001800308c0     libucrt:close.obj
 0004:000018cc       $pdata$common_control87$filt$0 00000001800308cc     libucrt:ieee.obj
 0004:000018cc       $pdata$_ctrlfp$filt$0      00000001800308cc     libucrt:fpctrl.obj
 0004:000018d8       $pdata$_IsNonwritableInCurrentImage$filt$0 00000001800308d8     LIBCMT:pesect.obj
 0004:000018e4       $pdata$_CallSETranslator$filt$0 00000001800308e4     libvcruntime:trnsctrl.obj
 0004:000018f0       $pdata$__CxxCallCatchBlock$filt$0 00000001800308f0     libvcruntime:frame.obj
 0004:000018fc       $pdata$__CxxCallCatchBlock$fin$1 00000001800308fc     libvcruntime:frame.obj
 0004:00001908       $pdata$__DestructExceptionObject$filt$0 0000000180030908     libvcruntime:frame.obj
 0004:00001914       $pdata$__FrameUnwindToState$filt$0 0000000180030914     libvcruntime:frame.obj
 0004:00001920       $pdata$__FrameUnwindToState$fin$1 0000000180030920     libvcruntime:frame.obj
 0004:0000192c       $pdata$??__Fg_closingHandles@@YAXXZ 000000018003092c     serialport_win.obj
 0005:00000000       __guard_fids__             0000000180031000     libucrt:initialization.obj
 0005:00000060       __guard_fids___acrt_show_wide_message_box 0000000180031060     libucrt:crtmbox.obj
 0005:00000064       __guard_fids___acrt_initialize_ptd 0000000180031064     libucrt:per_thread_data.obj
 0005:00000068       __guard_fids_??$expand_argument_wildcards@D@@YAHQEAD0AEAV?$argument_list@D@?A0xca0879c4@@@Z 0000000180031068     libucrt:argv_wildcards.obj
 0005:0000006c       __guard_fids__             000000018003106c     libucrt:stdio_initializer.obj
 0005:00000070       __guard_fids__             0000000180031070     libucrt:stdio_initializer.obj
 0005:00000074       __guard_fids__             0000000180031074     libucrt:locale_initializer.obj
 0005:00000078       __guard_fids__             0000000180031078     libucrt:multibyte_initializer.obj
 0005:0000007c       __guard_fids__             000000018003107c     libucrt:console_output_initializer.obj
 0005:00000080       __guard_fids__             0000000180031080     libucrt:fma3_initializer.obj
 0005:00000084       __guard_fids__             0000000180031084     libcpmt:xthrow.obj
 0005:0000008c       __guard_fids__             000000018003108c     libcpmt:xthrow.obj
 0005:00000094       __guard_fids__             0000000180031094     libcpmt:xthrow.obj
 0005:0000009c       __guard_fids__             000000018003109c     libcpmt:xthrow.obj
 0005:000000a4       __guard_fids__             00000001800310a4     libcpmt:xthrow.obj
 0005:000000ac       __guard_fids_?dllmain_crt_process_attach@@YAHQEAUHINSTANCE__@@QEAX@Z 00000001800310ac     LIBCMT:dll_dllmain.obj
 0005:000000b4       __guard_fids_?dllmain_dispatch@@YAHQEAUHINSTANCE__@@KQEAX@Z 00000001800310b4     LIBCMT:dll_dllmain.obj
 0005:000000b8       __guard_fids__             00000001800310b8     LIBCMT:std_type_info_static.obj
 0005:000000bc       __guard_fids__             00000001800310bc     LIBCMT:throw_bad_alloc.obj
 0005:000000c4       __guard_fids__             00000001800310c4     LIBCMT:guard_support.obj
 0005:000000c8       __guard_fids___vcrt_initialize_ptd 00000001800310c8     libvcruntime:per_thread_data.obj
 0005:000000cc       __guard_fids__UnwindNestedFrames 00000001800310cc     libvcruntime:trnsctrl.obj
 0005:000000d0       __guard_fids__             00000001800310d0     libvcruntime:frame.obj
 0005:000000d4       __guard_fids__             00000001800310d4     libvcruntime:frame.obj
 0006:00000060       $R000000                   0000000180032060     * linker generated manifest res *

 Exports

  ordinal    name

        1    _register_serialport_
