 serialport

 Timestamp is 59b7ad75 (Tue Sep 12 11:48:37 2017)

 Preferred load address is 10000000

 Start         Length     Name                   Class
 0001:00000000 00000080H .text$di                CODE
 0001:00000080 00019190H .text$mn                CODE
 0001:00019210 00000df0H .text$x                 CODE
 0001:0001a000 00000005H .text$yd                CODE
 0002:00000000 00000270H .idata$5                DATA
 0002:00000270 00000004H .00cfg                  DATA
 0002:00000274 00000004H .CRT$XCA                DATA
 0002:00000278 00000008H .CRT$XCU                DATA
 0002:00000280 00000004H .CRT$XCZ                DATA
 0002:00000284 00000004H .CRT$XIA                DATA
 0002:00000288 0000000cH .CRT$XIC                DATA
 0002:00000294 00000004H .CRT$XIZ                DATA
 0002:00000298 00000004H .CRT$XPA                DATA
 0002:0000029c 00000008H .CRT$XPX                DATA
 0002:000002a4 00000004H .CRT$XPXA               DATA
 0002:000002a8 00000004H .CRT$XPZ                DATA
 0002:000002ac 00000004H .CRT$XTA                DATA
 0002:000002b0 00000010H .CRT$XTZ                DATA
 0002:000002c0 00006214H .rdata                  DATA
 0002:000064d4 0000026cH .rdata$r                DATA
 0002:00006740 000000e0H .rdata$sxdata           DATA
 0002:00006820 00000380H .rdata$zzzdbg           DATA
 0002:00006ba0 00000004H .rtc$IAA                DATA
 0002:00006ba4 00000004H .rtc$IZZ                DATA
 0002:00006ba8 00000004H .rtc$TAA                DATA
 0002:00006bac 00000004H .rtc$TZZ                DATA
 0002:00006bb0 00001410H .xdata$x                DATA
 0002:00007fc0 00000058H .edata                  DATA
 0002:00008018 00000050H .idata$2                DATA
 0002:00008068 00000014H .idata$3                DATA
 0002:0000807c 00000270H .idata$4                DATA
 0002:000082ec 00001548H .idata$6                DATA
 0003:00000000 000007c0H .data                   DATA
 0003:000007c0 000000f8H .data$r                 DATA
 0003:000008b8 00000a34H .bss                    DATA
 0004:00000000 00000090H .gfids$x                DATA
 0004:00000090 00000084H .gfids$y                DATA
 0005:00000000 00000060H .rsrc$01                DATA
 0005:00000060 00000180H .rsrc$02                DATA

  Address         Publics by Value              Rva+Base       Lib:Object

 0000:00000000       ___guard_fids_count        00000000     <absolute>
 0000:00000000       ___guard_longjmp_count     00000000     <absolute>
 0000:00000000       __except_list              00000000     <absolute>
 0000:00000000       ___guard_longjmp_table     00000000     <absolute>
 0000:00000000       ___guard_iat_table         00000000     <absolute>
 0000:00000000       ___guard_iat_count         00000000     <absolute>
 0000:00000000       ___guard_fids_table        00000000     <absolute>
 0000:00000000       ___dynamic_value_reloc_table 00000000     <absolute>
 0000:00000038       ___safe_se_handler_count   00000038     <absolute>
 0000:00000100       ___guard_flags             00000100     <absolute>
 0000:00000000       ___ImageBase               10000000     <linker-defined>
 0001:00000140       ?NewInstance@Nan@@YA?AV?$MaybeLocal@VObject@v8@@@v8@@V?$Local@VObjectTemplate@v8@@@3@@Z 10001140 f i serialport.obj
 0001:000001e0       ?GetFunction@Nan@@YA?AV?$MaybeLocal@VFunction@v8@@@v8@@V?$Local@VFunctionTemplate@v8@@@3@@Z 100011e0 f i serialport.obj
 0001:00000280       ?Set@Nan@@YA?AV?$Maybe@_N@v8@@V?$Local@VObject@v8@@@3@V?$Local@VValue@v8@@@3@1@Z 10001280 f i serialport.obj
 0001:00000310       ?Set@Nan@@YA?AV?$Maybe@_N@v8@@V?$Local@VObject@v8@@@3@IV?$Local@VValue@v8@@@3@@Z 10001310 f i serialport.obj
 0001:000003a0       ?Get@Nan@@YA?AV?$MaybeLocal@VValue@v8@@@v8@@V?$Local@VObject@v8@@@3@V?$Local@VValue@v8@@@3@@Z 100013a0 f i serialport.obj
 0001:00000440       ?Has@Nan@@YA?AV?$Maybe@_N@v8@@V?$Local@VObject@v8@@@3@V?$Local@VString@v8@@@3@@Z 10001440 f i serialport.obj
 0001:000004d0       ?convert@?$ToFactory@VInt32@v8@@@imp@Nan@@SA?AV?$MaybeLocal@VInt32@v8@@@v8@@V?$Local@VValue@v8@@@5@@Z 100014d0 f i serialport.obj
 0001:00000570       ?New@?$Factory@VFunctionTemplate@v8@@@imp@Nan@@SA?AV?$Local@VFunctionTemplate@v8@@@v8@@P6AXABV?$FunctionCallbackInfo@VValue@v8@@@3@@ZV?$Local@VValue@v8@@@5@V?$Local@VSignature@v8@@@5@@Z 10001570 f i serialport.obj
 0001:000006c0       ??1EscapableHandleScope@Nan@@QAE@XZ 100016c0 f i serialport.obj
 0001:00000710       ??1HandleScope@Nan@@QAE@XZ 10001710 f i serialport.obj
 0001:00000760       ?ThrowTypeError@Nan@@YAXPBD@Z 10001760 f i serialport.obj
 0001:00000810       ??0Utf8String@Nan@@QAE@V?$Local@VValue@v8@@@v8@@@Z 10001810 f i serialport.obj
 0001:00000920       ??1Utf8String@Nan@@QAE@XZ  10001920 f i serialport.obj
 0001:00000970       ??1Callback@Nan@@QAE@XZ    10001970 f i serialport.obj
 0001:000009e0       ??$Reset@VObject@v8@@@?$Persistent@VObject@v8@@V?$NonCopyablePersistentTraits@VObject@v8@@@2@@Nan@@QAEXABV?$Local@VObject@v8@@@v8@@@Z 100019e0 f i serialport.obj
 0001:000009e0       ?Reset@Callback@Nan@@QAEXABV?$Local@VFunction@v8@@@v8@@@Z 100019e0 f i serialport.obj
 0001:00000a20       ?Call@Callback@Nan@@QBE?AV?$Local@VValue@v8@@@v8@@HQAV34@@Z 10001a20 f i serialport.obj
 0001:00000ad0       ?Call_@Callback@Nan@@ABE?AV?$Local@VValue@v8@@@v8@@PAVIsolate@4@V?$Local@VObject@v8@@@4@HQAV34@@Z 10001ad0 f i serialport.obj
 0001:00000b90       ??1?$Persistent@VObject@v8@@V?$NonCopyablePersistentTraits@VObject@v8@@@2@@Nan@@QAE@XZ 10001b90 f i serialport.obj
 0001:00000b90       ??1?$Persistent@VFunction@v8@@V?$NonCopyablePersistentTraits@VFunction@v8@@@2@@Nan@@QAE@XZ 10001b90 f i serialport.obj
 0001:00000bd0       ??1QueuedWrite@@QAE@XZ     10001bd0 f i serialport.obj
 0001:00000e50       ??_G_WriteQueue@@QAEPAXI@Z 10001e50 f i serialport.obj
 0001:00000ec0       ?getValueFromObject@@YA?AV?$Local@VValue@v8@@@v8@@V?$Local@VObject@v8@@@2@V?$basic_string@DU?$char_traits@D@std@@V?$allocator@D@2@@std@@@Z 10001ec0 f   serialport.obj
 0001:00000fe0       ?getIntFromObject@@YAHV?$Local@VObject@v8@@@v8@@V?$basic_string@DU?$char_traits@D@std@@V?$allocator@D@2@@std@@@Z 10001fe0 f   serialport.obj
 0001:000010e0       ?getBoolFromObject@@YA_NV?$Local@VObject@v8@@@v8@@V?$basic_string@DU?$char_traits@D@std@@V?$allocator@D@2@@std@@@Z 100020e0 f   serialport.obj
 0001:000011e0       ?getStringFromObj@@YA?AV?$Local@VString@v8@@@v8@@V?$Local@VObject@v8@@@2@V?$basic_string@DU?$char_traits@D@std@@V?$allocator@D@2@@std@@@Z 100021e0 f   serialport.obj
 0001:000012d0       ?getDoubleFromObject@@YANV?$Local@VObject@v8@@@v8@@V?$basic_string@DU?$char_traits@D@std@@V?$allocator@D@2@@std@@@Z 100022d0 f   serialport.obj
 0001:000013d0       ?Open@@YAXABV?$FunctionCallbackInfo@VValue@v8@@@Nan@@@Z 100023d0 f   serialport.obj
 0001:00001970       ?EIO_AfterOpen@@YAXPAUuv_work_s@@@Z 10002970 f   serialport.obj
 0001:00001bb0       ?Update@@YAXABV?$FunctionCallbackInfo@VValue@v8@@@Nan@@@Z 10002bb0 f   serialport.obj
 0001:00001e40       ?EIO_AfterUpdate@@YAXPAUuv_work_s@@@Z 10002e40 f   serialport.obj
 0001:00001f50       ?Write@@YAXABV?$FunctionCallbackInfo@VValue@v8@@@Nan@@@Z 10002f50 f   serialport.obj
 0001:000021f0       ?EIO_AfterWrite@@YAXPAUuv_work_s@@@Z 100031f0 f   serialport.obj
 0001:000023b0       ??_GWriteBaton@@QAEPAXI@Z  100033b0 f i serialport.obj
 0001:00002440       ?Close@@YAXABV?$FunctionCallbackInfo@VValue@v8@@@Nan@@@Z 10003440 f   serialport.obj
 0001:000025f0       ?EIO_AfterClose@@YAXPAUuv_work_s@@@Z 100035f0 f   serialport.obj
 0001:000027a0       ?List@@YAXABV?$FunctionCallbackInfo@VValue@v8@@@Nan@@@Z 100037a0 f   serialport.obj
 0001:00002900       ?setIfNotEmpty@@YAXV?$Local@VObject@v8@@@v8@@V?$basic_string@DU?$char_traits@D@std@@V?$allocator@D@2@@std@@PBD@Z 10003900 f   serialport.obj
 0001:00002a50       ?EIO_AfterList@@YAXPAUuv_work_s@@@Z 10003a50 f   serialport.obj
 0001:000030c0       ??1ListBaton@@QAE@XZ       100040c0 f i serialport.obj
 0001:00003180       ?Flush@@YAXABV?$FunctionCallbackInfo@VValue@v8@@@Nan@@@Z 10004180 f   serialport.obj
 0001:00003330       ?EIO_AfterFlush@@YAXPAUuv_work_s@@@Z 10004330 f   serialport.obj
 0001:00003480       ?Set@@YAXABV?$FunctionCallbackInfo@VValue@v8@@@Nan@@@Z 10004480 f   serialport.obj
 0001:00003770       ?EIO_AfterSet@@YAXPAUuv_work_s@@@Z 10004770 f   serialport.obj
 0001:00003880       ?Drain@@YAXABV?$FunctionCallbackInfo@VValue@v8@@@Nan@@@Z 10004880 f   serialport.obj
 0001:00003a30       ?EIO_AfterDrain@@YAXPAUuv_work_s@@@Z 10004a30 f   serialport.obj
 0001:00003b40       ?ToParityEnum@@YA?AW4SerialPortParity@@ABV?$Local@VString@v8@@@v8@@@Z 10004b40 f i serialport.obj
 0001:00003c90       _init                      10004c90 f   serialport.obj
 0001:00003d90       ??1?$list@PAUListResultItem@@V?$allocator@PAUListResultItem@@@std@@@std@@QAE@XZ 10004d90 f i serialport.obj
 0001:00003e10       ??1?$Persistent@VObject@v8@@V?$NonCopyablePersistentTraits@VObject@v8@@@2@@v8@@QAE@XZ 10004e10 f i serialport.obj
 0001:00003e10       ??1?$Persistent@VFunction@v8@@V?$NonCopyablePersistentTraits@VFunction@v8@@@2@@v8@@QAE@XZ 10004e10 f i serialport.obj
 0001:00003e50       ??1?$basic_string@DU?$char_traits@D@std@@V?$allocator@D@2@@std@@QAE@XZ 10004e50 f i serialport.obj
 0001:00003ec0       ??0?$basic_string@DU?$char_traits@D@std@@V?$allocator@D@2@@std@@QAE@PBD@Z 10004ec0 f i serialport.obj
 0001:00003f10       ??1?$_List_buy@PAUListResultItem@@V?$allocator@PAUListResultItem@@@std@@@std@@QAE@XZ 10004f10 f i serialport.obj
 0001:00003f60       ??1?$_List_alloc@U?$_List_base_types@PAUListResultItem@@V?$allocator@PAUListResultItem@@@std@@@std@@@std@@QAE@XZ 10004f60 f i serialport.obj
 0001:00003f70       ?assign@?$basic_string@DU?$char_traits@D@std@@V?$allocator@D@2@@std@@QAEAAV12@PBDI@Z 10004f70 f i serialport.obj
 0001:00004070       ?assign@?$basic_string@DU?$char_traits@D@std@@V?$allocator@D@2@@std@@QAEAAV12@ABV12@II@Z 10005070 f i serialport.obj
 0001:00004180       ?erase@?$basic_string@DU?$char_traits@D@std@@V?$allocator@D@2@@std@@QAEAAV12@II@Z 10005180 f i serialport.obj
 0001:00004200       ?_Copy@?$basic_string@DU?$char_traits@D@std@@V?$allocator@D@2@@std@@QAEXII@Z 10005200 f i serialport.obj
 0001:00004330       ??$New@VString@v8@@V?$basic_string@DU?$char_traits@D@std@@V?$allocator@D@2@@std@@@Nan@@YA?AV?$MaybeLocal@VString@v8@@@v8@@V?$basic_string@DU?$char_traits@D@std@@V?$allocator@D@2@@std@@@Z 10005330 f i serialport.obj
 0001:00004420       ??$SetMethod@VObject@v8@@VLocal@2@@Nan@@YAXV?$Local@VObject@v8@@@v8@@PBDP6AXABV?$FunctionCallbackInfo@VValue@v8@@@0@@Z@Z 10005420 f i serialport.obj
 0001:000044e0       ??$SetMethodAux@V?$Local@VObject@v8@@@v8@@@imp@Nan@@YAXV?$Local@VObject@v8@@@v8@@V?$Local@VString@v8@@@3@V?$Local@VFunctionTemplate@v8@@@3@ZZ 100054e0 f i serialport.obj
 0001:00004520       ___local_stdio_printf_options 10005520 f i serialport_win.obj
 0001:00004530       __snprintf_s               10005530 f i serialport_win.obj
 0001:00004570       ?Error@Nan@@YA?AV?$Local@VValue@v8@@@v8@@PBD@Z 10005570 f i serialport_win.obj
 0001:00004630       ?ErrorCodeToString@@YAXPBDHPAD@Z 10005630 f   serialport_win.obj
 0001:000046d0       ?EIO_Open@@YAXPAUuv_work_s@@@Z 100056d0 f   serialport_win.obj
 0001:000049e0       ?EIO_Update@@YAXPAUuv_work_s@@@Z 100059e0 f   serialport_win.obj
 0001:00004a90       ?EIO_Set@@YAXPAUuv_work_s@@@Z 10005a90 f   serialport_win.obj
 0001:00004b40       ?EIO_WatchPort@@YAXPAUuv_work_s@@@Z 10005b40 f   serialport_win.obj
 0001:00004c50       ?DisposeWatchPortCallbacks@@YAXPAUWatchPortBaton@@@Z 10005c50 f   serialport_win.obj
 0001:00004d70       ?EIO_AfterWatchPort@@YAXPAUuv_work_s@@@Z 10005d70 f   serialport_win.obj
 0001:00004f40       ?AfterOpenSuccess@@YAXHPAVCallback@Nan@@00@Z 10005f40 f   serialport_win.obj
 0001:00004fc0       ?EIO_Write@@YAXPAUuv_work_s@@@Z 10005fc0 f   serialport_win.obj
 0001:000050b0       ?EIO_Close@@YAXPAUuv_work_s@@@Z 100060b0 f   serialport_win.obj
 0001:00005110       ?EIO_List@@YAXPAUuv_work_s@@@Z 10006110 f   serialport_win.obj
 0001:00005660       ??0ListResultItem@@QAE@XZ  10006660 f i serialport_win.obj
 0001:00005750       ?EIO_Flush@@YAXPAUuv_work_s@@@Z 10006750 f   serialport_win.obj
 0001:00005780       ?EIO_Drain@@YAXPAUuv_work_s@@@Z 10006780 f   serialport_win.obj
 0001:000057b0       ?remove@?$list@HV?$allocator@H@std@@@std@@QAEXABH@Z 100067b0 f i serialport_win.obj
 0001:00005830       ??1?$list@HV?$allocator@H@std@@@std@@QAE@XZ 10006830 f i serialport_win.obj
 0001:000058c0       ??1?$_List_buy@HV?$allocator@H@std@@@std@@QAE@XZ 100068c0 f i serialport_win.obj
 0001:00005910       ??1?$_List_alloc@U?$_List_base_types@HV?$allocator@H@std@@@std@@@std@@QAE@XZ 10006910 f i serialport_win.obj
 0001:00005920       ??$_Insert@ABH@?$list@HV?$allocator@H@std@@@std@@QAEXV?$_List_unchecked_const_iterator@V?$_List_val@U?$_List_simple_types@H@std@@@std@@U_Iterator_base0@2@@1@ABH@Z 10006920 f i serialport_win.obj
 0001:000059a0       ??0?$_Wrap_alloc@V?$allocator@U?$_List_node@HPAX@std@@@std@@@std@@QAE@XZ 100069a0 f i serialport_win.obj
 0001:000059a6       ??0bad_alloc@std@@QAE@ABV01@@Z 100069a6 f i libcpmt:xthrow.obj
 0001:000059c1       ??0bad_alloc@std@@QAE@XZ   100069c1 f i libcpmt:xthrow.obj
 0001:000059d9       ??0exception@std@@QAE@ABV01@@Z 100069d9 f i libcpmt:xthrow.obj
 0001:00005a05       ??0exception@std@@QAE@QBD@Z 10006a05 f i libcpmt:xthrow.obj
 0001:00005a3c       ??0length_error@std@@QAE@ABV01@@Z 10006a3c f i libcpmt:xthrow.obj
 0001:00005a57       ??0length_error@std@@QAE@PBD@Z 10006a57 f i libcpmt:xthrow.obj
 0001:00005a78       ??0logic_error@std@@QAE@ABV01@@Z 10006a78 f i libcpmt:xthrow.obj
 0001:00005a93       ??0out_of_range@std@@QAE@ABV01@@Z 10006a93 f i libcpmt:xthrow.obj
 0001:00005aae       ??0out_of_range@std@@QAE@PBD@Z 10006aae f i libcpmt:xthrow.obj
 0001:00005acf       ??_Gbad_alloc@std@@UAEPAXI@Z 10006acf f i libcpmt:xthrow.obj
 0001:00005acf       ??_Ebad_exception@std@@UAEPAXI@Z 10006acf f i libvcruntime:frame.obj
 0001:00005acf       ??_Ebad_alloc@std@@UAEPAXI@Z 10006acf f i libcpmt:xthrow.obj
 0001:00005acf       ??_Gout_of_range@std@@UAEPAXI@Z 10006acf f i libcpmt:xthrow.obj
 0001:00005acf       ??_Eexception@std@@UAEPAXI@Z 10006acf f i libcpmt:xthrow.obj
 0001:00005acf       ??_Glogic_error@std@@UAEPAXI@Z 10006acf f i libcpmt:xthrow.obj
 0001:00005acf       ??_Elogic_error@std@@UAEPAXI@Z 10006acf f i libcpmt:xthrow.obj
 0001:00005acf       ??_Glength_error@std@@UAEPAXI@Z 10006acf f i libcpmt:xthrow.obj
 0001:00005acf       ??_Ebad_array_new_length@std@@UAEPAXI@Z 10006acf f i LIBCMT:throw_bad_alloc.obj
 0001:00005acf       ??_Gbad_exception@std@@UAEPAXI@Z 10006acf f i libvcruntime:frame.obj
 0001:00005acf       ??_Gexception@std@@UAEPAXI@Z 10006acf f i libcpmt:xthrow.obj
 0001:00005acf       ??_Gbad_array_new_length@std@@UAEPAXI@Z 10006acf f i LIBCMT:throw_bad_alloc.obj
 0001:00005acf       ??_Eout_of_range@std@@UAEPAXI@Z 10006acf f i libcpmt:xthrow.obj
 0001:00005acf       ??_Elength_error@std@@UAEPAXI@Z 10006acf f i libcpmt:xthrow.obj
 0001:00005afc       ?_Xlength_error@std@@YAXPBD@Z 10006afc f   libcpmt:xthrow.obj
 0001:00005b1c       ?_Xout_of_range@std@@YAXPBD@Z 10006b1c f   libcpmt:xthrow.obj
 0001:00005b3c       ?what@exception@std@@UBEPBDXZ 10006b3c f i libcpmt:xthrow.obj
 0001:00005b49       @__security_check_cookie@4 10006b49 f   LIBCMT:_secchk_.obj
 0001:00005b5a       ??2@YAPAXI@Z               10006b5a f   LIBCMT:new_scalar.obj
 0001:00005b8d       ??3@YAXPAX@Z               10006b8d f   LIBCMT:delete_scalar.obj
 0001:00005b92       ??3@YAXPAXI@Z              10006b92 f   LIBCMT:delete_scalar_size.obj
 0001:00005ba0       ___raise_securityfailure   10006ba0 f   LIBCMT:gs_report.obj
 0001:00005bc8       ___report_gsfailure        10006bc8 f   LIBCMT:gs_report.obj
 0001:00005cc3       ___report_rangecheckfailure 10006cc3 f   LIBCMT:gs_report.obj
 0001:00005ccf       ___report_securityfailure  10006ccf f   LIBCMT:gs_report.obj
 0001:00005d9f       ??$__crt_fast_encode_pointer@PAP6AXXZ@@YAPAP6AXXZQAP6AXXZ@Z 10006d9f f i LIBCMT:utility.obj
 0001:00005d9f       ??$__crt_fast_encode_pointer@PAX@@YAPAXQAX@Z 10006d9f f i libvcruntime:winapi_downlevel.obj
 0001:00005e00       ___scrt_acquire_startup_lock 10006e00 f   LIBCMT:utility.obj
 0001:00005e35       ___scrt_dllmain_after_initialize_c 10006e35 f   LIBCMT:utility.obj
 0001:00005e60       ___scrt_dllmain_before_initialize_c 10006e60 f   LIBCMT:utility.obj
 0001:00005e6e       ___scrt_dllmain_crt_thread_attach 10006e6e f   LIBCMT:utility.obj
 0001:00005e8d       ___scrt_dllmain_crt_thread_detach 10006e8d f   LIBCMT:utility.obj
 0001:00005e9a       ___scrt_dllmain_exception_filter 10006e9a f   LIBCMT:utility.obj
 0001:00005ecd       ___scrt_dllmain_uninitialize_c 10006ecd f   LIBCMT:utility.obj
 0001:00005ef0       ___scrt_dllmain_uninitialize_critical 10006ef0 f   LIBCMT:utility.obj
 0001:00005efd       ___scrt_initialize_crt     10006efd f   LIBCMT:utility.obj
 0001:00005f36       ___scrt_initialize_onexit_tables 10006f36 f   LIBCMT:utility.obj
 0001:00005fcd       ___scrt_is_nonwritable_in_current_image 10006fcd f   LIBCMT:utility.obj
 0001:00006057       ___scrt_release_startup_lock 10007057 f   LIBCMT:utility.obj
 0001:00006074       ___scrt_uninitialize_crt   10007074 f   LIBCMT:utility.obj
 0001:0000609c       __onexit                   1000709c f   LIBCMT:utility.obj
 0001:000060d7       _atexit                    100070d7 f   LIBCMT:utility.obj
 0001:000063f4       __DllMainCRTStartup@12     100073f4 f   LIBCMT:dll_dllmain.obj
 0001:00006417       ??_Etype_info@@UAEPAXI@Z   10007417 f i LIBCMT:std_type_info_static.obj
 0001:00006417       ??_Gtype_info@@UAEPAXI@Z   10007417 f i LIBCMT:std_type_info_static.obj
 0001:0000643a       ??0bad_array_new_length@std@@QAE@ABV01@@Z 1000743a f i LIBCMT:throw_bad_alloc.obj
 0001:00006455       ??0bad_array_new_length@std@@QAE@XZ 10007455 f i LIBCMT:throw_bad_alloc.obj
 0001:0000646d       ??1bad_alloc@std@@UAE@XZ   1000746d f i libcpmt:xthrow.obj
 0001:0000646d       ??1out_of_range@std@@UAE@XZ 1000746d f i libcpmt:xthrow.obj
 0001:0000646d       ??1bad_array_new_length@std@@UAE@XZ 1000746d f i LIBCMT:throw_bad_alloc.obj
 0001:0000646d       ??1bad_exception@std@@UAE@XZ 1000746d f i libvcruntime:frame.obj
 0001:0000646d       ??1length_error@std@@UAE@XZ 1000746d f i libcpmt:xthrow.obj
 0001:0000647e       ?__scrt_throw_std_bad_alloc@@YAXXZ 1000747e f   LIBCMT:throw_bad_alloc.obj
 0001:0000647e       ?_Xbad_alloc@std@@YAXXZ    1000747e f   libcpmt:xthrow.obj
 0001:0000649b       ?__scrt_throw_std_bad_array_new_length@@YAXXZ 1000749b f   LIBCMT:throw_bad_alloc.obj
 0001:000064b8       ___isa_available_init      100074b8 f   LIBCMT:_cpu_disp_.obj
 0001:00006652       __get_startup_argv_mode    10007652 f   LIBCMT:argv_mode.obj
 0001:00006656       ___scrt_is_ucrt_dll_in_use 10007656 f   LIBCMT:ucrt_detection.obj
 0001:00006662       ___scrt_fastfail           10007662 f   LIBCMT:utility_desktop.obj
 0001:0000677d       __crt_debugger_hook        1000777d f   LIBCMT:utility_desktop.obj
 0001:00006785       @_guard_check_icall@4      10007785 f i LIBCMT:checkcfg.obj
 0001:00006790       __SEH_prolog4              10007790 f   LIBCMT:_sehprolg4_.obj
 0001:000067d6       __SEH_epilog4              100077d6 f   LIBCMT:_sehprolg4_.obj
 0001:000067eb       ___security_init_cookie    100077eb f   LIBCMT:gs_support.obj
 0001:00006887       _DllMain@12                10007887 f   LIBCMT:dll_dllmain_stub.obj
 0001:0000688d       ?__scrt_initialize_type_info@@YAXXZ 1000788d f   LIBCMT:tncleanup.obj
 0001:00006899       ?__scrt_uninitialize_type_info@@YAXXZ 10007899 f   LIBCMT:tncleanup.obj
 0001:000068a5       ___local_stdio_scanf_options 100078a5 f i LIBCMT:default_local_stdio_options.obj
 0001:000068ab       ___scrt_initialize_default_local_stdio_options 100078ab f   LIBCMT:default_local_stdio_options.obj
 0001:000068c8       ___scrt_get_dyn_tls_init_callback 100078c8 f   LIBCMT:dyn_tls_init.obj
 0001:000068ce       __RTC_Initialize           100078ce f   LIBCMT:_initsect_.obj
 0001:000068f9       __RTC_Terminate            100078f9 f   LIBCMT:_initsect_.obj
 0001:00006930       _memmove                   10007930 f   libvcruntime:memmove.obj
 0001:00006eb0       _strstr                    10007eb0 f   libvcruntime:strstr.obj
 0001:00007113       ___std_exception_copy      10008113 f   libvcruntime:std_exception.obj
 0001:00007176       ___std_exception_destroy   10008176 f   libvcruntime:std_exception.obj
 0001:00007195       __CxxThrowException@8      10008195 f   libvcruntime:throw.obj
 0001:00007203       ___vcrt_initialize         10008203 f   libvcruntime:initialization.obj
 0001:0000722c       ___vcrt_thread_attach      1000822c f   libvcruntime:initialization.obj
 0001:00007237       ___vcrt_thread_detach      10008237 f   libvcruntime:initialization.obj
 0001:00007242       ___vcrt_uninitialize       10008242 f   libvcruntime:initialization.obj
 0001:00007261       ___vcrt_uninitialize_critical 10008261 f   libvcruntime:initialization.obj
 0001:000072b0       __except_handler4          100082b0 f   libvcruntime:_chandler4_.obj
 0001:00007420       _memset                    10008420 f   libvcruntime:memset.obj
 0001:0000757a       ___std_type_info_compare   1000857a f   libvcruntime:std_type_info.obj
 0001:000075b6       ___std_type_info_destroy_list 100085b6 f   libvcruntime:std_type_info.obj
 0001:000075e0       _strchr                    100085e0 f   libvcruntime:strchr.obj
 0001:0000764e       ___from_strstr_to_strchr   1000864e     libvcruntime:strchr.obj
 0001:0000770b       ___vcrt_freefls@4          1000870b f   libvcruntime:per_thread_data.obj
 0001:00007727       ___vcrt_freeptd            10008727 f   libvcruntime:per_thread_data.obj
 0001:0000775d       ___vcrt_getptd             1000875d f   libvcruntime:per_thread_data.obj
 0001:0000776b       ___vcrt_getptd_noexit      1000876b f   libvcruntime:per_thread_data.obj
 0001:000077fd       ___vcrt_initialize_ptd     100087fd f   libvcruntime:per_thread_data.obj
 0001:00007830       ___vcrt_uninitialize_ptd   10008830 f   libvcruntime:per_thread_data.obj
 0001:0000784b       ___vcrt_initialize_locks   1000884b f   libvcruntime:locks.obj
 0001:00007887       ___vcrt_uninitialize_locks 10008887 f   libvcruntime:locks.obj
 0001:000079d7       ___vcrt_FlsAlloc           100089d7 f   libvcruntime:winapi_downlevel.obj
 0001:00007a11       ___vcrt_FlsFree            10008a11 f   libvcruntime:winapi_downlevel.obj
 0001:00007a4b       ___vcrt_FlsGetValue        10008a4b f   libvcruntime:winapi_downlevel.obj
 0001:00007a85       ___vcrt_FlsSetValue        10008a85 f   libvcruntime:winapi_downlevel.obj
 0001:00007ac2       ___vcrt_InitializeCriticalSectionEx 10008ac2 f   libvcruntime:winapi_downlevel.obj
 0001:00007b08       ___vcrt_initialize_winapi_thunks 10008b08 f   libvcruntime:winapi_downlevel.obj
 0001:00007b42       ___vcrt_uninitialize_winapi_thunks 10008b42 f   libvcruntime:winapi_downlevel.obj
 0001:00007b74       ___vcrt_initialize_pure_virtual_call_handler 10008b74 f   libvcruntime:purevirt_data.obj
 0001:00007ba0       __local_unwind4            10008ba0 f   libvcruntime:_exsup4_.obj
 0001:00007c76       __seh_longjmp_unwind4@4    10008c76 f   libvcruntime:_exsup4_.obj
 0001:00007c9e       @_EH4_CallFilterFunc@8     10008c9e f   libvcruntime:_exsup4_.obj
 0001:00007cb5       @_EH4_TransferToHandler@8  10008cb5 f   libvcruntime:_exsup4_.obj
 0001:00007cce       @_EH4_GlobalUnwind2@8      10008cce f   libvcruntime:_exsup4_.obj
 0001:00007ce7       @_EH4_LocalUnwind@16       10008ce7 f   libvcruntime:_exsup4_.obj
 0001:00007cfe       ___except_validate_context_record 10008cfe f   libvcruntime:jbcxrval.obj
 0001:00007cfe       @_guard_check_icall_nop@4  10008cfe f   LIBCMT:guard_support.obj
 0001:00007cfe       ___except_validate_jump_buffer 10008cfe f   libvcruntime:jbcxrval.obj
 0001:00007d00       __global_unwind2           10008d00 f   libvcruntime:_exsup_.obj
 0001:00007d65       __local_unwind2            10008d65 f   libvcruntime:_exsup_.obj
 0001:00007de9       __abnormal_termination     10008de9 f   libvcruntime:_exsup_.obj
 0001:00007e0c       __NLG_Notify1              10008e0c f   libvcruntime:_exsup_.obj
 0001:00007e15       __NLG_Notify               10008e15 f   libvcruntime:_exsup_.obj
 0001:00007e2c       __NLG_Dispatch2            10008e2c     libvcruntime:_exsup_.obj
 0001:00007e2c       __NLG_Dispatch             10008e2c     libvcruntime:_exsup_.obj
 0001:00007e34       __NLG_Call                 10008e34 f   libvcruntime:_exsup_.obj
 0001:00007e36       __NLG_Return2              10008e36     libvcruntime:_exsup_.obj
 0001:00007e37       _free                      10008e37 f   libucrt:free.obj
 0001:000084a0       ??$ftprintf@PAU_iobuf@@PB_WABQB_WABQB_WABI@?$__crt_char_traits@_W@@SAH$$QAPAU_iobuf@@$$QAPB_WABQB_W2ABI@Z 100094a0 f i libucrt:assert.obj
 0001:0000857f       __vfwprintf_l              1000957f f i libucrt:assert.obj
 0001:000085a4       __vswprintf_c_l            100095a4 f i libucrt:assert.obj
 0001:000085d3       __wassert                  100095d3 f   libucrt:assert.obj
 0001:0000861b       _fwprintf                  1000961b f i libucrt:assert.obj
 0001:00008636       _swprintf                  10009636 f i libucrt:assert.obj
 0001:00008654       ___acrt_call_reportfault   10009654 f   libucrt:invalid_parameter.obj
 0001:0000878f       ___acrt_initialize_invalid_parameter_handler 1000978f f   libucrt:invalid_parameter.obj
 0001:000087a3       __invalid_parameter        100097a3 f   libucrt:invalid_parameter.obj
 0001:0000881e       __invalid_parameter_noinfo 1000981e f   libucrt:invalid_parameter.obj
 0001:0000882e       __invalid_parameter_noinfo_noreturn 1000982e f   libucrt:invalid_parameter.obj
 0001:0000884b       __invoke_watson            1000984b f   libucrt:invalid_parameter.obj
 0001:0000887e       _malloc                    1000987e f   libucrt:malloc.obj
 0001:0000893a       _strncpy_s                 1000993a f   libucrt:strncpy_s.obj
 0001:00008945       ??$?RV<lambda_ab9923ffb5d694ec0d78876dd103e44f>@@AAV<lambda_481dd5778c961fbcd3b60b650e9b9dc4>@@V<lambda_7923d86c9e3f319b415918ec4b39749c>@@@?$__crt_seh_guarded_call@H@@QAEH$$QAV<lambda_ab9923ffb5d694ec0d78876dd103e44f>@@AAV<lambda_481dd5778c961fbcd3b60b650e9b9dc4>@@$$QAV<lambda_7923d86c9e3f319b415918ec4b39749c>@@@Z 10009945 f i libucrt:output.obj
 0001:00008996       ??$__acrt_lock_stream_and_call@V<lambda_481dd5778c961fbcd3b60b650e9b9dc4>@@@@YAHQAU_iobuf@@$$QAV<lambda_481dd5778c961fbcd3b60b650e9b9dc4>@@@Z 10009996 f i libucrt:output.obj
 0001:00008dc3       ??$count@D@formatting_buffer@__crt_stdio_output@@QBEIXZ 10009dc3 f i libucrt:output.obj
 0001:00008ddb       ??$ensure_buffer_is_big_enough@D@formatting_buffer@__crt_stdio_output@@QAE_NI@Z 10009ddb f i libucrt:output.obj
 0001:00008e61       ??$is_wide_character_specifier@D@__crt_stdio_output@@YA_N_KDW4length_modifier@0@@Z 10009e61 f i libucrt:output.obj
 0001:00008ea1       ??$is_wide_character_specifier@_W@__crt_stdio_output@@YA_N_K_WW4length_modifier@0@@Z 10009ea1 f i libucrt:output.obj
 0001:00008ef0       ??$scratch_data@D@formatting_buffer@__crt_stdio_output@@QAEPADXZ 10009ef0 f i libucrt:output.obj
 0001:00008f0e       ??$type_case_integer_parse_into_buffer@I@?$output_processor@DV?$string_output_adapter@D@__crt_stdio_output@@V?$format_validation_base@DV?$string_output_adapter@D@__crt_stdio_output@@@2@@__crt_stdio_output@@AAEXII_N@Z 10009f0e f i libucrt:output.obj
 0001:00008f0e       ??$type_case_integer_parse_into_buffer@I@?$output_processor@_WV?$stream_output_adapter@_W@__crt_stdio_output@@V?$standard_base@_WV?$stream_output_adapter@_W@__crt_stdio_output@@@2@@__crt_stdio_output@@AAEXII_N@Z 10009f0e f i libucrt:output.obj
 0001:00008f0e       ??$type_case_integer_parse_into_buffer@I@?$output_processor@_WV?$string_output_adapter@_W@__crt_stdio_output@@V?$standard_base@_WV?$string_output_adapter@_W@__crt_stdio_output@@@2@@__crt_stdio_output@@AAEXII_N@Z 10009f0e f i libucrt:output.obj
 0001:00008f83       ??$type_case_integer_parse_into_buffer@_K@?$output_processor@_WV?$stream_output_adapter@_W@__crt_stdio_output@@V?$standard_base@_WV?$stream_output_adapter@_W@__crt_stdio_output@@@2@@__crt_stdio_output@@AAEX_KI_N@Z 10009f83 f i libucrt:output.obj
 0001:00008f83       ??$type_case_integer_parse_into_buffer@_K@?$output_processor@DV?$string_output_adapter@D@__crt_stdio_output@@V?$format_validation_base@DV?$string_output_adapter@D@__crt_stdio_output@@@2@@__crt_stdio_output@@AAEX_KI_N@Z 10009f83 f i libucrt:output.obj
 0001:00008f83       ??$type_case_integer_parse_into_buffer@_K@?$output_processor@_WV?$string_output_adapter@_W@__crt_stdio_output@@V?$standard_base@_WV?$string_output_adapter@_W@__crt_stdio_output@@@2@@__crt_stdio_output@@AAEX_KI_N@Z 10009f83 f i libucrt:output.obj
 0001:0000900b       ??$write_multiple_characters@V?$stream_output_adapter@_W@__crt_stdio_output@@D@__crt_stdio_output@@YAXABV?$stream_output_adapter@_W@0@DHQAH@Z 1000a00b f i libucrt:output.obj
 0001:0000903c       ??$write_multiple_characters@V?$string_output_adapter@D@__crt_stdio_output@@D@__crt_stdio_output@@YAXABV?$string_output_adapter@D@0@DHQAH@Z 1000a03c f i libucrt:output.obj
 0001:00009068       ??$write_multiple_characters@V?$string_output_adapter@_W@__crt_stdio_output@@D@__crt_stdio_output@@YAXABV?$string_output_adapter@_W@0@DHQAH@Z 1000a068 f i libucrt:output.obj
 0001:00009099       ??0?$common_data@D@__crt_stdio_output@@IAE@XZ 1000a099 f i libucrt:output.obj
 0001:000090e0       ??0?$common_data@_W@__crt_stdio_output@@IAE@XZ 1000a0e0 f i libucrt:output.obj
 0001:0000912c       ??0?$output_adapter_data@DV?$string_output_adapter@D@__crt_stdio_output@@@__crt_stdio_output@@IAE@ABV?$string_output_adapter@D@1@_KQBDQAU__crt_locale_pointers@@QAD@Z 1000a12c f i libucrt:output.obj
 0001:00009168       ??0?$output_adapter_data@_WV?$stream_output_adapter@_W@__crt_stdio_output@@@__crt_stdio_output@@IAE@ABV?$stream_output_adapter@_W@1@_KQB_WQAU__crt_locale_pointers@@QAD@Z 1000a168 f i libucrt:output.obj
 0001:00009168       ??0?$output_adapter_data@_WV?$string_output_adapter@_W@__crt_stdio_output@@@__crt_stdio_output@@IAE@ABV?$string_output_adapter@_W@1@_KQB_WQAU__crt_locale_pointers@@QAD@Z 1000a168 f i libucrt:output.obj
 0001:000091a4       ??0?$output_processor@DV?$string_output_adapter@D@__crt_stdio_output@@V?$format_validation_base@DV?$string_output_adapter@D@__crt_stdio_output@@@2@@__crt_stdio_output@@QAE@ABV?$string_output_adapter@D@1@_KQBDQAU__crt_locale_pointers@@QAD@Z 1000a1a4 f i libucrt:output.obj
 0001:000091d9       ??0?$output_processor@_WV?$stream_output_adapter@_W@__crt_stdio_output@@V?$standard_base@_WV?$stream_output_adapter@_W@__crt_stdio_output@@@2@@__crt_stdio_output@@QAE@ABV?$stream_output_adapter@_W@1@_KQB_WQAU__crt_locale_pointers@@QAD@Z 1000a1d9 f i libucrt:output.obj
 0001:000091d9       ??0?$output_processor@_WV?$string_output_adapter@_W@__crt_stdio_output@@V?$standard_base@_WV?$string_output_adapter@_W@__crt_stdio_output@@@2@@__crt_stdio_output@@QAE@ABV?$string_output_adapter@_W@1@_KQB_WQAU__crt_locale_pointers@@QAD@Z 1000a1d9 f i libucrt:output.obj
 0001:0000920e       ??0_LocaleUpdate@@QAE@QAU__crt_locale_pointers@@@Z 1000a20e f i libucrt:output.obj
 0001:00009291       ??1formatting_buffer@__crt_stdio_output@@QAE@XZ 1000a291 f i libucrt:output.obj
 0001:000092ab       ??4?$__crt_unique_heap_ptr@DU__crt_internal_free_policy@@@@QAEAAV0@$$QAV0@@Z 1000a2ab f i libucrt:output.obj
 0001:0000938c       ?crop_zeroes@__crt_stdio_output@@YAXPADQAU__crt_locale_pointers@@@Z 1000a38c f i libucrt:output.obj
 0001:000093e3       ?find_next_state@?$output_processor@DV?$string_output_adapter@D@__crt_stdio_output@@V?$format_validation_base@DV?$string_output_adapter@D@__crt_stdio_output@@@2@@__crt_stdio_output@@ABE?AW4state@2@DW432@@Z 1000a3e3 f i libucrt:output.obj
 0001:00009418       ?find_next_state@?$output_processor@_WV?$string_output_adapter@_W@__crt_stdio_output@@V?$standard_base@_WV?$string_output_adapter@_W@__crt_stdio_output@@@2@@__crt_stdio_output@@ABE?AW4state@2@_WW432@@Z 1000a418 f i libucrt:output.obj
 0001:00009418       ?find_next_state@?$output_processor@_WV?$stream_output_adapter@_W@__crt_stdio_output@@V?$standard_base@_WV?$stream_output_adapter@_W@__crt_stdio_output@@@2@@__crt_stdio_output@@ABE?AW4state@2@_WW432@@Z 1000a418 f i libucrt:output.obj
 0001:0000944c       ?force_decimal_point@__crt_stdio_output@@YAXPADQAU__crt_locale_pointers@@@Z 1000a44c f i libucrt:output.obj
 0001:000094a8       ?parse_int_from_format_string@?$output_processor@DV?$string_output_adapter@D@__crt_stdio_output@@V?$format_validation_base@DV?$string_output_adapter@D@__crt_stdio_output@@@2@@__crt_stdio_output@@AAE_NQAH@Z 1000a4a8 f i libucrt:output.obj
 0001:00009504       ?parse_int_from_format_string@?$output_processor@_WV?$stream_output_adapter@_W@__crt_stdio_output@@V?$standard_base@_WV?$stream_output_adapter@_W@__crt_stdio_output@@@2@@__crt_stdio_output@@AAE_NQAH@Z 1000a504 f i libucrt:output.obj
 0001:00009504       ?parse_int_from_format_string@?$output_processor@_WV?$string_output_adapter@_W@__crt_stdio_output@@V?$standard_base@_WV?$string_output_adapter@_W@__crt_stdio_output@@@2@@__crt_stdio_output@@AAE_NQAH@Z 1000a504 f i libucrt:output.obj
 0001:00009562       ?process@?$output_processor@DV?$string_output_adapter@D@__crt_stdio_output@@V?$format_validation_base@DV?$string_output_adapter@D@__crt_stdio_output@@@2@@__crt_stdio_output@@QAEHXZ 1000a562 f i libucrt:output.obj
 0001:0000968a       ?process@?$output_processor@_WV?$stream_output_adapter@_W@__crt_stdio_output@@V?$standard_base@_WV?$stream_output_adapter@_W@__crt_stdio_output@@@2@@__crt_stdio_output@@QAEHXZ 1000a68a f i libucrt:output.obj
 0001:000097aa       ?process@?$output_processor@_WV?$string_output_adapter@_W@__crt_stdio_output@@V?$standard_base@_WV?$string_output_adapter@_W@__crt_stdio_output@@@2@@__crt_stdio_output@@QAEHXZ 1000a7aa f i libucrt:output.obj
 0001:000098ca       ?state_case_flag@?$output_processor@DV?$string_output_adapter@D@__crt_stdio_output@@V?$format_validation_base@DV?$string_output_adapter@D@__crt_stdio_output@@@2@@__crt_stdio_output@@AAE_NXZ 1000a8ca f i libucrt:output.obj
 0001:00009907       ?state_case_flag@?$output_processor@_WV?$string_output_adapter@_W@__crt_stdio_output@@V?$standard_base@_WV?$string_output_adapter@_W@__crt_stdio_output@@@2@@__crt_stdio_output@@AAE_NXZ 1000a907 f i libucrt:output.obj
 0001:00009907       ?state_case_flag@?$output_processor@_WV?$stream_output_adapter@_W@__crt_stdio_output@@V?$standard_base@_WV?$stream_output_adapter@_W@__crt_stdio_output@@@2@@__crt_stdio_output@@AAE_NXZ 1000a907 f i libucrt:output.obj
 0001:00009944       ?state_case_normal@?$output_processor@DV?$string_output_adapter@D@__crt_stdio_output@@V?$format_validation_base@DV?$string_output_adapter@D@__crt_stdio_output@@@2@@__crt_stdio_output@@AAE_NXZ 1000a944 f i libucrt:output.obj
 0001:00009963       ?state_case_normal@?$output_processor@_WV?$stream_output_adapter@_W@__crt_stdio_output@@V?$standard_base@_WV?$stream_output_adapter@_W@__crt_stdio_output@@@2@@__crt_stdio_output@@AAE_NXZ 1000a963 f i libucrt:output.obj
 0001:00009982       ?state_case_normal@?$output_processor@_WV?$string_output_adapter@_W@__crt_stdio_output@@V?$standard_base@_WV?$string_output_adapter@_W@__crt_stdio_output@@@2@@__crt_stdio_output@@AAE_NXZ 1000a982 f i libucrt:output.obj
 0001:000099a1       ?state_case_normal_common@?$output_processor@DV?$string_output_adapter@D@__crt_stdio_output@@V?$format_validation_base@DV?$string_output_adapter@D@__crt_stdio_output@@@2@@__crt_stdio_output@@AAE_NXZ 1000a9a1 f i libucrt:output.obj
 0001:000099cb       ?state_case_normal_common@?$output_processor@_WV?$stream_output_adapter@_W@__crt_stdio_output@@V?$standard_base@_WV?$stream_output_adapter@_W@__crt_stdio_output@@@2@@__crt_stdio_output@@AAE_NXZ 1000a9cb f i libucrt:output.obj
 0001:000099e6       ?state_case_normal_common@?$output_processor@_WV?$string_output_adapter@_W@__crt_stdio_output@@V?$standard_base@_WV?$string_output_adapter@_W@__crt_stdio_output@@@2@@__crt_stdio_output@@AAE_NXZ 1000a9e6 f i libucrt:output.obj
 0001:00009a01       ?state_case_normal_tchar@?$output_processor@DV?$string_output_adapter@D@__crt_stdio_output@@V?$format_validation_base@DV?$string_output_adapter@D@__crt_stdio_output@@@2@@__crt_stdio_output@@AAE_ND@Z 1000aa01 f i libucrt:output.obj
 0001:00009a62       ?state_case_precision@?$output_processor@DV?$string_output_adapter@D@__crt_stdio_output@@V?$format_validation_base@DV?$string_output_adapter@D@__crt_stdio_output@@@2@@__crt_stdio_output@@AAE_NXZ 1000aa62 f i libucrt:output.obj
 0001:00009a8a       ?state_case_precision@?$output_processor@_WV?$stream_output_adapter@_W@__crt_stdio_output@@V?$standard_base@_WV?$stream_output_adapter@_W@__crt_stdio_output@@@2@@__crt_stdio_output@@AAE_NXZ 1000aa8a f i libucrt:output.obj
 0001:00009a8a       ?state_case_precision@?$output_processor@_WV?$string_output_adapter@_W@__crt_stdio_output@@V?$standard_base@_WV?$string_output_adapter@_W@__crt_stdio_output@@@2@@__crt_stdio_output@@AAE_NXZ 1000aa8a f i libucrt:output.obj
 0001:00009ab3       ?state_case_size@?$output_processor@DV?$string_output_adapter@D@__crt_stdio_output@@V?$format_validation_base@DV?$string_output_adapter@D@__crt_stdio_output@@@2@@__crt_stdio_output@@AAE_NXZ 1000aab3 f i libucrt:output.obj
 0001:00009c1c       ?state_case_size@?$output_processor@_WV?$stream_output_adapter@_W@__crt_stdio_output@@V?$standard_base@_WV?$stream_output_adapter@_W@__crt_stdio_output@@@2@@__crt_stdio_output@@AAE_NXZ 1000ac1c f i libucrt:output.obj
 0001:00009d98       ?state_case_size@?$output_processor@_WV?$string_output_adapter@_W@__crt_stdio_output@@V?$standard_base@_WV?$string_output_adapter@_W@__crt_stdio_output@@@2@@__crt_stdio_output@@AAE_NXZ 1000ad98 f i libucrt:output.obj
 0001:00009f14       ?state_case_type@?$output_processor@DV?$string_output_adapter@D@__crt_stdio_output@@V?$format_validation_base@DV?$string_output_adapter@D@__crt_stdio_output@@@2@@__crt_stdio_output@@AAE_NXZ 1000af14 f i libucrt:output.obj
 0001:0000a143       ?state_case_type@?$output_processor@_WV?$stream_output_adapter@_W@__crt_stdio_output@@V?$standard_base@_WV?$stream_output_adapter@_W@__crt_stdio_output@@@2@@__crt_stdio_output@@AAE_NXZ 1000b143 f i libucrt:output.obj
 0001:0000a3a0       ?state_case_type@?$output_processor@_WV?$string_output_adapter@_W@__crt_stdio_output@@V?$standard_base@_WV?$string_output_adapter@_W@__crt_stdio_output@@@2@@__crt_stdio_output@@AAE_NXZ 1000b3a0 f i libucrt:output.obj
 0001:0000a5fd       ?state_case_width@?$output_processor@DV?$string_output_adapter@D@__crt_stdio_output@@V?$format_validation_base@DV?$string_output_adapter@D@__crt_stdio_output@@@2@@__crt_stdio_output@@AAE_NXZ 1000b5fd f i libucrt:output.obj
 0001:0000a628       ?state_case_width@?$output_processor@_WV?$stream_output_adapter@_W@__crt_stdio_output@@V?$standard_base@_WV?$stream_output_adapter@_W@__crt_stdio_output@@@2@@__crt_stdio_output@@AAE_NXZ 1000b628 f i libucrt:output.obj
 0001:0000a628       ?state_case_width@?$output_processor@_WV?$string_output_adapter@_W@__crt_stdio_output@@V?$standard_base@_WV?$string_output_adapter@_W@__crt_stdio_output@@@2@@__crt_stdio_output@@AAE_NXZ 1000b628 f i libucrt:output.obj
 0001:0000a654       ?to_integer_size@__crt_stdio_output@@YAIW4length_modifier@1@@Z 1000b654 f i libucrt:output.obj
 0001:0000a6b0       ?type_case_Z@?$output_processor@DV?$string_output_adapter@D@__crt_stdio_output@@V?$format_validation_base@DV?$string_output_adapter@D@__crt_stdio_output@@@2@@__crt_stdio_output@@AAE_NXZ 1000b6b0 f i libucrt:output.obj
 0001:0000a713       ?type_case_Z@?$output_processor@_WV?$string_output_adapter@_W@__crt_stdio_output@@V?$standard_base@_WV?$string_output_adapter@_W@__crt_stdio_output@@@2@@__crt_stdio_output@@AAE_NXZ 1000b713 f i libucrt:output.obj
 0001:0000a713       ?type_case_Z@?$output_processor@_WV?$stream_output_adapter@_W@__crt_stdio_output@@V?$standard_base@_WV?$stream_output_adapter@_W@__crt_stdio_output@@@2@@__crt_stdio_output@@AAE_NXZ 1000b713 f i libucrt:output.obj
 0001:0000a776       ?type_case_a@?$output_processor@DV?$string_output_adapter@D@__crt_stdio_output@@V?$format_validation_base@DV?$string_output_adapter@D@__crt_stdio_output@@@2@@__crt_stdio_output@@AAE_NXZ 1000b776 f i libucrt:output.obj
 0001:0000a8d0       ?type_case_a@?$output_processor@_WV?$string_output_adapter@_W@__crt_stdio_output@@V?$standard_base@_WV?$string_output_adapter@_W@__crt_stdio_output@@@2@@__crt_stdio_output@@AAE_NXZ 1000b8d0 f i libucrt:output.obj
 0001:0000a8d0       ?type_case_a@?$output_processor@_WV?$stream_output_adapter@_W@__crt_stdio_output@@V?$standard_base@_WV?$stream_output_adapter@_W@__crt_stdio_output@@@2@@__crt_stdio_output@@AAE_NXZ 1000b8d0 f i libucrt:output.obj
 0001:0000aa42       ?type_case_c_tchar@?$output_processor@DV?$string_output_adapter@D@__crt_stdio_output@@V?$format_validation_base@DV?$string_output_adapter@D@__crt_stdio_output@@@2@@__crt_stdio_output@@AAE_ND@Z 1000ba42 f i libucrt:output.obj
 0001:0000aad2       ?type_case_c_tchar@?$output_processor@_WV?$string_output_adapter@_W@__crt_stdio_output@@V?$standard_base@_WV?$string_output_adapter@_W@__crt_stdio_output@@@2@@__crt_stdio_output@@AAE_N_W@Z 1000bad2 f i libucrt:output.obj
 0001:0000aad2       ?type_case_c_tchar@?$output_processor@_WV?$stream_output_adapter@_W@__crt_stdio_output@@V?$standard_base@_WV?$stream_output_adapter@_W@__crt_stdio_output@@@2@@__crt_stdio_output@@AAE_N_W@Z 1000bad2 f i libucrt:output.obj
 0001:0000ab6a       ?type_case_integer@?$output_processor@_WV?$stream_output_adapter@_W@__crt_stdio_output@@V?$standard_base@_WV?$stream_output_adapter@_W@__crt_stdio_output@@@2@@__crt_stdio_output@@AAE_NI_N@Z 1000bb6a f i libucrt:output.obj
 0001:0000ab6a       ?type_case_integer@?$output_processor@DV?$string_output_adapter@D@__crt_stdio_output@@V?$format_validation_base@DV?$string_output_adapter@D@__crt_stdio_output@@@2@@__crt_stdio_output@@AAE_NI_N@Z 1000bb6a f i libucrt:output.obj
 0001:0000ab6a       ?type_case_integer@?$output_processor@_WV?$string_output_adapter@_W@__crt_stdio_output@@V?$standard_base@_WV?$string_output_adapter@_W@__crt_stdio_output@@@2@@__crt_stdio_output@@AAE_NI_N@Z 1000bb6a f i libucrt:output.obj
 0001:0000acb4       ?type_case_n@?$output_processor@DV?$string_output_adapter@D@__crt_stdio_output@@V?$format_validation_base@DV?$string_output_adapter@D@__crt_stdio_output@@@2@@__crt_stdio_output@@AAE_NXZ 1000bcb4 f i libucrt:output.obj
 0001:0000acb4       ?type_case_n@?$output_processor@_WV?$stream_output_adapter@_W@__crt_stdio_output@@V?$standard_base@_WV?$stream_output_adapter@_W@__crt_stdio_output@@@2@@__crt_stdio_output@@AAE_NXZ 1000bcb4 f i libucrt:output.obj
 0001:0000acb4       ?type_case_n@?$output_processor@_WV?$string_output_adapter@_W@__crt_stdio_output@@V?$standard_base@_WV?$string_output_adapter@_W@__crt_stdio_output@@@2@@__crt_stdio_output@@AAE_NXZ 1000bcb4 f i libucrt:output.obj
 0001:0000ad28       ?type_case_o@?$output_processor@_WV?$stream_output_adapter@_W@__crt_stdio_output@@V?$standard_base@_WV?$stream_output_adapter@_W@__crt_stdio_output@@@2@@__crt_stdio_output@@AAE_NXZ 1000bd28 f i libucrt:output.obj
 0001:0000ad28       ?type_case_o@?$output_processor@DV?$string_output_adapter@D@__crt_stdio_output@@V?$format_validation_base@DV?$string_output_adapter@D@__crt_stdio_output@@@2@@__crt_stdio_output@@AAE_NXZ 1000bd28 f i libucrt:output.obj
 0001:0000ad28       ?type_case_o@?$output_processor@_WV?$string_output_adapter@_W@__crt_stdio_output@@V?$standard_base@_WV?$string_output_adapter@_W@__crt_stdio_output@@@2@@__crt_stdio_output@@AAE_NXZ 1000bd28 f i libucrt:output.obj
 0001:0000ad47       ?type_case_p@?$output_processor@_WV?$stream_output_adapter@_W@__crt_stdio_output@@V?$standard_base@_WV?$stream_output_adapter@_W@__crt_stdio_output@@@2@@__crt_stdio_output@@AAE_NXZ 1000bd47 f i libucrt:output.obj
 0001:0000ad47       ?type_case_p@?$output_processor@DV?$string_output_adapter@D@__crt_stdio_output@@V?$format_validation_base@DV?$string_output_adapter@D@__crt_stdio_output@@@2@@__crt_stdio_output@@AAE_NXZ 1000bd47 f i libucrt:output.obj
 0001:0000ad47       ?type_case_p@?$output_processor@_WV?$string_output_adapter@_W@__crt_stdio_output@@V?$standard_base@_WV?$string_output_adapter@_W@__crt_stdio_output@@@2@@__crt_stdio_output@@AAE_NXZ 1000bd47 f i libucrt:output.obj
 0001:0000ad5f       ?type_case_s@?$output_processor@DV?$string_output_adapter@D@__crt_stdio_output@@V?$format_validation_base@DV?$string_output_adapter@D@__crt_stdio_output@@@2@@__crt_stdio_output@@AAE_NXZ 1000bd5f f i libucrt:output.obj
 0001:0000add2       ?type_case_s@?$output_processor@_WV?$stream_output_adapter@_W@__crt_stdio_output@@V?$standard_base@_WV?$stream_output_adapter@_W@__crt_stdio_output@@@2@@__crt_stdio_output@@AAE_NXZ 1000bdd2 f i libucrt:output.obj
 0001:0000add2       ?type_case_s@?$output_processor@_WV?$string_output_adapter@_W@__crt_stdio_output@@V?$standard_base@_WV?$string_output_adapter@_W@__crt_stdio_output@@@2@@__crt_stdio_output@@AAE_NXZ 1000bdd2 f i libucrt:output.obj
 0001:0000ae46       ?type_case_s_compute_narrow_string_length@?$output_processor@_WV?$stream_output_adapter@_W@__crt_stdio_output@@V?$standard_base@_WV?$stream_output_adapter@_W@__crt_stdio_output@@@2@@__crt_stdio_output@@ABEHH_W@Z 1000be46 f i libucrt:output.obj
 0001:0000ae46       ?type_case_s_compute_narrow_string_length@?$output_processor@_WV?$string_output_adapter@_W@__crt_stdio_output@@V?$standard_base@_WV?$string_output_adapter@_W@__crt_stdio_output@@@2@@__crt_stdio_output@@ABEHH_W@Z 1000be46 f i libucrt:output.obj
 0001:0000ae86       ?validate_and_update_state_at_end_of_format_string@?$format_validation_base@DV?$string_output_adapter@D@__crt_stdio_output@@@__crt_stdio_output@@IBE_NXZ 1000be86 f i libucrt:output.obj
 0001:0000aea8       ?write_character@?$stream_output_adapter@_W@__crt_stdio_output@@QBEX_WQAH@Z 1000bea8 f i libucrt:output.obj
 0001:0000aee8       ?write_character@?$string_output_adapter@D@__crt_stdio_output@@QBE_NDQAH@Z 1000bee8 f i libucrt:output.obj
 0001:0000af2a       ?write_character@?$string_output_adapter@_W@__crt_stdio_output@@QBE_N_WQAH@Z 1000bf2a f i libucrt:output.obj
 0001:0000af6f       ?write_stored_string_tchar@?$output_processor@DV?$string_output_adapter@D@__crt_stdio_output@@V?$format_validation_base@DV?$string_output_adapter@D@__crt_stdio_output@@@2@@__crt_stdio_output@@AAE_ND@Z 1000bf6f f i libucrt:output.obj
 0001:0000b016       ?write_stored_string_tchar@?$output_processor@_WV?$stream_output_adapter@_W@__crt_stdio_output@@V?$standard_base@_WV?$stream_output_adapter@_W@__crt_stdio_output@@@2@@__crt_stdio_output@@AAE_N_W@Z 1000c016 f i libucrt:output.obj
 0001:0000b0a1       ?write_stored_string_tchar@?$output_processor@_WV?$string_output_adapter@_W@__crt_stdio_output@@V?$standard_base@_WV?$string_output_adapter@_W@__crt_stdio_output@@@2@@__crt_stdio_output@@AAE_N_W@Z 1000c0a1 f i libucrt:output.obj
 0001:0000b12c       ?write_string@?$stream_output_adapter@_W@__crt_stdio_output@@QBEXQB_WHQAH1@Z 1000c12c f i libucrt:output.obj
 0001:0000b1b9       ?write_string@?$string_output_adapter@D@__crt_stdio_output@@QBEXQBDHQAH1@Z 1000c1b9 f i libucrt:output.obj
 0001:0000b24c       ?write_string@?$string_output_adapter@_W@__crt_stdio_output@@QBEXQB_WHQAH1@Z 1000c24c f i libucrt:output.obj
 0001:0000b2e6       ___stdio_common_vfwprintf  1000c2e6 f   libucrt:output.obj
 0001:0000b35d       ___stdio_common_vsnprintf_s 1000c35d f   libucrt:output.obj
 0001:0000b384       ___stdio_common_vswprintf  1000c384 f   libucrt:output.obj
 0001:0000b3b0       _strncpy                   1000c3b0 f   libucrt:strncpy.obj
 0001:0000b4d4       ___acrt_initialize_new_handler 1000c4d4 f   libucrt:new_handler.obj
 0001:0000b4e8       __callnewh                 1000c4e8 f   libucrt:new_handler.obj
 0001:0000b52c       __query_new_handler        1000c52c f   libucrt:new_handler.obj
 0001:0000b57e       __seh_filter_dll           1000c57e f   libucrt:exception_filter.obj
 0001:0000b59e       __seh_filter_exe           1000c59e f   libucrt:exception_filter.obj
 0001:0000b92c       ___acrt_initialize_thread_local_exit_callback 1000c92c f   libucrt:exit.obj
 0001:0000b93b       __cexit                    1000c93b f   libucrt:exit.obj
 0001:0000b94a       __exit                     1000c94a f   libucrt:exit.obj
 0001:0000b960       __is_c_termination_complete 1000c960 f   libucrt:exit.obj
 0001:0000bbff       ___acrt_allocate_buffer_for_argv 1000cbff f   libucrt:argv_parsing.obj
 0001:0000bc54       __configure_narrow_argv    1000cc54 f   libucrt:argv_parsing.obj
 0001:0000bdb8       ??$uninitialize@A6AXAAPAPAD@Z@?$dual_state_global@PAPAD@__crt_state_management@@QAEXA6AXAAPAPAD@Z@Z 1000cdb8 f i libucrt:environment_initialization.obj
 0001:0000bdb8       ??$uninitialize@A6AXAAPAPA_W@Z@?$dual_state_global@PAPA_W@__crt_state_management@@QAEXA6AXAAPAPA_W@Z@Z 1000cdb8 f i libucrt:environment_initialization.obj
 0001:0000be2e       ___dcrt_uninitialize_environments_nolock 1000ce2e f   libucrt:environment_initialization.obj
 0001:0000be65       __initialize_narrow_environment 1000ce65 f   libucrt:environment_initialization.obj
 0001:0000be6a       ??$?RV<lambda_800076c951b434888f4765a74a194fcc>@@AAV<lambda_4e60a939b0d047cfe11ddc22648dfba9>@@V<lambda_6dbb1268764f43b569ce7b67e331d33a>@@@?$__crt_seh_guarded_call@H@@QAEH$$QAV<lambda_800076c951b434888f4765a74a194fcc>@@AAV<lambda_4e60a939b0d047cfe11ddc22648dfba9>@@$$QAV<lambda_6dbb1268764f43b569ce7b67e331d33a>@@@Z 1000ce6a f i libucrt:onexit.obj
 0001:0000bebb       ??$?RV<lambda_995298e7d72eb4c2aab26c0585b3abe5>@@AAV<lambda_275893d493268fdec8709772e3fcec0e>@@V<lambda_293819299cbf9a7022e18b56a874bb5c>@@@?$__crt_seh_guarded_call@H@@QAEH$$QAV<lambda_995298e7d72eb4c2aab26c0585b3abe5>@@AAV<lambda_275893d493268fdec8709772e3fcec0e>@@$$QAV<lambda_293819299cbf9a7022e18b56a874bb5c>@@@Z 1000cebb f i libucrt:onexit.obj
 0001:0000bf0c       ??$__acrt_lock_and_call@V<lambda_275893d493268fdec8709772e3fcec0e>@@@@YAHW4__acrt_lock_id@@$$QAV<lambda_275893d493268fdec8709772e3fcec0e>@@@Z 1000cf0c f i libucrt:onexit.obj
 0001:0000bf34       ??$__acrt_lock_and_call@V<lambda_4e60a939b0d047cfe11ddc22648dfba9>@@@@YAHW4__acrt_lock_id@@$$QAV<lambda_4e60a939b0d047cfe11ddc22648dfba9>@@@Z 1000cf34 f i libucrt:onexit.obj
 0001:0000bf5c       ??$__crt_fast_encode_pointer@P6AHXZ@@YAP6AHXZQ6AHXZ@Z 1000cf5c f i libucrt:onexit.obj
 0001:0000c1de       __crt_atexit               1000d1de f   libucrt:onexit.obj
 0001:0000c1f4       __execute_onexit_table     1000d1f4 f   libucrt:onexit.obj
 0001:0000c211       __initialize_onexit_table  1000d211 f   libucrt:onexit.obj
 0001:0000c24e       __register_onexit_function 1000d24e f   libucrt:onexit.obj
 0001:0000c363       ___acrt_initialize         1000d363 f   libucrt:initialization.obj
 0001:0000c375       ___acrt_thread_attach      1000d375 f   libucrt:initialization.obj
 0001:0000c380       ___acrt_thread_detach      1000d380 f   libucrt:initialization.obj
 0001:0000c388       ___acrt_uninitialize       1000d388 f   libucrt:initialization.obj
 0001:0000c39a       ___acrt_uninitialize_critical 1000d39a f   libucrt:initialization.obj
 0001:0000c3ac       __initterm                 1000d3ac f   libucrt:initterm.obj
 0001:0000c408       __initterm_e               1000d408 f   libucrt:initterm.obj
 0001:0000c44d       _terminate                 1000d44d f   libucrt:terminate.obj
 0001:0000c489       __strnicmp                 1000d489 f   libucrt:strnicmp.obj
 0001:0000c489       _strnicmp                  1000d489 f   libucrt:strnicmp.obj
 0001:0000c4f5       __strnicmp_l               1000d4f5 f   libucrt:strnicmp.obj
 0001:0000c5ac       __strdup                   1000d5ac f   libucrt:strdup.obj
 0001:0000c5ac       _strdup                    1000d5ac f   libucrt:strdup.obj
 0001:0000c602       _strcpy_s                  1000d602 f   libucrt:strcpy_s.obj
 0001:0000c65c       __free_base                1000d65c f   libucrt:free_base.obj
 0001:0000c696       __malloc_base              1000d696 f   libucrt:malloc_base.obj
 0001:0000c6e4       _abort                     1000d6e4 f   libucrt:abort.obj
 0001:0000c727       __calloc_base              1000d727 f   libucrt:calloc_base.obj
 0001:0000c784       ??$is_overflow_condition@K@__crt_strtox@@YA_NIK@Z 1000d784 f i libucrt:atox.obj
 0001:0000c7b7       ??$parse_integer@KV?$c_string_character_source@D@__crt_strtox@@@__crt_strtox@@YAKQAU__crt_locale_pointers@@V?$c_string_character_source@D@0@H_N@Z 1000d7b7 f i libucrt:atox.obj
 0001:0000c9df       ??$parse_integer@KV?$c_string_character_source@_W@__crt_strtox@@@__crt_strtox@@YAKQAU__crt_locale_pointers@@V?$c_string_character_source@_W@0@H_N@Z 1000d9df f i libucrt:atox.obj
 0001:0000d0c4       ?unget@?$c_string_character_source@D@__crt_strtox@@QAEXD@Z 1000e0c4 f i libucrt:atox.obj
 0001:0000d0ec       ?unget@?$c_string_character_source@_W@__crt_strtox@@QAEX_W@Z 1000e0ec f i libucrt:atox.obj
 0001:0000d118       ?validate@?$c_string_character_source@_W@__crt_strtox@@QBE_NXZ 1000e118 f i libucrt:atox.obj
 0001:0000d118       ?validate@?$string_output_adapter@_W@__crt_stdio_output@@QBE_NXZ 1000e118 f i libucrt:output.obj
 0001:0000d118       ?validate@?$c_string_character_source@D@__crt_strtox@@QBE_NXZ 1000e118 f i libucrt:atox.obj
 0001:0000d118       ?validate@?$string_output_adapter@D@__crt_stdio_output@@QBE_NXZ 1000e118 f i libucrt:output.obj
 0001:0000d118       ?validate@?$stream_output_adapter@_W@__crt_stdio_output@@QBE_NXZ 1000e118 f i libucrt:output.obj
 0001:0000d133       __chvalidchk_l             1000e133 f i libucrt:atox.obj
 0001:0000d15d       __ischartype_l             1000e15d f i libucrt:atox.obj
 0001:0000d190       __query_app_type           1000e190 f   libucrt:report_runtime_error.obj
 0001:0000d196       ___acrt_errno_from_os_error 1000e196 f   libucrt:errno.obj
 0001:0000d1d9       ___acrt_errno_map_os_error 1000e1d9 f   libucrt:errno.obj
 0001:0000d1fc       ___doserrno                1000e1fc f   libucrt:errno.obj
 0001:0000d20f       __errno                    1000e20f f   libucrt:errno.obj
 0001:0000d30f       __itow_s                   1000e30f f   libucrt:xtoa.obj
 0001:0000d344       __set_error_mode           1000e344 f   libucrt:set_error_mode.obj
 0001:0000d383       _wcscat_s                  1000e383 f   libucrt:wcscat_s.obj
 0001:0000d3f8       _wcscpy_s                  1000e3f8 f   libucrt:wcscpy_s.obj
 0001:0000d545       _wcsncat_s                 1000e545 f   libucrt:wcsncat_s.obj
 0001:0000d64b       ___acrt_show_wide_message_box 1000e64b f   libucrt:crtmbox.obj
 0001:0000d656       ___acrt_initialize_stdio   1000e656 f   libucrt:_file.obj
 0001:0000d71e       ___acrt_iob_func           1000e71e f   libucrt:_file.obj
 0001:0000d72e       ___acrt_uninitialize_stdio 1000e72e f   libucrt:_file.obj
 0001:0000d77a       __lock_file                1000e77a f   libucrt:_file.obj
 0001:0000d78e       __unlock_file              1000e78e f   libucrt:_file.obj
 0001:0000d7a2       ___acrt_stdio_flush_nolock 1000e7a2 f   libucrt:fflush.obj
 0001:0000d808       __fflush_nolock            1000e808 f   libucrt:fflush.obj
 0001:0000d84f       __flushall                 1000e84f f   libucrt:fflush.obj
 0001:0000d930       _fflush                    1000e930 f   libucrt:fflush.obj
 0001:0000d989       ??$?RV<lambda_d92cfe8357b99225085016881b624cb0>@@AAV<lambda_b721fa326cdb32351d23dfa67958c160>@@V<lambda_42d75b0848218ec137fa420c8ba9fdf9>@@@?$__crt_seh_guarded_call@H@@QAEH$$QAV<lambda_d92cfe8357b99225085016881b624cb0>@@AAV<lambda_b721fa326cdb32351d23dfa67958c160>@@$$QAV<lambda_42d75b0848218ec137fa420c8ba9fdf9>@@@Z 1000e989 f i libucrt:setvbuf.obj
 0001:0000d9da       ??$__acrt_lock_stream_and_call@V<lambda_b721fa326cdb32351d23dfa67958c160>@@@@YAHQAU_iobuf@@$$QAV<lambda_b721fa326cdb32351d23dfa67958c160>@@@Z 1000e9da f i libucrt:setvbuf.obj
 0001:0000dacf       _setvbuf                   1000eacf f   libucrt:setvbuf.obj
 0001:0000db45       ??$?RV<lambda_a048d3beccc847880fc8490e18b82769>@@AAV<lambda_ec61778202f4f5fc7e7711acc23c3bca>@@V<lambda_f7496a158712204296dd6628a163878e>@@@?$__crt_seh_guarded_call@P6AXH@Z@@QAEP6AXH@Z$$QAV<lambda_a048d3beccc847880fc8490e18b82769>@@AAV<lambda_ec61778202f4f5fc7e7711acc23c3bca>@@$$QAV<lambda_f7496a158712204296dd6628a163878e>@@@Z 1000eb45 f i libucrt:signal.obj
 0001:0000db9f       ??$__acrt_lock_and_call@V<lambda_ec61778202f4f5fc7e7711acc23c3bca>@@@@YAP6AXH@ZW4__acrt_lock_id@@$$QAV<lambda_ec61778202f4f5fc7e7711acc23c3bca>@@@Z 1000eb9f f i libucrt:signal.obj
 0001:0000dc09       ?initialize@?$dual_state_global@P6AHPAU_exception@@@Z@__crt_state_management@@QAEXQ6AHPAU_exception@@@Z@Z 1000ec09 f i libucrt:matherr.obj
 0001:0000dc09       ?initialize@?$dual_state_global@P6AHI@Z@__crt_state_management@@QAEXQ6AHI@Z@Z 1000ec09 f i libucrt:new_handler.obj
 0001:0000dc09       ?initialize@?$dual_state_global@P6AXPB_W00II@Z@__crt_state_management@@QAEXQ6AXPB_W00II@Z@Z 1000ec09 f i libucrt:invalid_parameter.obj
 0001:0000dc09       ?initialize@?$dual_state_global@PAPAD@__crt_state_management@@QAEXQAPAD@Z 1000ec09 f i libucrt:environment_initialization.obj
 0001:0000dc09       ?initialize@?$dual_state_global@P6AXH@Z@__crt_state_management@@QAEXQ6AXH@Z@Z 1000ec09 f i libucrt:signal.obj
 0001:0000dc09       ?initialize@?$dual_state_global@PAU__crt_locale_data@@@__crt_state_management@@QAEXQAU__crt_locale_data@@@Z 1000ec09 f i libucrt:initialization.obj
 0001:0000dc62       ___acrt_get_sigabrt_handler 1000ec62 f   libucrt:signal.obj
 0001:0000dc79       ___acrt_initialize_signal_handlers 1000ec79 f   libucrt:signal.obj
 0001:0000dcb4       ___fpecode                 1000ecb4 f   libucrt:signal.obj
 0001:0000dcbd       _raise                     1000ecbd f   libucrt:signal.obj
 0001:0000dec5       ??$?RV<lambda_3518db117f0e7cdb002338c5d3c47b6c>@@AAV<lambda_b2ea41f6bbb362cd97d94c6828d90b61>@@V<lambda_abdedf541bb04549bc734292b4a045d4>@@@?$__crt_seh_guarded_call@X@@QAEX$$QAV<lambda_3518db117f0e7cdb002338c5d3c47b6c>@@AAV<lambda_b2ea41f6bbb362cd97d94c6828d90b61>@@$$QAV<lambda_abdedf541bb04549bc734292b4a045d4>@@@Z 1000eec5 f i libucrt:per_thread_data.obj
 0001:0000df15       ??$?RV<lambda_51b6e8b1eb166f2a3faf91f424b38130>@@AAV<lambda_6250bd4b2a391816dd638c3bf72b0bcb>@@V<lambda_0b5a4a3e68152e1d9b943535f5f47bed>@@@?$__crt_seh_guarded_call@X@@QAEX$$QAV<lambda_51b6e8b1eb166f2a3faf91f424b38130>@@AAV<lambda_6250bd4b2a391816dd638c3bf72b0bcb>@@$$QAV<lambda_0b5a4a3e68152e1d9b943535f5f47bed>@@@Z 1000ef15 f i libucrt:per_thread_data.obj
 0001:0000df76       ??$?RV<lambda_5b71d36f03204c0beab531769a5b5694>@@AAV<lambda_be2b3da3f62db62e9dad5dc70221a656>@@V<lambda_8f9ce462984622f9bf76b59e2aaaf805>@@@?$__crt_seh_guarded_call@X@@QAEX$$QAV<lambda_5b71d36f03204c0beab531769a5b5694>@@AAV<lambda_be2b3da3f62db62e9dad5dc70221a656>@@$$QAV<lambda_8f9ce462984622f9bf76b59e2aaaf805>@@@Z 1000ef76 f i libucrt:per_thread_data.obj
 0001:0000dfc1       ??$?RV<lambda_9df27f884b057bc3edfc946cb5b7cf47>@@AAV<lambda_e69574bed617af4e071282c136b37893>@@V<lambda_cc0d902bcbbeb830f749456577db4721>@@@?$__crt_seh_guarded_call@X@@QAEX$$QAV<lambda_9df27f884b057bc3edfc946cb5b7cf47>@@AAV<lambda_e69574bed617af4e071282c136b37893>@@$$QAV<lambda_cc0d902bcbbeb830f749456577db4721>@@@Z 1000efc1 f i libucrt:per_thread_data.obj
 0001:0000e009       ??$__acrt_lock_and_call@V<lambda_6250bd4b2a391816dd638c3bf72b0bcb>@@@@YAXW4__acrt_lock_id@@$$QAV<lambda_6250bd4b2a391816dd638c3bf72b0bcb>@@@Z 1000f009 f i libucrt:per_thread_data.obj
 0001:0000e031       ??$__acrt_lock_and_call@V<lambda_b2ea41f6bbb362cd97d94c6828d90b61>@@@@YAXW4__acrt_lock_id@@$$QAV<lambda_b2ea41f6bbb362cd97d94c6828d90b61>@@@Z 1000f031 f i libucrt:per_thread_data.obj
 0001:0000e059       ??$__acrt_lock_and_call@V<lambda_be2b3da3f62db62e9dad5dc70221a656>@@@@YAXW4__acrt_lock_id@@$$QAV<lambda_be2b3da3f62db62e9dad5dc70221a656>@@@Z 1000f059 f i libucrt:per_thread_data.obj
 0001:0000e081       ??$__acrt_lock_and_call@V<lambda_e69574bed617af4e071282c136b37893>@@@@YAXW4__acrt_lock_id@@$$QAV<lambda_e69574bed617af4e071282c136b37893>@@@Z 1000f081 f i libucrt:per_thread_data.obj
 0001:0000e237       ___acrt_freeptd            1000f237 f   libucrt:per_thread_data.obj
 0001:0000e263       ___acrt_getptd             1000f263 f   libucrt:per_thread_data.obj
 0001:0000e2e7       ___acrt_getptd_noexit      1000f2e7 f   libucrt:per_thread_data.obj
 0001:0000e36c       ___acrt_initialize_ptd     1000f36c f   libucrt:per_thread_data.obj
 0001:0000e398       ___acrt_uninitialize_ptd   1000f398 f   libucrt:per_thread_data.obj
 0001:0000e3b2       __isdigit_l                1000f3b2 f i libucrt:_ctype.obj
 0001:0000e3ea       _isdigit                   1000f3ea f i libucrt:_ctype.obj
 0001:0000e57e       __tolower_l                1000f57e f   libucrt:tolower_toupper.obj
 0001:0000e598       _tolower                   1000f598 f   libucrt:tolower_toupper.obj
 0001:0000e5c8       ??$make_c_string_character_source@_WPAPA_W@__crt_strtox@@YA?AV?$c_string_character_source@_W@0@QB_WQAPA_W@Z 1000f5c8 f i libucrt:strtox.obj
 0001:0000e5c8       ??$make_c_string_character_source@DPAPAD@__crt_strtox@@YA?AV?$c_string_character_source@D@0@QBDQAPAD@Z 1000f5c8 f i libucrt:strtox.obj
 0001:0000e5e3       _strtol                    1000f5e3 f   libucrt:strtox.obj
 0001:0000e60f       _wcstol                    1000f60f f   libucrt:strtox.obj
 0001:0000e63b       __mbtowc_l                 1000f63b f   libucrt:mbtowc.obj
 0001:0000e735       _mbtowc                    1000f735 f   libucrt:mbtowc.obj
 0001:0000e74f       __wctomb_s_l               1000f74f f   libucrt:wctomb.obj
 0001:0000e870       _wctomb_s                  1000f870 f   libucrt:wctomb.obj
 0001:0000e88d       _strnlen                   1000f88d f   libucrt:strnlen.obj
 0001:0000e9b4       _wcsnlen                   1000f9b4 f   libucrt:strnlen.obj
 0001:0000eb6b       ___acrt_update_locale_info 1000fb6b f   libucrt:locale_update.obj
 0001:0000eb98       ___acrt_update_multibyte_info 1000fb98 f   libucrt:locale_update.obj
 0001:0000ebc5       ?__acrt_fp_classify@@YA?AW4__acrt_fp_class@@ABN@Z 1000fbc5 f i libucrt:cvt.obj
 0001:0000ec31       ?__acrt_fp_is_negative@@YA_NABN@Z 1000fc31 f i libucrt:cvt.obj
 0001:0000f490       ___acrt_fp_format          10010490 f   libucrt:cvt.obj
 0001:0000f60c       __fputwc_nolock            1001060c f   libucrt:fputwc.obj
 0001:0000f732       __fileno                   10010732 f   libucrt:fileno.obj
 0001:0000f758       __fputc_nolock             10010758 f   libucrt:fputc.obj
 0001:0000f781       __get_printf_count_output  10010781 f   libucrt:printf_count_output.obj
 0001:0000f796       ___acrt_stdio_begin_temporary_buffering_nolock 10010796 f   libucrt:_sftbuf.obj
 0001:0000f84b       ___acrt_stdio_end_temporary_buffering_nolock 1001084b f   libucrt:_sftbuf.obj
 0001:0000f884       ___acrt_set_locale_changed 10010884 f   libucrt:wsetlocale.obj
 0001:0000f88f       ___acrt_uninitialize_locale 1001088f f   libucrt:wsetlocale.obj
 0001:0000fa4d       ___acrt_initialize_lowio   10010a4d f   libucrt:ioinit.obj
 0001:0000faa3       ___acrt_uninitialize_lowio 10010aa3 f   libucrt:ioinit.obj
 0001:0000facf       ___acrt_initialize_locks   10010acf f   libucrt:locks.obj
 0001:0000fb10       ___acrt_lock               10010b10 f   libucrt:locks.obj
 0001:0000fb27       ___acrt_uninitialize_locks 10010b27 f   libucrt:locks.obj
 0001:0000fb58       ___acrt_unlock             10010b58 f   libucrt:locks.obj
 0001:0000fcba       ___acrt_FlsAlloc@4         10010cba f   libucrt:winapi_thunks.obj
 0001:0000fd10       ___acrt_FlsFree@4          10010d10 f   libucrt:winapi_thunks.obj
 0001:0000fd66       ___acrt_FlsGetValue@4      10010d66 f   libucrt:winapi_thunks.obj
 0001:0000fdbc       ___acrt_FlsSetValue@8      10010dbc f   libucrt:winapi_thunks.obj
 0001:0000fe15       ___acrt_InitializeCriticalSectionEx@12 10010e15 f   libucrt:winapi_thunks.obj
 0001:0000fe77       ___acrt_LCMapStringEx@36   10010e77 f   libucrt:winapi_thunks.obj
 0001:0000feff       ___acrt_LocaleNameToLCID@8 10010eff f   libucrt:winapi_thunks.obj
 0001:0000ff5b       ___acrt_MessageBoxW@16     10010f5b f   libucrt:winapi_thunks.obj
 0001:0000ffa4       ___acrt_can_show_message_box 10010fa4 f   libucrt:winapi_thunks.obj
 0001:0000ffbe       ___acrt_get_parent_window  10010fbe f   libucrt:winapi_thunks.obj
 0001:0001003d       ___acrt_initialize_winapi_thunks 1001103d f   libucrt:winapi_thunks.obj
 0001:00010063       ___acrt_is_interactive     10011063 f   libucrt:winapi_thunks.obj
 0001:00010109       ___acrt_is_packaged_app    10011109 f   libucrt:winapi_thunks.obj
 0001:00010190       ___acrt_uninitialize_winapi_thunks 10011190 f   libucrt:winapi_thunks.obj
 0001:00010588       ??1?$argument_list@D@?A0xb0e4b824@@QAE@XZ 10011588 f i libucrt:argv_wildcards.obj
 0001:000105ad       ?append@?$argument_list@D@?A0xb0e4b824@@QAEHQAD@Z 100115ad f i libucrt:argv_wildcards.obj
 0001:000105e2       ?expand_if_necessary@?$argument_list@D@?A0xb0e4b824@@AAEHXZ 100115e2 f i libucrt:argv_wildcards.obj
 0001:00010669       ___acrt_expand_narrow_argv_wildcards 10011669 f   libucrt:argv_wildcards.obj
 0001:00010674       ??$?RV<lambda_978dc153c237d78434369da87b74ff60>@@AAV<lambda_ad1ced32f4ac17aa236e5ef05d6b3b7c>@@V<lambda_4a8533e2866a575feecb8298ce776b0d>@@@?$__crt_seh_guarded_call@X@@QAEX$$QAV<lambda_978dc153c237d78434369da87b74ff60>@@AAV<lambda_ad1ced32f4ac17aa236e5ef05d6b3b7c>@@$$QAV<lambda_4a8533e2866a575feecb8298ce776b0d>@@@Z 10011674 f i libucrt:mbctype.obj
 0001:000106b7       ??$__acrt_lock_and_call@V<lambda_ad1ced32f4ac17aa236e5ef05d6b3b7c>@@@@YAXW4__acrt_lock_id@@$$QAV<lambda_ad1ced32f4ac17aa236e5ef05d6b3b7c>@@@Z 100116b7 f i libucrt:mbctype.obj
 0001:00010b4e       ___acrt_initialize_multibyte 10011b4e f   libucrt:mbctype.obj
 0001:00010b6c       ___acrt_update_thread_multibyte_data 10011b6c f   libucrt:mbctype.obj
 0001:00010c0e       __setmbcp_nolock           10011c0e f   libucrt:mbctype.obj
 0001:00010e58       __ismbblead                10011e58 f   libucrt:ismbbyte.obj
 0001:00010e70       ___acrt_initialize_command_line 10011e70 f   libucrt:argv_data.obj
 0001:00010e89       ___acrt_uninitialize_command_line 10011e89 f   libucrt:argv_data.obj
 0001:00010ec3       ___dcrt_get_narrow_environment_from_os 10011ec3 f   libucrt:get_environment_from_os.obj
 0001:00010f46       __recalloc                 10011f46 f   libucrt:recalloc.obj
 0001:00010f51       __recalloc_base            10011f51 f   libucrt:recalloc.obj
 0001:00010fbe       ___acrt_initialize_heap    10011fbe f   libucrt:heap_handle.obj
 0001:00010fcf       ___acrt_uninitialize_heap  10011fcf f   libucrt:heap_handle.obj
 0001:00010fd9       ___acrt_execute_initializers 10011fd9 f   libucrt:shared_initialization.obj
 0001:0001105c       ___acrt_execute_uninitializers 1001205c f   libucrt:shared_initialization.obj
 0001:000110a9       ___acrt_has_user_matherr   100120a9 f   libucrt:matherr.obj
 0001:000110c2       ___acrt_initialize_user_matherr 100120c2 f   libucrt:matherr.obj
 0001:000110d6       ___acrt_invoke_user_matherr 100120d6 f   libucrt:matherr.obj
 0001:00011120       ___ascii_strnicmp          10012120 f   libucrt:_strnicm.obj
 0001:00011181       __query_new_mode           10012181 f   libucrt:new_mode.obj
 0001:00011187       ___pctype_func             10012187 f   libucrt:ctype.obj
 0001:000111ad       _iswctype                  100121ad f   libucrt:iswctype.obj
 0001:0001120c       __isctype_l                1001220c f   libucrt:isctype.obj
 0001:000112de       __fcloseall                100122de f   libucrt:closeall.obj
 0001:0001137e       ___acrt_stdio_free_buffer_nolock 1001237e f   libucrt:_freebuf.obj
 0001:000113bc       ??$?RV<lambda_61cee617f5178ae960314fd4d05640a0>@@AAV<lambda_6978c1fb23f02e42e1d9e99668cc68aa>@@V<lambda_9cd88cf8ad10232537feb2133f08c833>@@@?$__crt_seh_guarded_call@H@@QAEH$$QAV<lambda_61cee617f5178ae960314fd4d05640a0>@@AAV<lambda_6978c1fb23f02e42e1d9e99668cc68aa>@@$$QAV<lambda_9cd88cf8ad10232537feb2133f08c833>@@@Z 100123bc f i libucrt:commit.obj
 0001:00011454       ??$__acrt_lowio_lock_fh_and_call@V<lambda_6978c1fb23f02e42e1d9e99668cc68aa>@@@@YAHH$$QAV<lambda_6978c1fb23f02e42e1d9e99668cc68aa>@@@Z 10012454 f i libucrt:commit.obj
 0001:0001147c       __commit                   1001247c f   libucrt:commit.obj
 0001:00011a7b       __write                    10012a7b f   libucrt:write.obj
 0001:00011b66       __write_nolock             10012b66 f   libucrt:write.obj
 0001:00011d72       ___acrt_add_locale_ref     10012d72 f   libucrt:locale_refcounting.obj
 0001:00011def       ___acrt_free_locale        10012def f   libucrt:locale_refcounting.obj
 0001:00011f39       ___acrt_locale_add_lc_time_reference 10012f39 f   libucrt:locale_refcounting.obj
 0001:00011f62       ___acrt_locale_free_lc_time_if_unreferenced 10012f62 f   libucrt:locale_refcounting.obj
 0001:00011f92       ___acrt_locale_release_lc_time_reference 10012f92 f   libucrt:locale_refcounting.obj
 0001:00011fbb       ___acrt_release_locale_ref 10012fbb f   libucrt:locale_refcounting.obj
 0001:0001203c       ___acrt_update_thread_locale_data 1001303c f   libucrt:locale_refcounting.obj
 0001:000120b3       __updatetlocinfoEx_nolock  100130b3 f   libucrt:locale_refcounting.obj
 0001:00012103       __isleadbyte_l             10013103 f i libucrt:_wctype.obj
 0001:00012359       ___acrt_LCMapStringA       10013359 f   libucrt:lcmapstringa.obj
 0001:000123a4       __freea_crt                100133a4 f i libucrt:lcmapstringa.obj
 0001:000123c4       ___acrt_fp_strflt_to_string 100133c4 f   libucrt:_fptostr.obj
 0001:00012480       ??0scoped_fp_state_reset@?A0x48fbfdd4@@QAE@XZ 10013480 f i libucrt:cfout.obj
 0001:000124b0       ?divide@__crt_strtox@@YA_KAAUbig_integer@1@ABU21@@Z 100134b0 f i libucrt:cfout.obj
 0001:0001295e       ___acrt_fltout             1001395e f   libucrt:cfout.obj
 0001:00014141       ___acrt_stdio_flush_and_write_narrow_nolock 10015141 f   libucrt:_flsbuf.obj
 0001:0001414c       ___acrt_stdio_flush_and_write_wide_nolock 1001514c f   libucrt:_flsbuf.obj
 0001:00014157       __isatty                   10015157 f   libucrt:isatty.obj
 0001:000141ad       ___acrt_locale_free_monetary 100151ad f   libucrt:initmon.obj
 0001:000142ab       ___acrt_locale_free_numeric 100152ab f   libucrt:initnum.obj
 0001:00014350       ___acrt_locale_free_time   10015350 f   libucrt:inittime.obj
 0001:00014434       ___acrt_GetStringTypeA     10015434 f   libucrt:getstringtypea.obj
 0001:00014551       ___acrt_lowio_create_handle_array 10015551 f   libucrt:osfinfo.obj
 0001:000145cb       ___acrt_lowio_destroy_handle_array 100155cb f   libucrt:osfinfo.obj
 0001:00014600       ___acrt_lowio_ensure_fh_exists 10015600 f   libucrt:osfinfo.obj
 0001:00014698       ___acrt_lowio_lock_fh      10015698 f   libucrt:osfinfo.obj
 0001:000146bb       ___acrt_lowio_unlock_fh    100156bb f   libucrt:osfinfo.obj
 0001:000146de       __free_osfhnd              100156de f   libucrt:osfinfo.obj
 0001:0001476f       __get_osfhandle            1001576f f   libucrt:osfinfo.obj
 0001:00014895       ___acrt_DownlevelLocaleNameToLCID 10015895 f   libucrt:lcidtoname_downlevel.obj
 0001:000149b0       _qsort                     100159b0 f   libucrt:qsort.obj
 0001:00014d50       _strpbrk                   10015d50 f   libucrt:strpbrk.obj
 0001:00014d90       __mbsdec                   10015d90 f   libucrt:mbsdec.obj
 0001:00014da7       __mbsdec_l                 10015da7 f   libucrt:mbsdec.obj
 0001:00014e43       __msize                    10015e43 f   libucrt:msize.obj
 0001:00014e76       __realloc_base             10015e76 f   libucrt:realloc_base.obj
 0001:00014edf       __fclose_nolock            10015edf f   libucrt:fclose.obj
 0001:00014f55       _fclose                    10015f55 f   libucrt:fclose.obj
 0001:00015158       __lseeki64                 10016158 f   libucrt:lseek.obj
 0001:00015173       __lseeki64_nolock          10016173 f   libucrt:lseek.obj
 0001:0001518e       __putwch_nolock            1001618e f   libucrt:putwch.obj
 0001:000151d3       ___strncnt                 100161d3 f   libucrt:strncnt.obj
 0001:000151ef       _fegetenv                  100161ef f   libucrt:fegetenv.obj
 0001:0001520c       _fesetenv                  1001620c f   libucrt:fesetenv.obj
 0001:00015255       _feholdexcept              10016255 f   libucrt:feholdexcept.obj
 0001:000152b0       _log10                     100162b0 f   libucrt:log10.obj
 0001:000152f0       __CIlog10                  100162f0 f   libucrt:log10.obj
 0001:0001532b       __CIlog10_default          1001632b f   libucrt:log10.obj
 0001:0001533f       __log10_default            1001633f     libucrt:log10.obj
 0001:00015400       _ceil                      10016400 f   libucrt:ceil_pentium4.obj
 0001:00015440       __ceil_pentium4            10016440 f   libucrt:ceil_pentium4.obj
 0001:0001551d       ___acrt_stdio_allocate_buffer_nolock 1001651d f   libucrt:_getbuf.obj
 0001:0001557a       ??$?RV<lambda_123407a5e2ac06da108355a851863b7a>@@AAV<lambda_2fe9b910cf3cbf4a0ab98a02ba45b3ec>@@V<lambda_ae55bdf541ad94d75914d381c370e64d>@@@?$__crt_seh_guarded_call@H@@QAEH$$QAV<lambda_123407a5e2ac06da108355a851863b7a>@@AAV<lambda_2fe9b910cf3cbf4a0ab98a02ba45b3ec>@@$$QAV<lambda_ae55bdf541ad94d75914d381c370e64d>@@@Z 1001657a f i libucrt:close.obj
 0001:000155fc       ??$__acrt_lowio_lock_fh_and_call@V<lambda_2fe9b910cf3cbf4a0ab98a02ba45b3ec>@@@@YAHH$$QAV<lambda_2fe9b910cf3cbf4a0ab98a02ba45b3ec>@@@Z 100165fc f i libucrt:close.obj
 0001:00015624       __close                    10016624 f   libucrt:close.obj
 0001:000156a3       __close_nolock             100166a3 f   libucrt:close.obj
 0001:0001573f       ?__acrt_stdio_free_stream@@YAXV__crt_stdio_stream@@@Z 1001673f f   libucrt:stream.obj
 0001:0001577a       ___dcrt_lowio_initialize_console_output 1001677a f   libucrt:initcon.obj
 0001:00015799       ___dcrt_terminate_console_output 10016799 f   libucrt:initcon.obj
 0001:00015a53       __getfpcontrolword         10016a53 f   libucrt:_fenvutils.obj
 0001:00015a96       __getfpstatusword          10016a96 f   libucrt:_fenvutils.obj
 0001:00015b3e       __setfpcontrolword         10016b3e f   libucrt:_fenvutils.obj
 0001:00015bbe       __setfpstatusword          10016bbe f   libucrt:_fenvutils.obj
 0001:00015c3e       __clearfp                  10016c3e f   libucrt:ieee87.obj
 0001:00015d1c       ___acrt_initialize_sse2    10016d1c f   libucrt:mathfcns.obj
 0001:00015d30       __CIlog10_pentium4         10016d30 f   libucrt:log10_pentium4.obj
 0001:00015d48       __log10_pentium4           10016d48     libucrt:log10_pentium4.obj
 0001:00015fd1       __fFEXP                    10016fd1     libucrt:87tran.obj
 0001:00016028       __rtinfpopse               10017028     libucrt:87tran.obj
 0001:0001602a       __rtinfnpopse              1001702a     libucrt:87tran.obj
 0001:0001603a       __fFLN                     1001703a     libucrt:87tran.obj
 0001:000160ef       __rtinfpop                 100170ef     libucrt:87tran.obj
 0001:000160f1       __rtinfnpop                100170f1     libucrt:87tran.obj
 0001:0001610e       __ffexpm1                  1001710e     libucrt:87tran.obj
 0001:000161c0       __trandisp1                100171c0 f   libucrt:87disp.obj
 0001:00016227       __trandisp2                10017227 f   libucrt:87disp.obj
 0001:000162b3       __rttospopde               100172b3     libucrt:87disp.obj
 0001:000162b8       __rttospop                 100172b8     libucrt:87disp.obj
 0001:000162ba       __rtnospop                 100172ba     libucrt:87disp.obj
 0001:000162bc       __rttosnpop                100172bc     libucrt:87disp.obj
 0001:000162bd       __rtnospopde               100172bd     libucrt:87disp.obj
 0001:000162c4       __rtzeropop                100172c4     libucrt:87disp.obj
 0001:000162c6       __rtzeronpop               100172c6     libucrt:87disp.obj
 0001:000162cb       __rtzerospop               100172cb     libucrt:87disp.obj
 0001:000162d8       __rtonepop                 100172d8     libucrt:87disp.obj
 0001:000162da       __rtonenpop                100172da     libucrt:87disp.obj
 0001:000162df       __tosnan1                  100172df     libucrt:87disp.obj
 0001:0001630a       __nosnan2                  1001730a     libucrt:87disp.obj
 0001:0001630c       __tosnan2                  1001730c     libucrt:87disp.obj
 0001:00016334       __nan2                     10017334     libucrt:87disp.obj
 0001:00016373       __rtindfpop                10017373     libucrt:87disp.obj
 0001:00016375       __rtindfnpop               10017375     libucrt:87disp.obj
 0001:00016386       __rttosnpopde              10017386     libucrt:87disp.obj
 0001:00016390       __rtatan2inf               10017390     libucrt:87disp.obj
 0001:000163ad       __rtchsifneg               100173ad     libucrt:87disp.obj
 0001:000163c0       __twoToTOS                 100173c0 f   libucrt:common.obj
 0001:000163d5       __load_CW                  100173d5 f   libucrt:common.obj
 0001:000163ec       __convertTOStoQNaN         100173ec f   libucrt:common.obj
 0001:00016405       __fload_withFB             10017405 f   libucrt:common.obj
 0001:00016448       __checkTOS_withFB          10017448 f   libucrt:common.obj
 0001:0001645e       __fast_exit                1001745e f   libucrt:common.obj
 0001:0001646b       __math_exit                1001746b f   libucrt:common.obj
 0001:00016495       __check_overflow_exit      10017495 f   libucrt:common.obj
 0001:000164a9       __check_range_exit         100174a9 f   libucrt:common.obj
 0001:00016550       __startTwoArgErrorHandling 10017550 f   libucrt:genexcep.obj
 0001:00016567       __startOneArgErrorHandling 10017567 f   libucrt:genexcep.obj
 0001:000165a3       ___libm_error_support      100175a3 f   libucrt:libm_error.obj
 0001:000167bb       __ceil_default             100177bb f   libucrt:ceil.obj
 0001:00016874       __clrfp                    10017874 f   libucrt:fpctrl.obj
 0001:00016887       __ctrlfp                   10017887 f   libucrt:fpctrl.obj
 0001:000168b3       __set_statfp               100178b3 f   libucrt:fpctrl.obj
 0001:0001690e       __statfp                   1001790e f   libucrt:fpctrl.obj
 0001:00016920       __d_inttype                10017920 f   libucrt:powhlp.obj
 0001:0001698a       __powhlp                   1001798a f   libucrt:powhlp.obj
 0001:00016ab5       __87except                 10017ab5 f   libucrt:87except.obj
 0001:00016bc0       __frnd                     10017bc0 f   libucrt:frnd.obj
 0001:00016bd6       __errcode                  10017bd6 f   libucrt:fpexcept.obj
 0001:00016c0a       __except1                  10017c0a f   libucrt:fpexcept.obj
 0001:00016cd8       __handle_exc               10017cd8 f   libucrt:fpexcept.obj
 0001:00016eb8       __raise_exc                10017eb8 f   libucrt:fpexcept.obj
 0001:00016edb       __raise_exc_ex             10017edb f   libucrt:fpexcept.obj
 0001:000171cc       __set_errno_from_matherr   100181cc f   libucrt:fpexcept.obj
 0001:000171fb       __umatherr                 100181fb f   libucrt:fpexcept.obj
 0001:0001729d       __decomp                   1001829d f   libucrt:util.obj
[...]
 0002:000075c4       __ehfuncinfo$?EIO_AfterSet@@YAXPAUuv_work_s@@@Z 100235c4     serialport.obj
 0002:000075c4       __ehfuncinfo$?EIO_AfterDrain@@YAXPAUuv_work_s@@@Z 100235c4     serialport.obj
 0002:000075e8       __unwindtable$?EIO_AfterSet@@YAXPAUuv_work_s@@@Z 100235e8     serialport.obj
 0002:000075e8       __unwindtable$?EIO_AfterDrain@@YAXPAUuv_work_s@@@Z 100235e8     serialport.obj
 0002:00007618       __unwindtable$?ToParityEnum@@YA?AW4SerialPortParity@@ABV?$Local@VString@v8@@@v8@@@Z 10023618     serialport.obj
 0002:00007638       __ehfuncinfo$?ToParityEnum@@YA?AW4SerialPortParity@@ABV?$Local@VString@v8@@@v8@@@Z 10023638     serialport.obj
 0002:0000765c       __unwindtable$_init        1002365c     serialport.obj
 0002:00007674       __ehfuncinfo$_init         10023674     serialport.obj
 0002:00007698       __unwindtable$??1?$list@PAUListResultItem@@V?$allocator@PAUListResultItem@@@std@@@std@@QAE@XZ 10023698     serialport.obj
 0002:000076a8       __ehfuncinfo$??1?$list@PAUListResultItem@@V?$allocator@PAUListResultItem@@@std@@@std@@QAE@XZ 100236a8     serialport.obj
 0002:000076cc       __unwindtable$??1?$_List_buy@PAUListResultItem@@V?$allocator@PAUListResultItem@@@std@@@std@@QAE@XZ 100236cc     serialport.obj
 0002:000076d4       __ehfuncinfo$??1?$_List_buy@PAUListResultItem@@V?$allocator@PAUListResultItem@@@std@@@std@@QAE@XZ 100236d4     serialport.obj
 0002:000076f8       __unwindtable$??$New@VString@v8@@V?$basic_string@DU?$char_traits@D@std@@V?$allocator@D@2@@std@@@Nan@@YA?AV?$MaybeLocal@VString@v8@@@v8@@V?$basic_string@DU?$char_traits@D@std@@V?$allocator@D@2@@std@@@Z 100236f8     serialport.obj
 0002:00007700       __ehfuncinfo$??$New@VString@v8@@V?$basic_string@DU?$char_traits@D@std@@V?$allocator@D@2@@std@@@Nan@@YA?AV?$MaybeLocal@VString@v8@@@v8@@V?$basic_string@DU?$char_traits@D@std@@V?$allocator@D@2@@std@@@Z 10023700     serialport.obj
 0002:00007724       __unwindtable$??$SetMethod@VObject@v8@@VLocal@2@@Nan@@YAXV?$Local@VObject@v8@@@v8@@PBDP6AXABV?$FunctionCallbackInfo@VValue@v8@@@0@@Z@Z 10023724     serialport.obj
 0002:0000773c       __ehfuncinfo$??$SetMethod@VObject@v8@@VLocal@2@@Nan@@YAXV?$Local@VObject@v8@@@v8@@PBDP6AXABV?$FunctionCallbackInfo@VValue@v8@@@0@@Z@Z 1002373c     serialport.obj
 0002:00007760       __unwindtable$?Error@Nan@@YA?AV?$Local@VValue@v8@@@v8@@PBD@Z 10023760     serialport_win.obj
 0002:00007780       __ehfuncinfo$?Error@Nan@@YA?AV?$Local@VValue@v8@@@v8@@PBD@Z 10023780     serialport_win.obj
 0002:000077a4       __unwindtable$??__Eg_closingHandles@@YAXXZ 100237a4     serialport_win.obj
 0002:000077b4       __ehfuncinfo$??__Eg_closingHandles@@YAXXZ 100237b4     serialport_win.obj
 0002:000077d8       __ehfuncinfo$?DisposeWatchPortCallbacks@@YAXPAUWatchPortBaton@@@Z 100237d8     serialport_win.obj
 0002:000077fc       __unwindtable$?DisposeWatchPortCallbacks@@YAXPAUWatchPortBaton@@@Z 100237fc     serialport_win.obj
 0002:0000782c       __unwindtable$?EIO_AfterWatchPort@@YAXPAUuv_work_s@@@Z 1002382c     serialport_win.obj
 0002:00007844       __ehfuncinfo$?EIO_AfterWatchPort@@YAXPAUuv_work_s@@@Z 10023844     serialport_win.obj
 0002:00007868       __unwindtable$?EIO_List@@YAXPAUuv_work_s@@@Z 10023868     serialport_win.obj
 0002:00007870       __ehfuncinfo$?EIO_List@@YAXPAUuv_work_s@@@Z 10023870     serialport_win.obj
 0002:00007894       __ehfuncinfo$??0ListResultItem@@QAE@XZ 10023894     serialport_win.obj
 0002:000078b8       __unwindtable$??0ListResultItem@@QAE@XZ 100238b8     serialport_win.obj
 0002:000078f0       __unwindtable$??1?$list@HV?$allocator@H@std@@@std@@QAE@XZ 100238f0     serialport_win.obj
 0002:00007900       __ehfuncinfo$??1?$list@HV?$allocator@H@std@@@std@@QAE@XZ 10023900     serialport_win.obj
 0002:00007924       __unwindtable$??1?$_List_buy@HV?$allocator@H@std@@@std@@QAE@XZ 10023924     serialport_win.obj
 0002:0000792c       __ehfuncinfo$??1?$_List_buy@HV?$allocator@H@std@@@std@@QAE@XZ 1002392c     serialport_win.obj
 0002:00007a38       __sehtable$___scrt_is_nonwritable_in_current_image 10023a38     LIBCMT:utility.obj
 0002:00007a58       __sehtable$?dllmain_crt_process_attach@@YAHQAUHINSTANCE__@@QAX@Z 10023a58     LIBCMT:dll_dllmain.obj
 0002:00007a78       __sehtable$?dllmain_crt_process_detach@@YAH_N@Z 10023a78     LIBCMT:dll_dllmain.obj
 0002:00007a98       __sehtable$?dllmain_dispatch@@YAHQAUHINSTANCE__@@KQAX@Z 10023a98     LIBCMT:dll_dllmain.obj
 0002:00007af0       __sehtable$??$?RV<lambda_ab9923ffb5d694ec0d78876dd103e44f>@@AAV<lambda_481dd5778c961fbcd3b60b650e9b9dc4>@@V<lambda_7923d86c9e3f319b415918ec4b39749c>@@@?$__crt_seh_guarded_call@H@@QAEH$$QAV<lambda_ab9923ffb5d694ec0d78876dd103e44f>@@AAV<lambda_481dd5778c961fbcd3b60b650e9b9dc4>@@$$QAV<lambda_7923d86c9e3f319b415918ec4b39749c>@@@Z 10023af0     libucrt:output.obj
 0002:00007b10       __sehtable$__query_new_handler 10023b10     libucrt:new_handler.obj
 0002:00007b30       __sehtable$?common_exit@@YAXHW4_crt_exit_cleanup_mode@@W4_crt_exit_return_mode@@@Z 10023b30     libucrt:exit.obj
 0002:00007b58       __sehtable$??$?RV<lambda_800076c951b434888f4765a74a194fcc>@@AAV<lambda_4e60a939b0d047cfe11ddc22648dfba9>@@V<lambda_6dbb1268764f43b569ce7b67e331d33a>@@@?$__crt_seh_guarded_call@H@@QAEH$$QAV<lambda_800076c951b434888f4765a74a194fcc>@@AAV<lambda_4e60a939b0d047cfe11ddc22648dfba9>@@$$QAV<lambda_6dbb1268764f43b569ce7b67e331d33a>@@@Z 10023b58     libucrt:onexit.obj
 0002:00007b78       __sehtable$??$?RV<lambda_995298e7d72eb4c2aab26c0585b3abe5>@@AAV<lambda_275893d493268fdec8709772e3fcec0e>@@V<lambda_293819299cbf9a7022e18b56a874bb5c>@@@?$__crt_seh_guarded_call@H@@QAEH$$QAV<lambda_995298e7d72eb4c2aab26c0585b3abe5>@@AAV<lambda_275893d493268fdec8709772e3fcec0e>@@$$QAV<lambda_293819299cbf9a7022e18b56a874bb5c>@@@Z 10023b78     libucrt:onexit.obj
 0002:00007b98       __sehtable$_terminate      10023b98     libucrt:terminate.obj
 0002:00007bb8       __sehtable$_fflush         10023bb8     libucrt:fflush.obj
 0002:00007bd8       __sehtable$_common_flush_all 10023bd8     libucrt:fflush.obj
 0002:00007c00       __sehtable$??$?RV<lambda_d92cfe8357b99225085016881b624cb0>@@AAV<lambda_b721fa326cdb32351d23dfa67958c160>@@V<lambda_42d75b0848218ec137fa420c8ba9fdf9>@@@?$__crt_seh_guarded_call@H@@QAEH$$QAV<lambda_d92cfe8357b99225085016881b624cb0>@@AAV<lambda_b721fa326cdb32351d23dfa67958c160>@@$$QAV<lambda_42d75b0848218ec137fa420c8ba9fdf9>@@@Z 10023c00     libucrt:setvbuf.obj
 0002:00007c20       __sehtable$_raise          10023c20     libucrt:signal.obj
 0002:00007c40       __sehtable$??$?RV<lambda_a048d3beccc847880fc8490e18b82769>@@AAV<lambda_ec61778202f4f5fc7e7711acc23c3bca>@@V<lambda_f7496a158712204296dd6628a163878e>@@@?$__crt_seh_guarded_call@P6AXH@Z@@QAEP6AXH@Z$$QAV<lambda_a048d3beccc847880fc8490e18b82769>@@AAV<lambda_ec61778202f4f5fc7e7711acc23c3bca>@@$$QAV<lambda_f7496a158712204296dd6628a163878e>@@@Z 10023c40     libucrt:signal.obj
 0002:00007c60       __sehtable$??$?RV<lambda_9df27f884b057bc3edfc946cb5b7cf47>@@AAV<lambda_e69574bed617af4e071282c136b37893>@@V<lambda_cc0d902bcbbeb830f749456577db4721>@@@?$__crt_seh_guarded_call@X@@QAEX$$QAV<lambda_9df27f884b057bc3edfc946cb5b7cf47>@@AAV<lambda_e69574bed617af4e071282c136b37893>@@$$QAV<lambda_cc0d902bcbbeb830f749456577db4721>@@@Z 10023c60     libucrt:per_thread_data.obj
 0002:00007c80       __sehtable$??$?RV<lambda_3518db117f0e7cdb002338c5d3c47b6c>@@AAV<lambda_b2ea41f6bbb362cd97d94c6828d90b61>@@V<lambda_abdedf541bb04549bc734292b4a045d4>@@@?$__crt_seh_guarded_call@X@@QAEX$$QAV<lambda_3518db117f0e7cdb002338c5d3c47b6c>@@AAV<lambda_b2ea41f6bbb362cd97d94c6828d90b61>@@$$QAV<lambda_abdedf541bb04549bc734292b4a045d4>@@@Z 10023c80     libucrt:per_thread_data.obj
 0002:00007ca0       __sehtable$??$?RV<lambda_51b6e8b1eb166f2a3faf91f424b38130>@@AAV<lambda_6250bd4b2a391816dd638c3bf72b0bcb>@@V<lambda_0b5a4a3e68152e1d9b943535f5f47bed>@@@?$__crt_seh_guarded_call@X@@QAEX$$QAV<lambda_51b6e8b1eb166f2a3faf91f424b38130>@@AAV<lambda_6250bd4b2a391816dd638c3bf72b0bcb>@@$$QAV<lambda_0b5a4a3e68152e1d9b943535f5f47bed>@@@Z 10023ca0     libucrt:per_thread_data.obj
 0002:00007cc0       __sehtable$??$?RV<lambda_5b71d36f03204c0beab531769a5b5694>@@AAV<lambda_be2b3da3f62db62e9dad5dc70221a656>@@V<lambda_8f9ce462984622f9bf76b59e2aaaf805>@@@?$__crt_seh_guarded_call@X@@QAEX$$QAV<lambda_5b71d36f03204c0beab531769a5b5694>@@AAV<lambda_be2b3da3f62db62e9dad5dc70221a656>@@$$QAV<lambda_8f9ce462984622f9bf76b59e2aaaf805>@@@Z 10023cc0     libucrt:per_thread_data.obj
 0002:00007ce0       __sehtable$___acrt_uninitialize_locale 10023ce0     libucrt:wsetlocale.obj
 0002:00007d00       __sehtable$___acrt_initialize_lowio 10023d00     libucrt:ioinit.obj
 0002:00007d20       __sehtable$___acrt_update_thread_multibyte_data 10023d20     libucrt:mbctype.obj
 0002:00007d40       __sehtable$??$?RV<lambda_978dc153c237d78434369da87b74ff60>@@AAV<lambda_ad1ced32f4ac17aa236e5ef05d6b3b7c>@@V<lambda_4a8533e2866a575feecb8298ce776b0d>@@@?$__crt_seh_guarded_call@X@@QAEX$$QAV<lambda_978dc153c237d78434369da87b74ff60>@@AAV<lambda_ad1ced32f4ac17aa236e5ef05d6b3b7c>@@$$QAV<lambda_4a8533e2866a575feecb8298ce776b0d>@@@Z 10023d40     libucrt:mbctype.obj
 0002:00007d60       __sehtable$__fcloseall     10023d60     libucrt:closeall.obj
 0002:00007d80       __sehtable$??$?RV<lambda_61cee617f5178ae960314fd4d05640a0>@@AAV<lambda_6978c1fb23f02e42e1d9e99668cc68aa>@@V<lambda_9cd88cf8ad10232537feb2133f08c833>@@@?$__crt_seh_guarded_call@H@@QAEH$$QAV<lambda_61cee617f5178ae960314fd4d05640a0>@@AAV<lambda_6978c1fb23f02e42e1d9e99668cc68aa>@@$$QAV<lambda_9cd88cf8ad10232537feb2133f08c833>@@@Z 10023d80     libucrt:commit.obj
 0002:00007da0       __sehtable$__write         10023da0     libucrt:write.obj
 0002:00007dc0       __sehtable$___acrt_update_thread_locale_data 10023dc0     libucrt:locale_refcounting.obj
 0002:00007de0       __sehtable$___acrt_lowio_ensure_fh_exists 10023de0     libucrt:osfinfo.obj
 0002:00007e00       __sehtable$_fclose         10023e00     libucrt:fclose.obj
 0002:00007e20       __sehtable$??$common_lseek@_J@@YA_JH_JH@Z 10023e20     libucrt:lseek.obj
 0002:00007e40       __sehtable$??$?RV<lambda_123407a5e2ac06da108355a851863b7a>@@AAV<lambda_2fe9b910cf3cbf4a0ab98a02ba45b3ec>@@V<lambda_ae55bdf541ad94d75914d381c370e64d>@@@?$__crt_seh_guarded_call@H@@QAEH$$QAV<lambda_123407a5e2ac06da108355a851863b7a>@@AAV<lambda_2fe9b910cf3cbf4a0ab98a02ba45b3ec>@@$$QAV<lambda_ae55bdf541ad94d75914d381c370e64d>@@@Z 10023e40     libucrt:close.obj
 0002:00007e60       __sehtable$__IsNonwritableInCurrentImage 10023e60     LIBCMT:pesect.obj
 0002:00007e80       __sehtable$___FrameUnwindToState 10023e80     libvcruntime:frame.obj
 0002:00007ea8       __sehtable$?CallCatchBlock@@YAPAXPAUEHExceptionRecord@@PAUEHRegistrationNode@@PAU_CONTEXT@@PBU_s_FuncInfo@@PAXHK@Z 10023ea8     libvcruntime:frame.obj
 0002:00007ed0       __sehtable$___BuildCatchObject 10023ed0     libvcruntime:frame.obj
 0002:00007ef0       __sehtable$___DestructExceptionObject 10023ef0     libvcruntime:frame.obj
 0002:00007f0c       __catchsym$?CallUnexpected@@YAXPBU_s_ESTypeList@@@Z$2 10023f0c     libvcruntime:frame.obj
 0002:00007f1c       __unwindtable$?CallUnexpected@@YAXPBU_s_ESTypeList@@@Z 10023f1c     libvcruntime:frame.obj
 0002:00007f2c       __tryblocktable$?CallUnexpected@@YAXPBU_s_ESTypeList@@@Z 10023f2c     libvcruntime:frame.obj
 0002:00007f40       __ehfuncinfo$?CallUnexpected@@YAXPBU_s_ESTypeList@@@Z 10023f40     libvcruntime:frame.obj
 0002:00007f68       __sehtable$___BuildCatchObjectHelper 10023f68     libvcruntime:frame.obj
 0002:00007fc0       .edata                     10023fc0     serialport.exp
 0002:00007fe8       rgpv                       10023fe8     serialport.exp
 0002:00007fec       rgszName                   10023fec     serialport.exp
 0002:00007ff0       rgwOrd                     10023ff0     serialport.exp
 0002:00007ff2       szName                     10023ff2     serialport.exp
 0002:00008002       $N00001                    10024002     serialport.exp
 0002:00008404       .idata$6                   10024404     kernel32:KERNEL32.dll
 0002:00008434       .idata$6                   10024434     advapi32:ADVAPI32.dll
 0002:000092be       .idata$6                   100252be     iojs:node.dll
 0002:00009372       .idata$6                   10025372     setupapi:SETUPAPI.dll
 0003:00000010       ?__vcrt_flsindex@@3KA      10026010     libvcruntime:per_thread_data.obj
 0003:00000034       _errno_no_memory           10026034     libucrt:errno.obj
 0003:00000038       _doserrno_no_memory        10026038     libucrt:errno.obj
 0003:000000e8       ___acrt_flsindex           100260e8     libucrt:per_thread_data.obj
 0003:000001e8       ___rgctypeflag             100261e8     libucrt:mbctype.obj
 0003:000001f0       ___rgcode_page_info        100261f0     libucrt:mbctype.obj
 0003:00000790       __module                   10026790     serialport.obj
 0003:000008b8       _GS_ExceptionRecord        100268b8     LIBCMT:gs_report.obj
 0003:00000908       _GS_ContextRecord          10026908     LIBCMT:gs_report.obj
 0003:00000bdc       ?module_local_atexit_table@@3U_onexit_table_t@@A 10026bdc     LIBCMT:utility.obj
 0003:00000be8       ?module_local_at_quick_exit_table@@3U_onexit_table_t@@A 10026be8     LIBCMT:utility.obj
 0003:00000bf4       ?is_initialized_as_dll@@3_NA 10026bf4     LIBCMT:utility.obj
 0003:00000bf8       ?__proc_attached@@3HA      10026bf8     LIBCMT:dll_dllmain.obj
 0003:00000c18       ?__vcrt_startup_thread_ptd@@3U__vcrt_ptd@@A 10026c18     libvcruntime:per_thread_data.obj
 0003:00000c40       ___vcrt_lock_table         10026c40     libvcruntime:locks.obj
 0003:00000c58       ___vcrt_locks_initialized  10026c58     libvcruntime:locks.obj
 0003:00000c5c       ?module_handles@@3PAPAUHINSTANCE__@@A 10026c5c     libvcruntime:winapi_downlevel.obj
 0003:00000c6c       ?encoded_function_pointers@@3PAPAXA 10026c6c     libvcruntime:winapi_downlevel.obj
 0003:00000cbc       ?heap@@3V_HeapManager@@A   10026cbc     libvcruntime:undname.obj
 0003:00000cd0       ___acrt_invalid_parameter_handler 10026cd0     libucrt:invalid_parameter.obj
 0003:00000cd4       ___acrt_new_handler        10026cd4     libucrt:new_handler.obj
 0003:00000cd8       _c_termination_complete    10026cd8     libucrt:exit.obj
 0003:00000cdc       _thread_local_exit_callback_func 10026cdc     libucrt:exit.obj
 0003:00000ce0       ?c_exit_complete@?5??common_exit@@YAXHW4_crt_exit_cleanup_mode@@W4_crt_exit_return_mode@@@Z@4_NA 10026ce0     libucrt:exit.obj
 0003:00000ce8       ?program_name@?5???$common_configure_argv@D@@YAHW4_crt_argv_mode@@@Z@4PADA 10026ce8     libucrt:argv_parsing.obj
 0003:00000e18       ___acrt_app_type           10026e18     libucrt:report_runtime_error.obj
 0003:00000e1c       ___acrt_error_mode         10026e1c     libucrt:set_error_mode.obj
 0003:00000e2c       _ctrlc_action              10026e2c     libucrt:signal.obj
 0003:00000e30       _ctrlbreak_action          10026e30     libucrt:signal.obj
 0003:00000e34       _abort_action              10026e34     libucrt:signal.obj
 0003:00000e38       _term_action               10026e38     libucrt:signal.obj
 0003:00000e3c       _enable_percent_n          10026e3c     libucrt:printf_count_output.obj
 0003:00001058       ___acrt_lock_table         10027058     libucrt:locks.obj
 0003:00001190       ___acrt_locks_initialized  10027190     libucrt:locks.obj
 0003:00001198       _module_handles            10027198     libucrt:winapi_thunks.obj
 0003:000011e8       _encoded_function_pointers 100271e8     libucrt:winapi_thunks.obj
 0003:00001268       ?state_cache@?1??__acrt_is_packaged_app@@9@4JA 10027268     libucrt:winapi_thunks.obj
 0003:00001284       _fSystemSet                10027284     libucrt:mbctype.obj
 0003:00001288       ?initialized@?1??__acrt_initialize_multibyte@@9@4_NA 10027288     libucrt:mbctype.obj
 0003:000012a8       _user_matherr              100272a8     libucrt:matherr.obj
 0003:000012ac       ___acrt_global_new_mode    100272ac     libucrt:new_mode.obj
 0003:000012bc       __pmatherr_set             100272bc     libucrt:libm_error.obj
 0003:000012c0       ?write_queues@@3PAU_WriteQueue@@A 100272c0     serialport.obj
 0004:00000000       __guard_fids____dcrt_uninitialize_environments_nolock 10028000     libucrt:environment_initialization.obj
 0004:00000008       __guard_fids__             10028008     libucrt:initialization.obj
 0004:00000068       __guard_fids_??$common_show_message_box@_W@@YAHQB_W0I@Z 10028068     libucrt:crtmbox.obj
 0004:0000006c       __guard_fids____acrt_initialize_ptd 1002806c     libucrt:per_thread_data.obj
 0004:00000070       __guard_fids_??$expand_argument_wildcards@D@@YAHQAD0AAV?$argument_list@D@?A0xb0e4b824@@@Z 10028070     libucrt:argv_wildcards.obj
 0004:00000074       __guard_fids__             10028074     libucrt:stdio_initializer.obj
 0004:00000078       __guard_fids__             10028078     libucrt:stdio_initializer.obj
 0004:0000007c       __guard_fids__             1002807c     libucrt:locale_initializer.obj
 0004:00000080       __guard_fids__             10028080     libucrt:multibyte_initializer.obj
 0004:00000084       __guard_fids____libm_error_support 10028084     libucrt:libm_error.obj
 0004:00000088       __guard_fids__             10028088     libucrt:console_output_initializer.obj
 0004:0000008c       __guard_fids__             1002808c     libucrt:sse2_initializer.obj
 0004:00000090       __guard_fids__             10028090     libcpmt:xthrow.obj
 0004:00000098       __guard_fids__             10028098     libcpmt:xthrow.obj
 0004:000000a0       __guard_fids__             100280a0     libcpmt:xthrow.obj
 0004:000000a8       __guard_fids__             100280a8     libcpmt:xthrow.obj
 0004:000000b0       __guard_fids__             100280b0     libcpmt:xthrow.obj
 0004:000000b8       __guard_fids__             100280b8     libcpmt:xthrow.obj
 0004:000000bc       __guard_fids__             100280bc     libcpmt:xthrow.obj
 0004:000000c0       __guard_fids__             100280c0     libcpmt:xthrow.obj
 0004:000000c4       __guard_fids__             100280c4     libcpmt:xthrow.obj
 0004:000000c8       __guard_fids__             100280c8     libcpmt:xthrow.obj
 0004:000000cc       __guard_fids__             100280cc     libcpmt:xthrow.obj
 0004:000000d0       __guard_fids__             100280d0     libcpmt:xthrow.obj
 0004:000000d4       __guard_fids__             100280d4     libcpmt:xthrow.obj
 0004:000000d8       __guard_fids_?dllmain_crt_process_attach@@YAHQAUHINSTANCE__@@QAX@Z 100280d8     LIBCMT:dll_dllmain.obj
 0004:000000e0       __guard_fids_?dllmain_dispatch@@YAHQAUHINSTANCE__@@KQAX@Z 100280e0     LIBCMT:dll_dllmain.obj
 0004:000000e4       __guard_fids__             100280e4     LIBCMT:std_type_info_static.obj
 0004:000000e8       __guard_fids__             100280e8     LIBCMT:throw_bad_alloc.obj
 0004:000000f0       __guard_fids__             100280f0     LIBCMT:throw_bad_alloc.obj
 0004:000000f4       __guard_fids__             100280f4     LIBCMT:throw_bad_alloc.obj
 0004:000000f8       __guard_fids__             100280f8     LIBCMT:guard_support.obj
 0004:000000fc       __guard_fids____vcrt_initialize_ptd 100280fc     libvcruntime:per_thread_data.obj
 0004:00000100       __guard_fids__             10028100     libvcruntime:frame.obj
 0004:00000104       __guard_fids__             10028104     libvcruntime:frame.obj
 0004:0000010c       __guard_fids__             1002810c     libvcruntime:frame.obj
 0004:00000110       __guard_fids__             10028110     libvcruntime:frame.obj
 0005:00000060       $R000000                   10029060     * linker generated manifest res *

 Exports

  ordinal    name

        1    __register_serialport_
               exported name: _register_serialport_
