 serialport

 Timestamp is 5c5ca4e5 (Thu Feb  7 22:36:37 2019)

 Preferred load address is 10000000

 Start         Length     Name                   Class
 0001:00000000 00000080H .text$di                CODE
 0001:00000080 00019d40H .text$mn                CODE
 0001:00019dc0 00000d40H .text$x                 CODE
 0001:0001ab00 00000005H .text$yd                CODE
 0002:00000000 000002a8H .idata$5                DATA
 0002:000002a8 00000004H .00cfg                  DATA
 0002:000002ac 00000004H .CRT$XCA                DATA
 0002:000002b0 00000008H .CRT$XCU                DATA
 0002:000002b8 00000004H .CRT$XCZ                DATA
 0002:000002bc 00000004H .CRT$XIA                DATA
 0002:000002c0 0000000cH .CRT$XIC                DATA
 0002:000002cc 00000004H .CRT$XIZ                DATA
 0002:000002d0 00000004H .CRT$XPA                DATA
 0002:000002d4 00000008H .CRT$XPX                DATA
 0002:000002dc 00000004H .CRT$XPXA               DATA
 0002:000002e0 00000004H .CRT$XPZ                DATA
 0002:000002e4 00000004H .CRT$XTA                DATA
 0002:000002e8 00000008H .CRT$XTZ                DATA
 0002:000002f0 0000643cH .rdata                  DATA
 0002:0000672c 00000264H .rdata$r                DATA
 0002:00006990 000000dcH .rdata$sxdata           DATA
 0002:00006a6c 00000388H .rdata$zzzdbg           DATA
 0002:00006df4 00000004H .rtc$IAA                DATA
 0002:00006df8 00000004H .rtc$IZZ                DATA
 0002:00006dfc 00000004H .rtc$TAA                DATA
 0002:00006e00 00000008H .rtc$TZZ                DATA
 0002:00006e08 00001338H .xdata$x                DATA
 0002:00008140 00000058H .edata                  DATA
 0002:00008198 00000064H .idata$2                DATA
 0002:000081fc 00000014H .idata$3                DATA
 0002:00008210 000002a8H .idata$4                DATA
 0002:000084b8 00001766H .idata$6                DATA
 0003:00000000 000007c0H .data                   DATA
 0003:000007c0 000000f8H .data$r                 DATA
 0003:000008b8 00000a2cH .bss                    DATA
 0004:00000000 00000090H .gfids$x                DATA
 0004:00000090 00000084H .gfids$y                DATA
 0005:00000000 00000060H .rsrc$01                DATA
 0005:00000060 00000180H .rsrc$02                DATA

  Address         Publics by Value              Rva+Base       Lib:Object

 0000:00000000       __except_list              00000000     <absolute>
 0000:00000000       ___guard_longjmp_count     00000000     <absolute>
 0000:00000000       ___guard_fids_count        00000000     <absolute>
 0000:00000000       ___guard_longjmp_table     00000000     <absolute>
 0000:00000000       ___guard_iat_table         00000000     <absolute>
 0000:00000000       ___guard_iat_count         00000000     <absolute>
 0000:00000000       ___guard_fids_table        00000000     <absolute>
 0000:00000000       ___dynamic_value_reloc_table 00000000     <absolute>
 0000:00000037       ___safe_se_handler_count   00000037     <absolute>
 0000:00000100       ___guard_flags             00000100     <absolute>
 0000:00000000       ___ImageBase               10000000     <linker-defined>
 0001:00000080       ___local_stdio_printf_options 10001080 f i serialport.obj
 0001:00000090       _snprintf                  10001090 f i serialport.obj
 0001:00000190       ?NewInstance@Nan@@YA?AV?$MaybeLocal@VObject@v8@@@v8@@V?$Local@VObjectTemplate@v8@@@3@@Z 10001190 f i serialport.obj
 0001:00000230       ?GetFunction@Nan@@YA?AV?$MaybeLocal@VFunction@v8@@@v8@@V?$Local@VFunctionTemplate@v8@@@3@@Z 10001230 f i serialport.obj
 0001:000002d0       ?Set@Nan@@YA?AV?$Maybe@_N@v8@@V?$Local@VObject@v8@@@3@V?$Local@VValue@v8@@@3@1@Z 100012d0 f i serialport.obj
 0001:00000360       ?Get@Nan@@YA?AV?$MaybeLocal@VValue@v8@@@v8@@V?$Local@VObject@v8@@@3@V?$Local@VValue@v8@@@3@@Z 10001360 f i serialport.obj
 0001:00000400       ?Has@Nan@@YA?AV?$Maybe@_N@v8@@V?$Local@VObject@v8@@@3@V?$Local@VString@v8@@@3@@Z 10001400 f i serialport.obj
 0001:00000490       ?convert@?$ToFactory@VBoolean@v8@@@imp@Nan@@SA?AV?$MaybeLocal@VBoolean@v8@@@v8@@V?$Local@VValue@v8@@@5@@Z 10001490 f i serialport.obj
 0001:00000530       ?convert@?$ToFactory@VString@v8@@@imp@Nan@@SA?AV?$MaybeLocal@VString@v8@@@v8@@V?$Local@VValue@v8@@@5@@Z 10001530 f i serialport.obj
 0001:000005d0       ?convert@?$ToFactory@VInteger@v8@@@imp@Nan@@SA?AV?$MaybeLocal@VInteger@v8@@@v8@@V?$Local@VValue@v8@@@5@@Z 100015d0 f i serialport.obj
 0001:00000670       ?convert@?$ToFactory@VInt32@v8@@@imp@Nan@@SA?AV?$MaybeLocal@VInt32@v8@@@v8@@V?$Local@VValue@v8@@@5@@Z 10001670 f i serialport.obj
 0001:00000710       ?convert@?$ToFactory@N@imp@Nan@@SA?AV?$Maybe@N@v8@@V?$Local@VValue@v8@@@5@@Z 10001710 f i serialport.obj
 0001:000007a0       ?convert@?$ToFactory@H@imp@Nan@@SA?AV?$Maybe@H@v8@@V?$Local@VValue@v8@@@5@@Z 100017a0 f i serialport.obj
 0001:00000830       ?New@?$Factory@VFunctionTemplate@v8@@@imp@Nan@@SA?AV?$Local@VFunctionTemplate@v8@@@v8@@P6AXABV?$FunctionCallbackInfo@VValue@v8@@@3@@ZV?$Local@VValue@v8@@@5@V?$Local@VSignature@v8@@@5@@Z 10001830 f i serialport.obj
 0001:00000980       ??0AsyncResource@Nan@@QAE@PBDV?$Local@VObject@v8@@@v8@@@Z 10001980 f i serialport.obj
 0001:00000a20       ??1AsyncResource@Nan@@QAE@XZ 10001a20 f i serialport.obj
 0001:00000a70       ??1EscapableHandleScope@Nan@@QAE@XZ 10001a70 f i serialport.obj
 0001:00000ac0       ??1HandleScope@Nan@@QAE@XZ 10001ac0 f i serialport.obj
 0001:00000b10       ?ThrowTypeError@Nan@@YAXPBD@Z 10001b10 f i serialport.obj
 0001:00000bc0       ??0Utf8String@Nan@@QAE@V?$Local@VValue@v8@@@v8@@@Z 10001bc0 f i serialport.obj
 0001:00000ce0       ??1Utf8String@Nan@@QAE@XZ  10001ce0 f i serialport.obj
 0001:00000d30       ??1Callback@Nan@@QAE@XZ    10001d30 f i serialport.obj
 0001:00000da0       ??$Reset@VObject@v8@@@?$Persistent@VObject@v8@@V?$NonCopyablePersistentTraits@VObject@v8@@@2@@Nan@@QAEXABV?$Local@VObject@v8@@@v8@@@Z 10001da0 f i serialport_win.obj
 0001:00000da0       ?Reset@Callback@Nan@@QAEXABV?$Local@VFunction@v8@@@v8@@@Z 10001da0 f i serialport.obj
 0001:00000de0       ?Call@Callback@Nan@@QBE?AV?$Local@VValue@v8@@@v8@@HQAV34@@Z 10001de0 f i serialport.obj
 0001:00000ee0       ?Call_@Callback@Nan@@ABE?AV?$MaybeLocal@VValue@v8@@@v8@@PAVIsolate@4@V?$Local@VObject@v8@@@4@HQAV?$Local@VValue@v8@@@4@PAVAsyncResource@2@@Z 10001ee0 f i serialport.obj
 0001:00000fc0       ??1?$Persistent@VObject@v8@@V?$NonCopyablePersistentTraits@VObject@v8@@@2@@Nan@@QAE@XZ 10001fc0 f i serialport_win.obj
 0001:00000fc0       ??1?$Persistent@VFunction@v8@@V?$NonCopyablePersistentTraits@VFunction@v8@@@2@@Nan@@QAE@XZ 10001fc0 f i serialport.obj
 0001:00001000       ?getValueFromObject@@YA?AV?$Local@VValue@v8@@@v8@@V?$Local@VObject@v8@@@2@V?$basic_string@DU?$char_traits@D@std@@V?$allocator@D@2@@std@@@Z 10002000 f   serialport.obj
 0001:00001120       ?getIntFromObject@@YAHV?$Local@VObject@v8@@@v8@@V?$basic_string@DU?$char_traits@D@std@@V?$allocator@D@2@@std@@@Z 10002120 f   serialport.obj
 0001:00001220       ?getBoolFromObject@@YA_NV?$Local@VObject@v8@@@v8@@V?$basic_string@DU?$char_traits@D@std@@V?$allocator@D@2@@std@@@Z 10002220 f   serialport.obj
 0001:00001320       ?getStringFromObj@@YA?AV?$Local@VString@v8@@@v8@@V?$Local@VObject@v8@@@2@V?$basic_string@DU?$char_traits@D@std@@V?$allocator@D@2@@std@@@Z 10002320 f   serialport.obj
 0001:00001420       ?getDoubleFromObject@@YANV?$Local@VObject@v8@@@v8@@V?$basic_string@DU?$char_traits@D@std@@V?$allocator@D@2@@std@@@Z 10002420 f   serialport.obj
 0001:00001520       ?Open@@YAXABV?$FunctionCallbackInfo@VValue@v8@@@Nan@@@Z 10002520 f   serialport.obj
 0001:00001920       ?EIO_AfterOpen@@YAXPAUuv_work_s@@@Z 10002920 f   serialport.obj
 0001:00001a70       ?Update@@YAXABV?$FunctionCallbackInfo@VValue@v8@@@Nan@@@Z 10002a70 f   serialport.obj
 0001:00001cc0       ?EIO_AfterUpdate@@YAXPAUuv_work_s@@@Z 10002cc0 f   serialport.obj
 0001:00001dd0       ?Close@@YAXABV?$FunctionCallbackInfo@VValue@v8@@@Nan@@@Z 10002dd0 f   serialport.obj
 0001:00001f80       ?EIO_AfterDrain@@YAXPAUuv_work_s@@@Z 10002f80 f   serialport.obj
 0001:00001f80       ?EIO_AfterFlush@@YAXPAUuv_work_s@@@Z 10002f80 f   serialport.obj
 0001:00001f80       ?EIO_AfterClose@@YAXPAUuv_work_s@@@Z 10002f80 f   serialport.obj
 0001:00002090       ?Flush@@YAXABV?$FunctionCallbackInfo@VValue@v8@@@Nan@@@Z 10003090 f   serialport.obj
 0001:00002230       ?Set@@YAXABV?$FunctionCallbackInfo@VValue@v8@@@Nan@@@Z 10003230 f   serialport.obj
 0001:00002520       ?EIO_AfterSet@@YAXPAUuv_work_s@@@Z 10003520 f   serialport.obj
 0001:00002630       ?Get@@YAXABV?$FunctionCallbackInfo@VValue@v8@@@Nan@@@Z 10003630 f   serialport.obj
 0001:000027e0       ?EIO_AfterGet@@YAXPAUuv_work_s@@@Z 100037e0 f   serialport.obj
 0001:00002a10       ?GetBaudRate@@YAXABV?$FunctionCallbackInfo@VValue@v8@@@Nan@@@Z 10003a10 f   serialport.obj
 0001:00002bc0       ?EIO_AfterGetBaudRate@@YAXPAUuv_work_s@@@Z 10003bc0 f   serialport.obj
 0001:00002d60       ?Drain@@YAXABV?$FunctionCallbackInfo@VValue@v8@@@Nan@@@Z 10003d60 f   serialport.obj
 0001:00002f00       ?ToParityEnum@@YA?AW4SerialPortParity@@ABV?$Local@VString@v8@@@v8@@@Z 10003f00 f i serialport.obj
 0001:00003050       _init                      10004050 f   serialport.obj
 0001:00003190       ??1?$Persistent@VFunction@v8@@V?$NonCopyablePersistentTraits@VFunction@v8@@@2@@v8@@QAE@XZ 10004190 f i serialport.obj
 0001:00003190       ??1?$Persistent@VObject@v8@@V?$NonCopyablePersistentTraits@VObject@v8@@@2@@v8@@QAE@XZ 10004190 f i serialport_win.obj
 0001:000031d0       ??1?$basic_string@DU?$char_traits@D@std@@V?$allocator@D@2@@std@@QAE@XZ 100041d0 f i serialport.obj
 0001:00003240       ??0?$basic_string@DU?$char_traits@D@std@@V?$allocator@D@2@@std@@QAE@PBD@Z 10004240 f i serialport.obj
 0001:00003290       ?assign@?$basic_string@DU?$char_traits@D@std@@V?$allocator@D@2@@std@@QAEAAV12@PBDI@Z 10004290 f i serialport.obj
 0001:00003390       ?assign@?$basic_string@DU?$char_traits@D@std@@V?$allocator@D@2@@std@@QAEAAV12@ABV12@II@Z 10004390 f i serialport.obj
 0001:000034a0       ?erase@?$basic_string@DU?$char_traits@D@std@@V?$allocator@D@2@@std@@QAEAAV12@II@Z 100044a0 f i serialport.obj
 0001:00003520       ?_Copy@?$basic_string@DU?$char_traits@D@std@@V?$allocator@D@2@@std@@QAEXII@Z 10004520 f i serialport.obj
 0001:00003650       ??$New@VString@v8@@V?$basic_string@DU?$char_traits@D@std@@V?$allocator@D@2@@std@@@Nan@@YA?AV?$MaybeLocal@VString@v8@@@v8@@V?$basic_string@DU?$char_traits@D@std@@V?$allocator@D@2@@std@@@Z 10004650 f i serialport.obj
 0001:00003740       ??$SetMethod@VObject@v8@@VLocal@2@@Nan@@YAXV?$Local@VObject@v8@@@v8@@PBDP6AXABV?$FunctionCallbackInfo@VValue@v8@@@0@@Z@Z 10004740 f i serialport.obj
 0001:00003800       ??$SetMethodAux@V?$Local@VObject@v8@@@v8@@@imp@Nan@@YAXV?$Local@VObject@v8@@@v8@@V?$Local@VString@v8@@@3@V?$Local@VFunctionTemplate@v8@@@3@ZZ 10004800 f i serialport.obj
 0001:00003850       __snprintf_s               10004850 f i serialport_win.obj
 0001:00003890       ?Set@Nan@@YA?AV?$Maybe@_N@v8@@V?$Local@VObject@v8@@@3@IV?$Local@VValue@v8@@@3@@Z 10004890 f i serialport_win.obj
 0001:00003920       ?Error@Nan@@YA?AV?$Local@VValue@v8@@@v8@@PBD@Z 10004920 f i serialport_win.obj
 0001:000039e0       ?ErrorCodeToString@@YAXPBDHPAD@Z 100049e0 f   serialport_win.obj
 0001:00003aa0       ?AsyncCloseCallback@@YAXPAUuv_handle_s@@@Z 10004aa0 f   serialport_win.obj
 0001:00003ab0       ?EIO_Open@@YAXPAUuv_work_s@@@Z 10004ab0 f   serialport_win.obj
 0001:00003e10       ?EIO_Update@@YAXPAUuv_work_s@@@Z 10004e10 f   serialport_win.obj
 0001:00003ec0       ?EIO_Set@@YAXPAUuv_work_s@@@Z 10004ec0 f   serialport_win.obj
 0001:00003f70       ?EIO_Get@@YAXPAUuv_work_s@@@Z 10004f70 f   serialport_win.obj
 0001:00003fe0       ?EIO_GetBaudRate@@YAXPAUuv_work_s@@@Z 10004fe0 f   serialport_win.obj
 0001:00004080       ?Write@@YAXABV?$FunctionCallbackInfo@VValue@v8@@@Nan@@@Z 10005080 f   serialport_win.obj
 0001:000042c0       ?WriteIOCompletion@@YGXKKPAU_OVERLAPPED@@@Z 100052c0 f   serialport_win.obj
 0001:00004320       ?WriteThread@@YGKPAX@Z     10005320 f   serialport_win.obj
 0001:000043d0       ?EIO_AfterWrite@@YAXPAUuv_async_s@@@Z 100053d0 f   serialport_win.obj
 0001:00004520       ?Read@@YAXABV?$FunctionCallbackInfo@VValue@v8@@@Nan@@@Z 10005520 f   serialport_win.obj
 0001:00004820       ?ReadIOCompletion@@YGXKKPAU_OVERLAPPED@@@Z 10005820 f   serialport_win.obj
 0001:000049f0       ?ReadThread@@YGKPAX@Z      100059f0 f   serialport_win.obj
 0001:00004af0       ?EIO_AfterRead@@YAXPAUuv_async_s@@@Z 10005af0 f   serialport_win.obj
 0001:00004c30       ?EIO_Close@@YAXPAUuv_work_s@@@Z 10005c30 f   serialport_win.obj
 0001:00004c90       ?List@@YAXABV?$FunctionCallbackInfo@VValue@v8@@@Nan@@@Z 10005c90 f   serialport_win.obj
 0001:00004e00       ?getSerialNumber@@YAXPBD0QAXU_SP_DEVINFO_DATA@@IPAD@Z 10005e00 f   serialport_win.obj
 0001:00005100       ?EIO_List@@YAXPAUuv_work_s@@@Z 10006100 f   serialport_win.obj
 0001:000056a0       ??0ListResultItem@@QAE@XZ  100066a0 f i serialport_win.obj
 0001:00005790       ?setIfNotEmpty@@YAXV?$Local@VObject@v8@@@v8@@V?$basic_string@DU?$char_traits@D@std@@V?$allocator@D@2@@std@@PBD@Z 10006790 f   serialport_win.obj
 0001:000058e0       ?EIO_AfterList@@YAXPAUuv_work_s@@@Z 100068e0 f   serialport_win.obj
 0001:00005cd0       ??1ListBaton@@QAE@XZ       10006cd0 f i serialport_win.obj
 0001:00005d90       ?EIO_Flush@@YAXPAUuv_work_s@@@Z 10006d90 f   serialport_win.obj
 0001:00005dc0       ?EIO_Drain@@YAXPAUuv_work_s@@@Z 10006dc0 f   serialport_win.obj
 0001:00005df0       ??1?$list@HV?$allocator@H@std@@@std@@QAE@XZ 10006df0 f i serialport_win.obj
 0001:00005e80       ??1?$list@PAUListResultItem@@V?$allocator@PAUListResultItem@@@std@@@std@@QAE@XZ 10006e80 f i serialport_win.obj
 0001:00005f00       ??1?$_List_buy@HV?$allocator@H@std@@@std@@QAE@XZ 10006f00 f i serialport_win.obj
 0001:00005f50       ??1?$_List_buy@PAUListResultItem@@V?$allocator@PAUListResultItem@@@std@@@std@@QAE@XZ 10006f50 f i serialport_win.obj
 0001:00005fa0       ??1?$_List_alloc@U?$_List_base_types@HV?$allocator@H@std@@@std@@@std@@QAE@XZ 10006fa0 f i serialport_win.obj
 0001:00005fb0       ??1?$_List_alloc@U?$_List_base_types@PAUListResultItem@@V?$allocator@PAUListResultItem@@@std@@@std@@@std@@QAE@XZ 10006fb0 f i serialport_win.obj
 0001:00005fc0       ??$_Insert@ABH@?$list@HV?$allocator@H@std@@@std@@QAEXV?$_List_unchecked_const_iterator@V?$_List_val@U?$_List_simple_types@H@std@@@std@@U_Iterator_base0@2@@1@ABH@Z 10006fc0 f i serialport_win.obj
 0001:00006040       ??0?$_Wrap_alloc@V?$allocator@U?$_List_node@HPAX@std@@@std@@@std@@QAE@XZ 10007040 f i serialport_win.obj
 0001:00006046       ??0bad_alloc@std@@QAE@ABV01@@Z 10007046 f i libcpmt:xthrow.obj
 0001:00006061       ??0bad_alloc@std@@QAE@XZ   10007061 f i libcpmt:xthrow.obj
 0001:00006079       ??0exception@std@@QAE@ABV01@@Z 10007079 f i libcpmt:xthrow.obj
 0001:000060a5       ??0exception@std@@QAE@QBD@Z 100070a5 f i libcpmt:xthrow.obj
 0001:000060dc       ??0length_error@std@@QAE@ABV01@@Z 100070dc f i libcpmt:xthrow.obj
 0001:000060f7       ??0length_error@std@@QAE@PBD@Z 100070f7 f i libcpmt:xthrow.obj
 0001:00006118       ??0logic_error@std@@QAE@ABV01@@Z 10007118 f i libcpmt:xthrow.obj
 0001:00006133       ??0out_of_range@std@@QAE@ABV01@@Z 10007133 f i libcpmt:xthrow.obj
 0001:0000614e       ??0out_of_range@std@@QAE@PBD@Z 1000714e f i libcpmt:xthrow.obj
 0001:0000616f       ??1length_error@std@@UAE@XZ 1000716f f i libcpmt:xthrow.obj
 0001:0000616f       ??1out_of_range@std@@UAE@XZ 1000716f f i libcpmt:xthrow.obj
 0001:0000616f       ??1bad_array_new_length@std@@UAE@XZ 1000716f f i LIBCMT:throw_bad_alloc.obj
 0001:0000616f       ??1bad_exception@std@@UAE@XZ 1000716f f i libvcruntime:frame.obj
 0001:0000616f       ??1bad_alloc@std@@UAE@XZ   1000716f f i libcpmt:xthrow.obj
 0001:00006180       ?_Xlength_error@std@@YAXPBD@Z 10007180 f   libcpmt:xthrow.obj
 0001:000061a0       ?_Xout_of_range@std@@YAXPBD@Z 100071a0 f   libcpmt:xthrow.obj
 0001:000061c0       ?what@exception@std@@UBEPBDXZ 100071c0 f i libcpmt:xthrow.obj
 0001:000061cd       @__security_check_cookie@4 100071cd f   LIBCMT:_secchk_.obj
 0001:000061de       ??2@YAPAXI@Z               100071de f   LIBCMT:new_scalar.obj
 0001:00006211       ??3@YAXPAX@Z               10007211 f   LIBCMT:delete_scalar.obj
 0001:00006216       ??3@YAXPAXI@Z              10007216 f   LIBCMT:delete_scalar_size.obj
 0001:00006224       ___raise_securityfailure   10007224 f   LIBCMT:gs_report.obj
 0001:0000624c       ___report_gsfailure        1000724c f   LIBCMT:gs_report.obj
 0001:00006347       ___report_rangecheckfailure 10007347 f   LIBCMT:gs_report.obj
 0001:00006353       ___report_securityfailure  10007353 f   LIBCMT:gs_report.obj
 0001:00006467       ___scrt_acquire_startup_lock 10007467 f   LIBCMT:utility.obj
 0001:0000649c       ___scrt_dllmain_after_initialize_c 1000749c f   LIBCMT:utility.obj
 0001:000064c7       ___scrt_dllmain_before_initialize_c 100074c7 f   LIBCMT:utility.obj
 0001:000064d5       ___scrt_dllmain_crt_thread_attach 100074d5 f   LIBCMT:utility.obj
 0001:000064f4       ___scrt_dllmain_crt_thread_detach 100074f4 f   LIBCMT:utility.obj
 0001:00006501       ___scrt_dllmain_exception_filter 10007501 f   LIBCMT:utility.obj
 0001:00006534       ___scrt_dllmain_uninitialize_c 10007534 f   LIBCMT:utility.obj
 0001:00006557       ___scrt_dllmain_uninitialize_critical 10007557 f   LIBCMT:utility.obj
 0001:00006564       ___scrt_initialize_crt     10007564 f   LIBCMT:utility.obj
 0001:0000659d       ___scrt_initialize_onexit_tables 1000759d f   LIBCMT:utility.obj
 0001:00006634       ___scrt_is_nonwritable_in_current_image 10007634 f   LIBCMT:utility.obj
 0001:000066be       ___scrt_release_startup_lock 100076be f   LIBCMT:utility.obj
 0001:000066db       ___scrt_uninitialize_crt   100076db f   LIBCMT:utility.obj
 0001:00006703       __onexit                   10007703 f   LIBCMT:utility.obj
 0001:0000673e       _atexit                    1000773e f   LIBCMT:utility.obj
 0001:00006a5b       __DllMainCRTStartup@12     10007a5b f   LIBCMT:dll_dllmain.obj
 0001:00006a7e       ??_Gtype_info@@UAEPAXI@Z   10007a7e f i LIBCMT:std_type_info_static.obj
 0001:00006a7e       ??_Etype_info@@UAEPAXI@Z   10007a7e f i LIBCMT:std_type_info_static.obj
 0001:00006aa1       ??0bad_array_new_length@std@@QAE@ABV01@@Z 10007aa1 f i LIBCMT:throw_bad_alloc.obj
 0001:00006abc       ??0bad_array_new_length@std@@QAE@XZ 10007abc f i LIBCMT:throw_bad_alloc.obj
 0001:00006ad4       ?_Xbad_alloc@std@@YAXXZ    10007ad4 f   libcpmt:xthrow.obj
 0001:00006ad4       ?__scrt_throw_std_bad_alloc@@YAXXZ 10007ad4 f   LIBCMT:throw_bad_alloc.obj
 0001:00006af1       ?__scrt_throw_std_bad_array_new_length@@YAXXZ 10007af1 f   LIBCMT:throw_bad_alloc.obj
 0001:00006b0e       ___isa_available_init      10007b0e f   LIBCMT:_cpu_disp_.obj
 0001:00006ca8       __get_startup_argv_mode    10007ca8 f   LIBCMT:argv_mode.obj
 0001:00006cac       ___scrt_is_ucrt_dll_in_use 10007cac f   LIBCMT:ucrt_detection.obj
 0001:00006cb8       ___scrt_fastfail           10007cb8 f   LIBCMT:utility_desktop.obj
 0001:00006dd3       __crt_debugger_hook        10007dd3 f   LIBCMT:utility_desktop.obj
 0001:00006ddb       @_guard_check_icall@4      10007ddb f i LIBCMT:checkcfg.obj
 0001:00006df0       __SEH_prolog4              10007df0 f   LIBCMT:_sehprolg4_.obj
 0001:00006e36       __SEH_epilog4              10007e36 f   LIBCMT:_sehprolg4_.obj
 0001:00006e4b       ___security_init_cookie    10007e4b f   LIBCMT:gs_support.obj
 0001:00006ee7       _DllMain@12                10007ee7 f   LIBCMT:dll_dllmain_stub.obj
 0001:00006eed       ?__scrt_initialize_type_info@@YAXXZ 10007eed f   LIBCMT:tncleanup.obj
 0001:00006ef9       ?__scrt_uninitialize_type_info@@YAXXZ 10007ef9 f   LIBCMT:tncleanup.obj
 0001:00006f05       ___local_stdio_scanf_options 10007f05 f i LIBCMT:default_local_stdio_options.obj
 0001:00006f0b       ___scrt_initialize_default_local_stdio_options 10007f0b f   LIBCMT:default_local_stdio_options.obj
 0001:00006f28       ___scrt_get_dyn_tls_init_callback 10007f28 f   LIBCMT:dyn_tls_init.obj
 0001:00006f2e       __RTC_Initialize           10007f2e f   LIBCMT:_initsect_.obj
 0001:00006f59       __RTC_Terminate            10007f59 f   LIBCMT:_initsect_.obj
 0001:00006f90       _memmove                   10007f90 f   libvcruntime:memmove.obj
 0001:00007510       _strstr                    10008510 f   libvcruntime:strstr.obj
 0001:00007773       ___std_exception_copy      10008773 f   libvcruntime:std_exception.obj
 0001:000077d6       ___std_exception_destroy   100087d6 f   libvcruntime:std_exception.obj
 0001:000077f5       __CxxThrowException@8      100087f5 f   libvcruntime:throw.obj
 0001:00007863       ___vcrt_initialize         10008863 f   libvcruntime:initialization.obj
 0001:0000788c       ___vcrt_thread_attach      1000888c f   libvcruntime:initialization.obj
 0001:00007897       ___vcrt_thread_detach      10008897 f   libvcruntime:initialization.obj
 0001:000078a2       ___vcrt_uninitialize       100088a2 f   libvcruntime:initialization.obj
 0001:000078c1       ___vcrt_uninitialize_critical 100088c1 f   libvcruntime:initialization.obj
 0001:00007910       __except_handler4          10008910 f   libvcruntime:_chandler4_.obj
 0001:00007a80       _memset                    10008a80 f   libvcruntime:memset.obj
 0001:00007bda       ___std_type_info_compare   10008bda f   libvcruntime:std_type_info.obj
 0001:00007c16       ___std_type_info_destroy_list 10008c16 f   libvcruntime:std_type_info.obj
 0001:00007c40       _strchr                    10008c40 f   libvcruntime:strchr.obj
 0001:00007cae       ___from_strstr_to_strchr   10008cae     libvcruntime:strchr.obj
 0001:00007d6b       ___vcrt_freefls@4          10008d6b f   libvcruntime:per_thread_data.obj
 0001:00007d87       ___vcrt_freeptd            10008d87 f   libvcruntime:per_thread_data.obj
 0001:00007dbd       ___vcrt_getptd             10008dbd f   libvcruntime:per_thread_data.obj
 0001:00007dcb       ___vcrt_getptd_noexit      10008dcb f   libvcruntime:per_thread_data.obj
 0001:00007e5d       ___vcrt_initialize_ptd     10008e5d f   libvcruntime:per_thread_data.obj
 0001:00007e90       ___vcrt_uninitialize_ptd   10008e90 f   libvcruntime:per_thread_data.obj
 0001:00007eab       ___vcrt_initialize_locks   10008eab f   libvcruntime:locks.obj
 0001:00007ee7       ___vcrt_uninitialize_locks 10008ee7 f   libvcruntime:locks.obj
 0001:00007f16       ??$__crt_fast_encode_pointer@PAX@@YAPAXQAX@Z 10008f16 f i libvcruntime:winapi_downlevel.obj
 0001:00007f16       ??$__crt_fast_encode_pointer@PAP6AXXZ@@YAPAP6AXXZQAP6AXXZ@Z 10008f16 f i LIBCMT:utility.obj
 0001:00008056       ___vcrt_FlsAlloc           10009056 f   libvcruntime:winapi_downlevel.obj
 0001:00008090       ___vcrt_FlsFree            10009090 f   libvcruntime:winapi_downlevel.obj
 0001:000080ca       ___vcrt_FlsGetValue        100090ca f   libvcruntime:winapi_downlevel.obj
 0001:00008104       ___vcrt_FlsSetValue        10009104 f   libvcruntime:winapi_downlevel.obj
 0001:00008141       ___vcrt_InitializeCriticalSectionEx 10009141 f   libvcruntime:winapi_downlevel.obj
 0001:00008187       ___vcrt_initialize_winapi_thunks 10009187 f   libvcruntime:winapi_downlevel.obj
 0001:000081c1       ___vcrt_uninitialize_winapi_thunks 100091c1 f   libvcruntime:winapi_downlevel.obj
 0001:000081f3       ___vcrt_initialize_pure_virtual_call_handler 100091f3 f   libvcruntime:purevirt_data.obj
 0001:00008210       __local_unwind4            10009210 f   libvcruntime:_exsup4_.obj
 0001:000082e6       __seh_longjmp_unwind4@4    100092e6 f   libvcruntime:_exsup4_.obj
 0001:0000830e       @_EH4_CallFilterFunc@8     1000930e f   libvcruntime:_exsup4_.obj
 0001:00008325       @_EH4_TransferToHandler@8  10009325 f   libvcruntime:_exsup4_.obj
 0001:0000833e       @_EH4_GlobalUnwind2@8      1000933e f   libvcruntime:_exsup4_.obj
 0001:00008357       @_EH4_LocalUnwind@16       10009357 f   libvcruntime:_exsup4_.obj
 0001:0000836e       @_guard_check_icall_nop@4  1000936e f   LIBCMT:guard_support.obj
 0001:0000836e       ___except_validate_jump_buffer 1000936e f   libvcruntime:jbcxrval.obj
 0001:0000836e       ___except_validate_context_record 1000936e f   libvcruntime:jbcxrval.obj
 0001:00008370       __global_unwind2           10009370 f   libvcruntime:_exsup_.obj
 0001:000083d5       __local_unwind2            100093d5 f   libvcruntime:_exsup_.obj
 0001:00008459       __abnormal_termination     10009459 f   libvcruntime:_exsup_.obj
 0001:0000847c       __NLG_Notify1              1000947c f   libvcruntime:_exsup_.obj
 0001:00008485       __NLG_Notify               10009485 f   libvcruntime:_exsup_.obj
 0001:0000849c       __NLG_Dispatch2            1000949c     libvcruntime:_exsup_.obj
 0001:0000849c       __NLG_Dispatch             1000949c     libvcruntime:_exsup_.obj
 0001:000084a4       __NLG_Call                 100094a4 f   libvcruntime:_exsup_.obj
 0001:000084a6       __NLG_Return2              100094a6     libvcruntime:_exsup_.obj
 0001:000084a7       ??$?RV<lambda_ab9923ffb5d694ec0d78876dd103e44f>@@AAV<lambda_481dd5778c961fbcd3b60b650e9b9dc4>@@V<lambda_7923d86c9e3f319b415918ec4b39749c>@@@?$__crt_seh_guarded_call@H@@QAEH$$QAV<lambda_ab9923ffb5d694ec0d78876dd103e44f>@@AAV<lambda_481dd5778c961fbcd3b60b650e9b9dc4>@@$$QAV<lambda_7923d86c9e3f319b415918ec4b39749c>@@@Z 100094a7 f i libucrt:output.obj
 0001:000084f8       ??$__acrt_lock_stream_and_call@V<lambda_481dd5778c961fbcd3b60b650e9b9dc4>@@@@YAHQAU_iobuf@@$$QAV<lambda_481dd5778c961fbcd3b60b650e9b9dc4>@@@Z 100094f8 f i libucrt:output.obj
 0001:00008aa1       ??$count@D@formatting_buffer@__crt_stdio_output@@QBEIXZ 10009aa1 f i libucrt:output.obj
 0001:00008ab9       ??$ensure_buffer_is_big_enough@D@formatting_buffer@__crt_stdio_output@@QAE_NI@Z 10009ab9 f i libucrt:output.obj
 0001:00008b3f       ??$is_wide_character_specifier@D@__crt_stdio_output@@YA_N_KDW4length_modifier@0@@Z 10009b3f f i libucrt:output.obj
 0001:00008b7f       ??$is_wide_character_specifier@_W@__crt_stdio_output@@YA_N_K_WW4length_modifier@0@@Z 10009b7f f i libucrt:output.obj
 0001:00008bce       ??$scratch_data@D@formatting_buffer@__crt_stdio_output@@QAEPADXZ 10009bce f i libucrt:output.obj
 0001:00008bec       ??$type_case_integer_parse_into_buffer@I@?$output_processor@_WV?$string_output_adapter@_W@__crt_stdio_output@@V?$standard_base@_WV?$string_output_adapter@_W@__crt_stdio_output@@@2@@__crt_stdio_output@@AAEXII_N@Z 10009bec f i libucrt:output.obj
 0001:00008bec       ??$type_case_integer_parse_into_buffer@I@?$output_processor@DV?$string_output_adapter@D@__crt_stdio_output@@V?$format_validation_base@DV?$string_output_adapter@D@__crt_stdio_output@@@2@@__crt_stdio_output@@AAEXII_N@Z 10009bec f i libucrt:output.obj
 0001:00008bec       ??$type_case_integer_parse_into_buffer@I@?$output_processor@DV?$string_output_adapter@D@__crt_stdio_output@@V?$standard_base@DV?$string_output_adapter@D@__crt_stdio_output@@@2@@__crt_stdio_output@@AAEXII_N@Z 10009bec f i libucrt:output.obj
 0001:00008bec       ??$type_case_integer_parse_into_buffer@I@?$output_processor@_WV?$stream_output_adapter@_W@__crt_stdio_output@@V?$standard_base@_WV?$stream_output_adapter@_W@__crt_stdio_output@@@2@@__crt_stdio_output@@AAEXII_N@Z 10009bec f i libucrt:output.obj
 0001:00008c61       ??$type_case_integer_parse_into_buffer@_K@?$output_processor@DV?$string_output_adapter@D@__crt_stdio_output@@V?$format_validation_base@DV?$string_output_adapter@D@__crt_stdio_output@@@2@@__crt_stdio_output@@AAEX_KI_N@Z 10009c61 f i libucrt:output.obj
 0001:00008c61       ??$type_case_integer_parse_into_buffer@_K@?$output_processor@_WV?$stream_output_adapter@_W@__crt_stdio_output@@V?$standard_base@_WV?$stream_output_adapter@_W@__crt_stdio_output@@@2@@__crt_stdio_output@@AAEX_KI_N@Z 10009c61 f i libucrt:output.obj
 0001:00008c61       ??$type_case_integer_parse_into_buffer@_K@?$output_processor@_WV?$string_output_adapter@_W@__crt_stdio_output@@V?$standard_base@_WV?$string_output_adapter@_W@__crt_stdio_output@@@2@@__crt_stdio_output@@AAEX_KI_N@Z 10009c61 f i libucrt:output.obj
 0001:00008c61       ??$type_case_integer_parse_into_buffer@_K@?$output_processor@DV?$string_output_adapter@D@__crt_stdio_output@@V?$standard_base@DV?$string_output_adapter@D@__crt_stdio_output@@@2@@__crt_stdio_output@@AAEX_KI_N@Z 10009c61 f i libucrt:output.obj
 0001:00008ce9       ??$write_multiple_characters@V?$stream_output_adapter@_W@__crt_stdio_output@@D@__crt_stdio_output@@YAXABV?$stream_output_adapter@_W@0@DHQAH@Z 10009ce9 f i libucrt:output.obj
 0001:00008d1a       ??$write_multiple_characters@V?$string_output_adapter@D@__crt_stdio_output@@D@__crt_stdio_output@@YAXABV?$string_output_adapter@D@0@DHQAH@Z 10009d1a f i libucrt:output.obj
 0001:00008d46       ??$write_multiple_characters@V?$string_output_adapter@_W@__crt_stdio_output@@D@__crt_stdio_output@@YAXABV?$string_output_adapter@_W@0@DHQAH@Z 10009d46 f i libucrt:output.obj
 0001:00008d77       ??0?$common_data@D@__crt_stdio_output@@IAE@XZ 10009d77 f i libucrt:output.obj
 0001:00008dbe       ??0?$common_data@_W@__crt_stdio_output@@IAE@XZ 10009dbe f i libucrt:output.obj
 0001:00008e0a       ??0?$output_adapter_data@DV?$string_output_adapter@D@__crt_stdio_output@@@__crt_stdio_output@@IAE@ABV?$string_output_adapter@D@1@_KQBDQAU__crt_locale_pointers@@QAD@Z 10009e0a f i libucrt:output.obj
 0001:00008e46       ??0?$output_adapter_data@_WV?$string_output_adapter@_W@__crt_stdio_output@@@__crt_stdio_output@@IAE@ABV?$string_output_adapter@_W@1@_KQB_WQAU__crt_locale_pointers@@QAD@Z 10009e46 f i libucrt:output.obj
 0001:00008e46       ??0?$output_adapter_data@_WV?$stream_output_adapter@_W@__crt_stdio_output@@@__crt_stdio_output@@IAE@ABV?$stream_output_adapter@_W@1@_KQB_WQAU__crt_locale_pointers@@QAD@Z 10009e46 f i libucrt:output.obj
 0001:00008e82       ??0?$output_processor@DV?$string_output_adapter@D@__crt_stdio_output@@V?$standard_base@DV?$string_output_adapter@D@__crt_stdio_output@@@2@@__crt_stdio_output@@QAE@ABV?$string_output_adapter@D@1@_KQBDQAU__crt_locale_pointers@@QAD@Z 10009e82 f i libucrt:output.obj
 0001:00008e82       ??0?$output_processor@DV?$string_output_adapter@D@__crt_stdio_output@@V?$format_validation_base@DV?$string_output_adapter@D@__crt_stdio_output@@@2@@__crt_stdio_output@@QAE@ABV?$string_output_adapter@D@1@_KQBDQAU__crt_locale_pointers@@QAD@Z 10009e82 f i libucrt:output.obj
 0001:00008eb7       ??0?$output_processor@_WV?$string_output_adapter@_W@__crt_stdio_output@@V?$standard_base@_WV?$string_output_adapter@_W@__crt_stdio_output@@@2@@__crt_stdio_output@@QAE@ABV?$string_output_adapter@_W@1@_KQB_WQAU__crt_locale_pointers@@QAD@Z 10009eb7 f i libucrt:output.obj
 0001:00008eb7       ??0?$output_processor@_WV?$stream_output_adapter@_W@__crt_stdio_output@@V?$standard_base@_WV?$stream_output_adapter@_W@__crt_stdio_output@@@2@@__crt_stdio_output@@QAE@ABV?$stream_output_adapter@_W@1@_KQB_WQAU__crt_locale_pointers@@QAD@Z 10009eb7 f i libucrt:output.obj
 0001:00008eec       ??0_LocaleUpdate@@QAE@QAU__crt_locale_pointers@@@Z 10009eec f i libucrt:output.obj
 0001:00008f6f       ??1formatting_buffer@__crt_stdio_output@@QAE@XZ 10009f6f f i libucrt:output.obj
 0001:00008f89       ??4?$__crt_unique_heap_ptr@DU__crt_internal_free_policy@@@@QAEAAV0@$$QAV0@@Z 10009f89 f i libucrt:output.obj
 0001:0000906a       ?crop_zeroes@__crt_stdio_output@@YAXPADQAU__crt_locale_pointers@@@Z 1000a06a f i libucrt:output.obj
 0001:000090c1       ?find_next_state@?$output_processor@DV?$string_output_adapter@D@__crt_stdio_output@@V?$format_validation_base@DV?$string_output_adapter@D@__crt_stdio_output@@@2@@__crt_stdio_output@@ABE?AW4state@2@DW432@@Z 1000a0c1 f i libucrt:output.obj
 0001:000090f6       ?find_next_state@?$output_processor@DV?$string_output_adapter@D@__crt_stdio_output@@V?$standard_base@DV?$string_output_adapter@D@__crt_stdio_output@@@2@@__crt_stdio_output@@ABE?AW4state@2@DW432@@Z 1000a0f6 f i libucrt:output.obj
 0001:00009128       ?find_next_state@?$output_processor@_WV?$string_output_adapter@_W@__crt_stdio_output@@V?$standard_base@_WV?$string_output_adapter@_W@__crt_stdio_output@@@2@@__crt_stdio_output@@ABE?AW4state@2@_WW432@@Z 1000a128 f i libucrt:output.obj
 0001:00009128       ?find_next_state@?$output_processor@_WV?$stream_output_adapter@_W@__crt_stdio_output@@V?$standard_base@_WV?$stream_output_adapter@_W@__crt_stdio_output@@@2@@__crt_stdio_output@@ABE?AW4state@2@_WW432@@Z 1000a128 f i libucrt:output.obj
 0001:0000915c       ?force_decimal_point@__crt_stdio_output@@YAXPADQAU__crt_locale_pointers@@@Z 1000a15c f i libucrt:output.obj
 0001:000091b8       ?parse_int_from_format_string@?$output_processor@DV?$string_output_adapter@D@__crt_stdio_output@@V?$standard_base@DV?$string_output_adapter@D@__crt_stdio_output@@@2@@__crt_stdio_output@@AAE_NQAH@Z 1000a1b8 f i libucrt:output.obj
 0001:000091b8       ?parse_int_from_format_string@?$output_processor@DV?$string_output_adapter@D@__crt_stdio_output@@V?$format_validation_base@DV?$string_output_adapter@D@__crt_stdio_output@@@2@@__crt_stdio_output@@AAE_NQAH@Z 1000a1b8 f i libucrt:output.obj
 0001:00009214       ?parse_int_from_format_string@?$output_processor@_WV?$stream_output_adapter@_W@__crt_stdio_output@@V?$standard_base@_WV?$stream_output_adapter@_W@__crt_stdio_output@@@2@@__crt_stdio_output@@AAE_NQAH@Z 1000a214 f i libucrt:output.obj
 0001:00009214       ?parse_int_from_format_string@?$output_processor@_WV?$string_output_adapter@_W@__crt_stdio_output@@V?$standard_base@_WV?$string_output_adapter@_W@__crt_stdio_output@@@2@@__crt_stdio_output@@AAE_NQAH@Z 1000a214 f i libucrt:output.obj
 0001:00009272       ?process@?$output_processor@DV?$string_output_adapter@D@__crt_stdio_output@@V?$format_validation_base@DV?$string_output_adapter@D@__crt_stdio_output@@@2@@__crt_stdio_output@@QAEHXZ 1000a272 f i libucrt:output.obj
 0001:0000939a       ?process@?$output_processor@DV?$string_output_adapter@D@__crt_stdio_output@@V?$standard_base@DV?$string_output_adapter@D@__crt_stdio_output@@@2@@__crt_stdio_output@@QAEHXZ 1000a39a f i libucrt:output.obj
 0001:000094b6       ?process@?$output_processor@_WV?$stream_output_adapter@_W@__crt_stdio_output@@V?$standard_base@_WV?$stream_output_adapter@_W@__crt_stdio_output@@@2@@__crt_stdio_output@@QAEHXZ 1000a4b6 f i libucrt:output.obj
 0001:000095d6       ?process@?$output_processor@_WV?$string_output_adapter@_W@__crt_stdio_output@@V?$standard_base@_WV?$string_output_adapter@_W@__crt_stdio_output@@@2@@__crt_stdio_output@@QAEHXZ 1000a5d6 f i libucrt:output.obj
 0001:000096f6       ?state_case_flag@?$output_processor@DV?$string_output_adapter@D@__crt_stdio_output@@V?$standard_base@DV?$string_output_adapter@D@__crt_stdio_output@@@2@@__crt_stdio_output@@AAE_NXZ 1000a6f6 f i libucrt:output.obj
 0001:000096f6       ?state_case_flag@?$output_processor@DV?$string_output_adapter@D@__crt_stdio_output@@V?$format_validation_base@DV?$string_output_adapter@D@__crt_stdio_output@@@2@@__crt_stdio_output@@AAE_NXZ 1000a6f6 f i libucrt:output.obj
 0001:00009733       ?state_case_flag@?$output_processor@_WV?$stream_output_adapter@_W@__crt_stdio_output@@V?$standard_base@_WV?$stream_output_adapter@_W@__crt_stdio_output@@@2@@__crt_stdio_output@@AAE_NXZ 1000a733 f i libucrt:output.obj
 0001:00009733       ?state_case_flag@?$output_processor@_WV?$string_output_adapter@_W@__crt_stdio_output@@V?$standard_base@_WV?$string_output_adapter@_W@__crt_stdio_output@@@2@@__crt_stdio_output@@AAE_NXZ 1000a733 f i libucrt:output.obj
 0001:00009770       ?state_case_normal@?$output_processor@DV?$string_output_adapter@D@__crt_stdio_output@@V?$format_validation_base@DV?$string_output_adapter@D@__crt_stdio_output@@@2@@__crt_stdio_output@@AAE_NXZ 1000a770 f i libucrt:output.obj
 0001:00009770       ?state_case_normal@?$output_processor@DV?$string_output_adapter@D@__crt_stdio_output@@V?$standard_base@DV?$string_output_adapter@D@__crt_stdio_output@@@2@@__crt_stdio_output@@AAE_NXZ 1000a770 f i libucrt:output.obj
 0001:0000978f       ?state_case_normal@?$output_processor@_WV?$stream_output_adapter@_W@__crt_stdio_output@@V?$standard_base@_WV?$stream_output_adapter@_W@__crt_stdio_output@@@2@@__crt_stdio_output@@AAE_NXZ 1000a78f f i libucrt:output.obj
 0001:000097ae       ?state_case_normal@?$output_processor@_WV?$string_output_adapter@_W@__crt_stdio_output@@V?$standard_base@_WV?$string_output_adapter@_W@__crt_stdio_output@@@2@@__crt_stdio_output@@AAE_NXZ 1000a7ae f i libucrt:output.obj
 0001:000097cd       ?state_case_normal_common@?$output_processor@DV?$string_output_adapter@D@__crt_stdio_output@@V?$standard_base@DV?$string_output_adapter@D@__crt_stdio_output@@@2@@__crt_stdio_output@@AAE_NXZ 1000a7cd f i libucrt:output.obj
 0001:000097cd       ?state_case_normal_common@?$output_processor@DV?$string_output_adapter@D@__crt_stdio_output@@V?$format_validation_base@DV?$string_output_adapter@D@__crt_stdio_output@@@2@@__crt_stdio_output@@AAE_NXZ 1000a7cd f i libucrt:output.obj
 0001:000097f7       ?state_case_normal_common@?$output_processor@_WV?$stream_output_adapter@_W@__crt_stdio_output@@V?$standard_base@_WV?$stream_output_adapter@_W@__crt_stdio_output@@@2@@__crt_stdio_output@@AAE_NXZ 1000a7f7 f i libucrt:output.obj
 0001:00009812       ?state_case_normal_common@?$output_processor@_WV?$string_output_adapter@_W@__crt_stdio_output@@V?$standard_base@_WV?$string_output_adapter@_W@__crt_stdio_output@@@2@@__crt_stdio_output@@AAE_NXZ 1000a812 f i libucrt:output.obj
 0001:0000982d       ?state_case_normal_tchar@?$output_processor@DV?$string_output_adapter@D@__crt_stdio_output@@V?$standard_base@DV?$string_output_adapter@D@__crt_stdio_output@@@2@@__crt_stdio_output@@AAE_ND@Z 1000a82d f i libucrt:output.obj
 0001:0000982d       ?state_case_normal_tchar@?$output_processor@DV?$string_output_adapter@D@__crt_stdio_output@@V?$format_validation_base@DV?$string_output_adapter@D@__crt_stdio_output@@@2@@__crt_stdio_output@@AAE_ND@Z 1000a82d f i libucrt:output.obj
 0001:0000988e       ?state_case_precision@?$output_processor@DV?$string_output_adapter@D@__crt_stdio_output@@V?$standard_base@DV?$string_output_adapter@D@__crt_stdio_output@@@2@@__crt_stdio_output@@AAE_NXZ 1000a88e f i libucrt:output.obj
 0001:0000988e       ?state_case_precision@?$output_processor@DV?$string_output_adapter@D@__crt_stdio_output@@V?$format_validation_base@DV?$string_output_adapter@D@__crt_stdio_output@@@2@@__crt_stdio_output@@AAE_NXZ 1000a88e f i libucrt:output.obj
 0001:000098b6       ?state_case_precision@?$output_processor@_WV?$string_output_adapter@_W@__crt_stdio_output@@V?$standard_base@_WV?$string_output_adapter@_W@__crt_stdio_output@@@2@@__crt_stdio_output@@AAE_NXZ 1000a8b6 f i libucrt:output.obj
 0001:000098b6       ?state_case_precision@?$output_processor@_WV?$stream_output_adapter@_W@__crt_stdio_output@@V?$standard_base@_WV?$stream_output_adapter@_W@__crt_stdio_output@@@2@@__crt_stdio_output@@AAE_NXZ 1000a8b6 f i libucrt:output.obj
 0001:000098df       ?state_case_size@?$output_processor@DV?$string_output_adapter@D@__crt_stdio_output@@V?$format_validation_base@DV?$string_output_adapter@D@__crt_stdio_output@@@2@@__crt_stdio_output@@AAE_NXZ 1000a8df f i libucrt:output.obj
 0001:000098df       ?state_case_size@?$output_processor@DV?$string_output_adapter@D@__crt_stdio_output@@V?$standard_base@DV?$string_output_adapter@D@__crt_stdio_output@@@2@@__crt_stdio_output@@AAE_NXZ 1000a8df f i libucrt:output.obj
 0001:00009a48       ?state_case_size@?$output_processor@_WV?$stream_output_adapter@_W@__crt_stdio_output@@V?$standard_base@_WV?$stream_output_adapter@_W@__crt_stdio_output@@@2@@__crt_stdio_output@@AAE_NXZ 1000aa48 f i libucrt:output.obj
 0001:00009bc4       ?state_case_size@?$output_processor@_WV?$string_output_adapter@_W@__crt_stdio_output@@V?$standard_base@_WV?$string_output_adapter@_W@__crt_stdio_output@@@2@@__crt_stdio_output@@AAE_NXZ 1000abc4 f i libucrt:output.obj
 0001:00009d40       ?state_case_type@?$output_processor@DV?$string_output_adapter@D@__crt_stdio_output@@V?$standard_base@DV?$string_output_adapter@D@__crt_stdio_output@@@2@@__crt_stdio_output@@AAE_NXZ 1000ad40 f i libucrt:output.obj
 0001:00009d40       ?state_case_type@?$output_processor@DV?$string_output_adapter@D@__crt_stdio_output@@V?$format_validation_base@DV?$string_output_adapter@D@__crt_stdio_output@@@2@@__crt_stdio_output@@AAE_NXZ 1000ad40 f i libucrt:output.obj
 0001:00009f6f       ?state_case_type@?$output_processor@_WV?$stream_output_adapter@_W@__crt_stdio_output@@V?$standard_base@_WV?$stream_output_adapter@_W@__crt_stdio_output@@@2@@__crt_stdio_output@@AAE_NXZ 1000af6f f i libucrt:output.obj
 0001:0000a1cc       ?state_case_type@?$output_processor@_WV?$string_output_adapter@_W@__crt_stdio_output@@V?$standard_base@_WV?$string_output_adapter@_W@__crt_stdio_output@@@2@@__crt_stdio_output@@AAE_NXZ 1000b1cc f i libucrt:output.obj
 0001:0000a429       ?state_case_width@?$output_processor@DV?$string_output_adapter@D@__crt_stdio_output@@V?$standard_base@DV?$string_output_adapter@D@__crt_stdio_output@@@2@@__crt_stdio_output@@AAE_NXZ 1000b429 f i libucrt:output.obj
 0001:0000a429       ?state_case_width@?$output_processor@DV?$string_output_adapter@D@__crt_stdio_output@@V?$format_validation_base@DV?$string_output_adapter@D@__crt_stdio_output@@@2@@__crt_stdio_output@@AAE_NXZ 1000b429 f i libucrt:output.obj
 0001:0000a454       ?state_case_width@?$output_processor@_WV?$stream_output_adapter@_W@__crt_stdio_output@@V?$standard_base@_WV?$stream_output_adapter@_W@__crt_stdio_output@@@2@@__crt_stdio_output@@AAE_NXZ 1000b454 f i libucrt:output.obj
 0001:0000a454       ?state_case_width@?$output_processor@_WV?$string_output_adapter@_W@__crt_stdio_output@@V?$standard_base@_WV?$string_output_adapter@_W@__crt_stdio_output@@@2@@__crt_stdio_output@@AAE_NXZ 1000b454 f i libucrt:output.obj
 0001:0000a480       ?to_integer_size@__crt_stdio_output@@YAIW4length_modifier@1@@Z 1000b480 f i libucrt:output.obj
 0001:0000a4dc       ?type_case_Z@?$output_processor@DV?$string_output_adapter@D@__crt_stdio_output@@V?$standard_base@DV?$string_output_adapter@D@__crt_stdio_output@@@2@@__crt_stdio_output@@AAE_NXZ 1000b4dc f i libucrt:output.obj
 0001:0000a4dc       ?type_case_Z@?$output_processor@DV?$string_output_adapter@D@__crt_stdio_output@@V?$format_validation_base@DV?$string_output_adapter@D@__crt_stdio_output@@@2@@__crt_stdio_output@@AAE_NXZ 1000b4dc f i libucrt:output.obj
 0001:0000a53f       ?type_case_Z@?$output_processor@_WV?$stream_output_adapter@_W@__crt_stdio_output@@V?$standard_base@_WV?$stream_output_adapter@_W@__crt_stdio_output@@@2@@__crt_stdio_output@@AAE_NXZ 1000b53f f i libucrt:output.obj
 0001:0000a53f       ?type_case_Z@?$output_processor@_WV?$string_output_adapter@_W@__crt_stdio_output@@V?$standard_base@_WV?$string_output_adapter@_W@__crt_stdio_output@@@2@@__crt_stdio_output@@AAE_NXZ 1000b53f f i libucrt:output.obj
 0001:0000a5a2       ?type_case_a@?$output_processor@DV?$string_output_adapter@D@__crt_stdio_output@@V?$format_validation_base@DV?$string_output_adapter@D@__crt_stdio_output@@@2@@__crt_stdio_output@@AAE_NXZ 1000b5a2 f i libucrt:output.obj
 0001:0000a5a2       ?type_case_a@?$output_processor@DV?$string_output_adapter@D@__crt_stdio_output@@V?$standard_base@DV?$string_output_adapter@D@__crt_stdio_output@@@2@@__crt_stdio_output@@AAE_NXZ 1000b5a2 f i libucrt:output.obj
 0001:0000a6fc       ?type_case_a@?$output_processor@_WV?$string_output_adapter@_W@__crt_stdio_output@@V?$standard_base@_WV?$string_output_adapter@_W@__crt_stdio_output@@@2@@__crt_stdio_output@@AAE_NXZ 1000b6fc f i libucrt:output.obj
 0001:0000a6fc       ?type_case_a@?$output_processor@_WV?$stream_output_adapter@_W@__crt_stdio_output@@V?$standard_base@_WV?$stream_output_adapter@_W@__crt_stdio_output@@@2@@__crt_stdio_output@@AAE_NXZ 1000b6fc f i libucrt:output.obj
 0001:0000a86e       ?type_case_c_tchar@?$output_processor@DV?$string_output_adapter@D@__crt_stdio_output@@V?$standard_base@DV?$string_output_adapter@D@__crt_stdio_output@@@2@@__crt_stdio_output@@AAE_ND@Z 1000b86e f i libucrt:output.obj
 0001:0000a86e       ?type_case_c_tchar@?$output_processor@DV?$string_output_adapter@D@__crt_stdio_output@@V?$format_validation_base@DV?$string_output_adapter@D@__crt_stdio_output@@@2@@__crt_stdio_output@@AAE_ND@Z 1000b86e f i libucrt:output.obj
 0001:0000a8fe       ?type_case_c_tchar@?$output_processor@_WV?$string_output_adapter@_W@__crt_stdio_output@@V?$standard_base@_WV?$string_output_adapter@_W@__crt_stdio_output@@@2@@__crt_stdio_output@@AAE_N_W@Z 1000b8fe f i libucrt:output.obj
 0001:0000a8fe       ?type_case_c_tchar@?$output_processor@_WV?$stream_output_adapter@_W@__crt_stdio_output@@V?$standard_base@_WV?$stream_output_adapter@_W@__crt_stdio_output@@@2@@__crt_stdio_output@@AAE_N_W@Z 1000b8fe f i libucrt:output.obj
 0001:0000a996       ?type_case_integer@?$output_processor@_WV?$string_output_adapter@_W@__crt_stdio_output@@V?$standard_base@_WV?$string_output_adapter@_W@__crt_stdio_output@@@2@@__crt_stdio_output@@AAE_NI_N@Z 1000b996 f i libucrt:output.obj
 0001:0000a996       ?type_case_integer@?$output_processor@DV?$string_output_adapter@D@__crt_stdio_output@@V?$standard_base@DV?$string_output_adapter@D@__crt_stdio_output@@@2@@__crt_stdio_output@@AAE_NI_N@Z 1000b996 f i libucrt:output.obj
 0001:0000a996       ?type_case_integer@?$output_processor@DV?$string_output_adapter@D@__crt_stdio_output@@V?$format_validation_base@DV?$string_output_adapter@D@__crt_stdio_output@@@2@@__crt_stdio_output@@AAE_NI_N@Z 1000b996 f i libucrt:output.obj
 0001:0000a996       ?type_case_integer@?$output_processor@_WV?$stream_output_adapter@_W@__crt_stdio_output@@V?$standard_base@_WV?$stream_output_adapter@_W@__crt_stdio_output@@@2@@__crt_stdio_output@@AAE_NI_N@Z 1000b996 f i libucrt:output.obj
 0001:0000aae0       ?type_case_n@?$output_processor@_WV?$string_output_adapter@_W@__crt_stdio_output@@V?$standard_base@_WV?$string_output_adapter@_W@__crt_stdio_output@@@2@@__crt_stdio_output@@AAE_NXZ 1000bae0 f i libucrt:output.obj
 0001:0000aae0       ?type_case_n@?$output_processor@DV?$string_output_adapter@D@__crt_stdio_output@@V?$format_validation_base@DV?$string_output_adapter@D@__crt_stdio_output@@@2@@__crt_stdio_output@@AAE_NXZ 1000bae0 f i libucrt:output.obj
 0001:0000aae0       ?type_case_n@?$output_processor@DV?$string_output_adapter@D@__crt_stdio_output@@V?$standard_base@DV?$string_output_adapter@D@__crt_stdio_output@@@2@@__crt_stdio_output@@AAE_NXZ 1000bae0 f i libucrt:output.obj
 0001:0000aae0       ?type_case_n@?$output_processor@_WV?$stream_output_adapter@_W@__crt_stdio_output@@V?$standard_base@_WV?$stream_output_adapter@_W@__crt_stdio_output@@@2@@__crt_stdio_output@@AAE_NXZ 1000bae0 f i libucrt:output.obj
 0001:0000ab54       ?type_case_o@?$output_processor@_WV?$stream_output_adapter@_W@__crt_stdio_output@@V?$standard_base@_WV?$stream_output_adapter@_W@__crt_stdio_output@@@2@@__crt_stdio_output@@AAE_NXZ 1000bb54 f i libucrt:output.obj
 0001:0000ab54       ?type_case_o@?$output_processor@DV?$string_output_adapter@D@__crt_stdio_output@@V?$format_validation_base@DV?$string_output_adapter@D@__crt_stdio_output@@@2@@__crt_stdio_output@@AAE_NXZ 1000bb54 f i libucrt:output.obj
 0001:0000ab54       ?type_case_o@?$output_processor@_WV?$string_output_adapter@_W@__crt_stdio_output@@V?$standard_base@_WV?$string_output_adapter@_W@__crt_stdio_output@@@2@@__crt_stdio_output@@AAE_NXZ 1000bb54 f i libucrt:output.obj
 0001:0000ab54       ?type_case_o@?$output_processor@DV?$string_output_adapter@D@__crt_stdio_output@@V?$standard_base@DV?$string_output_adapter@D@__crt_stdio_output@@@2@@__crt_stdio_output@@AAE_NXZ 1000bb54 f i libucrt:output.obj
 0001:0000ab73       ?type_case_p@?$output_processor@_WV?$string_output_adapter@_W@__crt_stdio_output@@V?$standard_base@_WV?$string_output_adapter@_W@__crt_stdio_output@@@2@@__crt_stdio_output@@AAE_NXZ 1000bb73 f i libucrt:output.obj
 0001:0000ab73       ?type_case_p@?$output_processor@DV?$string_output_adapter@D@__crt_stdio_output@@V?$standard_base@DV?$string_output_adapter@D@__crt_stdio_output@@@2@@__crt_stdio_output@@AAE_NXZ 1000bb73 f i libucrt:output.obj
 0001:0000ab73       ?type_case_p@?$output_processor@DV?$string_output_adapter@D@__crt_stdio_output@@V?$format_validation_base@DV?$string_output_adapter@D@__crt_stdio_output@@@2@@__crt_stdio_output@@AAE_NXZ 1000bb73 f i libucrt:output.obj
 0001:0000ab73       ?type_case_p@?$output_processor@_WV?$stream_output_adapter@_W@__crt_stdio_output@@V?$standard_base@_WV?$stream_output_adapter@_W@__crt_stdio_output@@@2@@__crt_stdio_output@@AAE_NXZ 1000bb73 f i libucrt:output.obj
 0001:0000ab8b       ?type_case_s@?$output_processor@DV?$string_output_adapter@D@__crt_stdio_output@@V?$standard_base@DV?$string_output_adapter@D@__crt_stdio_output@@@2@@__crt_stdio_output@@AAE_NXZ 1000bb8b f i libucrt:output.obj
 0001:0000ab8b       ?type_case_s@?$output_processor@DV?$string_output_adapter@D@__crt_stdio_output@@V?$format_validation_base@DV?$string_output_adapter@D@__crt_stdio_output@@@2@@__crt_stdio_output@@AAE_NXZ 1000bb8b f i libucrt:output.obj
 0001:0000abfe       ?type_case_s@?$output_processor@_WV?$string_output_adapter@_W@__crt_stdio_output@@V?$standard_base@_WV?$string_output_adapter@_W@__crt_stdio_output@@@2@@__crt_stdio_output@@AAE_NXZ 1000bbfe f i libucrt:output.obj
 0001:0000abfe       ?type_case_s@?$output_processor@_WV?$stream_output_adapter@_W@__crt_stdio_output@@V?$standard_base@_WV?$stream_output_adapter@_W@__crt_stdio_output@@@2@@__crt_stdio_output@@AAE_NXZ 1000bbfe f i libucrt:output.obj
 0001:0000ac72       ?type_case_s_compute_narrow_string_length@?$output_processor@_WV?$stream_output_adapter@_W@__crt_stdio_output@@V?$standard_base@_WV?$stream_output_adapter@_W@__crt_stdio_output@@@2@@__crt_stdio_output@@ABEHH_W@Z 1000bc72 f i libucrt:output.obj
 0001:0000ac72       ?type_case_s_compute_narrow_string_length@?$output_processor@_WV?$string_output_adapter@_W@__crt_stdio_output@@V?$standard_base@_WV?$string_output_adapter@_W@__crt_stdio_output@@@2@@__crt_stdio_output@@ABEHH_W@Z 1000bc72 f i libucrt:output.obj
 0001:0000acb2       ?validate@?$string_output_adapter@_W@__crt_stdio_output@@QBE_NXZ 1000bcb2 f i libucrt:output.obj
 0001:0000acb2       ?validate@?$c_string_character_source@_W@__crt_strtox@@QBE_NXZ 1000bcb2 f i libucrt:atox.obj
 0001:0000acb2       ?validate@?$stream_output_adapter@_W@__crt_stdio_output@@QBE_NXZ 1000bcb2 f i libucrt:output.obj
 0001:0000acb2       ?validate@?$c_string_character_source@D@__crt_strtox@@QBE_NXZ 1000bcb2 f i libucrt:atox.obj
 0001:0000acb2       ?validate@?$string_output_adapter@D@__crt_stdio_output@@QBE_NXZ 1000bcb2 f i libucrt:output.obj
 0001:0000accd       ?validate_and_update_state_at_end_of_format_string@?$format_validation_base@DV?$string_output_adapter@D@__crt_stdio_output@@@__crt_stdio_output@@IBE_NXZ 1000bccd f i libucrt:output.obj
 0001:0000acef       ?write_character@?$stream_output_adapter@_W@__crt_stdio_output@@QBEX_WQAH@Z 1000bcef f i libucrt:output.obj
 0001:0000ad2f       ?write_character@?$string_output_adapter@D@__crt_stdio_output@@QBE_NDQAH@Z 1000bd2f f i libucrt:output.obj
 0001:0000ad71       ?write_character@?$string_output_adapter@_W@__crt_stdio_output@@QBE_N_WQAH@Z 1000bd71 f i libucrt:output.obj
 0001:0000adb6       ?write_stored_string_tchar@?$output_processor@DV?$string_output_adapter@D@__crt_stdio_output@@V?$format_validation_base@DV?$string_output_adapter@D@__crt_stdio_output@@@2@@__crt_stdio_output@@AAE_ND@Z 1000bdb6 f i libucrt:output.obj
 0001:0000adb6       ?write_stored_string_tchar@?$output_processor@DV?$string_output_adapter@D@__crt_stdio_output@@V?$standard_base@DV?$string_output_adapter@D@__crt_stdio_output@@@2@@__crt_stdio_output@@AAE_ND@Z 1000bdb6 f i libucrt:output.obj
 0001:0000ae5d       ?write_stored_string_tchar@?$output_processor@_WV?$stream_output_adapter@_W@__crt_stdio_output@@V?$standard_base@_WV?$stream_output_adapter@_W@__crt_stdio_output@@@2@@__crt_stdio_output@@AAE_N_W@Z 1000be5d f i libucrt:output.obj
 0001:0000aee8       ?write_stored_string_tchar@?$output_processor@_WV?$string_output_adapter@_W@__crt_stdio_output@@V?$standard_base@_WV?$string_output_adapter@_W@__crt_stdio_output@@@2@@__crt_stdio_output@@AAE_N_W@Z 1000bee8 f i libucrt:output.obj
 0001:0000af73       ?write_string@?$stream_output_adapter@_W@__crt_stdio_output@@QBEXQB_WHQAH1@Z 1000bf73 f i libucrt:output.obj
 0001:0000b000       ?write_string@?$string_output_adapter@D@__crt_stdio_output@@QBEXQBDHQAH1@Z 1000c000 f i libucrt:output.obj
 0001:0000b093       ?write_string@?$string_output_adapter@_W@__crt_stdio_output@@QBEXQB_WHQAH1@Z 1000c093 f i libucrt:output.obj
 0001:0000b12d       ___stdio_common_vfwprintf  1000c12d f   libucrt:output.obj
 0001:0000b1a4       ___stdio_common_vsnprintf_s 1000c1a4 f   libucrt:output.obj
 0001:0000b1cb       ___stdio_common_vsprintf   1000c1cb f   libucrt:output.obj
 0001:0000b1ef       ___stdio_common_vswprintf  1000c1ef f   libucrt:output.obj
 0001:0000b213       _free                      1000c213 f   libucrt:free.obj
 0001:0000b87c       ??$ftprintf@PAU_iobuf@@PB_WABQB_WABQB_WABI@?$__crt_char_traits@_W@@SAH$$QAPAU_iobuf@@$$QAPB_WABQB_W2ABI@Z 1000c87c f i libucrt:assert.obj
 0001:0000b95b       __vfwprintf_l              1000c95b f i libucrt:assert.obj
 0001:0000b980       __vswprintf_c_l            1000c980 f i libucrt:assert.obj
 0001:0000b9af       __wassert                  1000c9af f   libucrt:assert.obj
 0001:0000b9f7       _fwprintf                  1000c9f7 f i libucrt:assert.obj
 0001:0000ba12       _swprintf                  1000ca12 f i libucrt:assert.obj
 0001:0000ba30       ___acrt_call_reportfault   1000ca30 f   libucrt:invalid_parameter.obj
 0001:0000bb6b       ___acrt_initialize_invalid_parameter_handler 1000cb6b f   libucrt:invalid_parameter.obj
 0001:0000bb7f       __invalid_parameter        1000cb7f f   libucrt:invalid_parameter.obj
 0001:0000bbfa       __invalid_parameter_noinfo 1000cbfa f   libucrt:invalid_parameter.obj
 0001:0000bc0a       __invalid_parameter_noinfo_noreturn 1000cc0a f   libucrt:invalid_parameter.obj
 0001:0000bc27       __invoke_watson            1000cc27 f   libucrt:invalid_parameter.obj
 0001:0000bc5a       _malloc                    1000cc5a f   libucrt:malloc.obj
 0001:0000bd16       _strncpy_s                 1000cd16 f   libucrt:strncpy_s.obj
 0001:0000bd30       _strncpy                   1000cd30 f   libucrt:strncpy.obj
 0001:0000be54       ___acrt_initialize_new_handler 1000ce54 f   libucrt:new_handler.obj
 0001:0000be68       __callnewh                 1000ce68 f   libucrt:new_handler.obj
 0001:0000beac       __query_new_handler        1000ceac f   libucrt:new_handler.obj
 0001:0000befe       __seh_filter_dll           1000cefe f   libucrt:exception_filter.obj
 0001:0000bf1e       __seh_filter_exe           1000cf1e f   libucrt:exception_filter.obj
 0001:0000c2ac       ___acrt_initialize_thread_local_exit_callback 1000d2ac f   libucrt:exit.obj
 0001:0000c2bb       __cexit                    1000d2bb f   libucrt:exit.obj
 0001:0000c2ca       __exit                     1000d2ca f   libucrt:exit.obj
 0001:0000c2e0       __is_c_termination_complete 1000d2e0 f   libucrt:exit.obj
 0001:0000c57f       ___acrt_allocate_buffer_for_argv 1000d57f f   libucrt:argv_parsing.obj
 0001:0000c5d4       __configure_narrow_argv    1000d5d4 f   libucrt:argv_parsing.obj
 0001:0000c738       ??$uninitialize@A6AXAAPAPA_W@Z@?$dual_state_global@PAPA_W@__crt_state_management@@QAEXA6AXAAPAPA_W@Z@Z 1000d738 f i libucrt:environment_initialization.obj
 0001:0000c738       ??$uninitialize@A6AXAAPAPAD@Z@?$dual_state_global@PAPAD@__crt_state_management@@QAEXA6AXAAPAPAD@Z@Z 1000d738 f i libucrt:environment_initialization.obj
 0001:0000c7ae       ___dcrt_uninitialize_environments_nolock 1000d7ae f   libucrt:environment_initialization.obj
 0001:0000c7e5       __initialize_narrow_environment 1000d7e5 f   libucrt:environment_initialization.obj
 0001:0000c7ea       ??$?RV<lambda_800076c951b434888f4765a74a194fcc>@@AAV<lambda_4e60a939b0d047cfe11ddc22648dfba9>@@V<lambda_6dbb1268764f43b569ce7b67e331d33a>@@@?$__crt_seh_guarded_call@H@@QAEH$$QAV<lambda_800076c951b434888f4765a74a194fcc>@@AAV<lambda_4e60a939b0d047cfe11ddc22648dfba9>@@$$QAV<lambda_6dbb1268764f43b569ce7b67e331d33a>@@@Z 1000d7ea f i libucrt:onexit.obj
 0001:0000c83b       ??$?RV<lambda_995298e7d72eb4c2aab26c0585b3abe5>@@AAV<lambda_275893d493268fdec8709772e3fcec0e>@@V<lambda_293819299cbf9a7022e18b56a874bb5c>@@@?$__crt_seh_guarded_call@H@@QAEH$$QAV<lambda_995298e7d72eb4c2aab26c0585b3abe5>@@AAV<lambda_275893d493268fdec8709772e3fcec0e>@@$$QAV<lambda_293819299cbf9a7022e18b56a874bb5c>@@@Z 1000d83b f i libucrt:onexit.obj
 0001:0000c88c       ??$__acrt_lock_and_call@V<lambda_275893d493268fdec8709772e3fcec0e>@@@@YAHW4__acrt_lock_id@@$$QAV<lambda_275893d493268fdec8709772e3fcec0e>@@@Z 1000d88c f i libucrt:onexit.obj
 0001:0000c8b4       ??$__acrt_lock_and_call@V<lambda_4e60a939b0d047cfe11ddc22648dfba9>@@@@YAHW4__acrt_lock_id@@$$QAV<lambda_4e60a939b0d047cfe11ddc22648dfba9>@@@Z 1000d8b4 f i libucrt:onexit.obj
 0001:0000c8dc       ??$__crt_fast_encode_pointer@P6AHXZ@@YAP6AHXZQ6AHXZ@Z 1000d8dc f i libucrt:onexit.obj
 0001:0000cb5c       __crt_atexit               1000db5c f   libucrt:onexit.obj
 0001:0000cb72       __execute_onexit_table     1000db72 f   libucrt:onexit.obj
 0001:0000cb8f       __initialize_onexit_table  1000db8f f   libucrt:onexit.obj
 0001:0000cbcc       __register_onexit_function 1000dbcc f   libucrt:onexit.obj
 0001:0000cc24       ___acrt_uninitialize_command_line 1000dc24 f   libucrt:argv_data.obj
 0001:0000cce4       ___acrt_initialize         1000dce4 f   libucrt:initialization.obj
 0001:0000ccf6       ___acrt_thread_attach      1000dcf6 f   libucrt:initialization.obj
 0001:0000cd01       ___acrt_thread_detach      1000dd01 f   libucrt:initialization.obj
 0001:0000cd09       ___acrt_uninitialize       1000dd09 f   libucrt:initialization.obj
 0001:0000cd1b       ___acrt_uninitialize_critical 1000dd1b f   libucrt:initialization.obj
 0001:0000cd2d       __initterm                 1000dd2d f   libucrt:initterm.obj
 0001:0000cd89       __initterm_e               1000dd89 f   libucrt:initterm.obj
 0001:0000cdce       _terminate                 1000ddce f   libucrt:terminate.obj
 0001:0000ce0a       _strnicmp                  1000de0a f   libucrt:strnicmp.obj
 0001:0000ce0a       __strnicmp                 1000de0a f   libucrt:strnicmp.obj
 0001:0000ce76       __strnicmp_l               1000de76 f   libucrt:strnicmp.obj
 0001:0000cf2d       _strdup                    1000df2d f   libucrt:strdup.obj
 0001:0000cf2d       __strdup                   1000df2d f   libucrt:strdup.obj
 0001:0000d0ff       __freea_crt                1000e0ff f i libucrt:strlwr.obj
 0001:0000d11f       __strlwr                   1000e11f f   libucrt:strlwr.obj
 0001:0000d11f       _strlwr                    1000e11f f   libucrt:strlwr.obj
 0001:0000d17c       __strlwr_s_l               1000e17c f   libucrt:strlwr.obj
 0001:0000d1b5       _strcpy_s                  1000e1b5 f   libucrt:strcpy_s.obj
 0001:0000d20f       __free_base                1000e20f f   libucrt:free_base.obj
 0001:0000d249       __malloc_base              1000e249 f   libucrt:malloc_base.obj
 0001:0000d297       _abort                     1000e297 f   libucrt:abort.obj
 0001:0000d2da       __calloc_base              1000e2da f   libucrt:calloc_base.obj
 0001:0000d337       ??$is_overflow_condition@K@__crt_strtox@@YA_NIK@Z 1000e337 f i libucrt:atox.obj
 0001:0000d36a       ??$parse_integer@KV?$c_string_character_source@D@__crt_strtox@@@__crt_strtox@@YAKQAU__crt_locale_pointers@@V?$c_string_character_source@D@0@H_N@Z 1000e36a f i libucrt:atox.obj
 0001:0000d592       ??$parse_integer@KV?$c_string_character_source@_W@__crt_strtox@@@__crt_strtox@@YAKQAU__crt_locale_pointers@@V?$c_string_character_source@_W@0@H_N@Z 1000e592 f i libucrt:atox.obj
 0001:0000dc77       ?unget@?$c_string_character_source@D@__crt_strtox@@QAEXD@Z 1000ec77 f i libucrt:atox.obj
 0001:0000dc9f       ?unget@?$c_string_character_source@_W@__crt_strtox@@QAEX_W@Z 1000ec9f f i libucrt:atox.obj
 0001:0000dccb       __chvalidchk_l             1000eccb f i libucrt:atox.obj
 0001:0000dcf5       __ischartype_l             1000ecf5 f i libucrt:atox.obj
 0001:0000dd28       __isdigit_l                1000ed28 f i libucrt:_ctype.obj
 0001:0000dd60       _isdigit                   1000ed60 f i libucrt:_ctype.obj
 0001:0000def4       __tolower_l                1000eef4 f   libucrt:tolower_toupper.obj
 0001:0000df0e       _tolower                   1000ef0e f   libucrt:tolower_toupper.obj
 0001:0000df3e       ___acrt_errno_from_os_error 1000ef3e f   libucrt:errno.obj
 0001:0000df81       ___acrt_errno_map_os_error 1000ef81 f   libucrt:errno.obj
 0001:0000dfa4       ___doserrno                1000efa4 f   libucrt:errno.obj
 0001:0000dfb7       __errno                    1000efb7 f   libucrt:errno.obj
 0001:0000dfca       ??$make_c_string_character_source@_WPAPA_W@__crt_strtox@@YA?AV?$c_string_character_source@_W@0@QB_WQAPA_W@Z 1000efca f i libucrt:strtox.obj
 0001:0000dfca       ??$make_c_string_character_source@DPAPAD@__crt_strtox@@YA?AV?$c_string_character_source@D@0@QBDQAPAD@Z 1000efca f i libucrt:strtox.obj
 0001:0000dfe5       _strtol                    1000efe5 f   libucrt:strtox.obj
 0001:0000e011       _wcstol                    1000f011 f   libucrt:strtox.obj
 0001:0000e03d       __mbtowc_l                 1000f03d f   libucrt:mbtowc.obj
 0001:0000e137       _mbtowc                    1000f137 f   libucrt:mbtowc.obj
 0001:0000e151       __wctomb_s_l               1000f151 f   libucrt:wctomb.obj
 0001:0000e272       _wctomb_s                  1000f272 f   libucrt:wctomb.obj
 0001:0000e28f       _strnlen                   1000f28f f   libucrt:strnlen.obj
 0001:0000e3b6       _wcsnlen                   1000f3b6 f   libucrt:strnlen.obj
 0001:0000e56d       ??$?RV<lambda_3518db117f0e7cdb002338c5d3c47b6c>@@AAV<lambda_b2ea41f6bbb362cd97d94c6828d90b61>@@V<lambda_abdedf541bb04549bc734292b4a045d4>@@@?$__crt_seh_guarded_call@X@@QAEX$$QAV<lambda_3518db117f0e7cdb002338c5d3c47b6c>@@AAV<lambda_b2ea41f6bbb362cd97d94c6828d90b61>@@$$QAV<lambda_abdedf541bb04549bc734292b4a045d4>@@@Z 1000f56d f i libucrt:per_thread_data.obj
 0001:0000e5bd       ??$?RV<lambda_51b6e8b1eb166f2a3faf91f424b38130>@@AAV<lambda_6250bd4b2a391816dd638c3bf72b0bcb>@@V<lambda_0b5a4a3e68152e1d9b943535f5f47bed>@@@?$__crt_seh_guarded_call@X@@QAEX$$QAV<lambda_51b6e8b1eb166f2a3faf91f424b38130>@@AAV<lambda_6250bd4b2a391816dd638c3bf72b0bcb>@@$$QAV<lambda_0b5a4a3e68152e1d9b943535f5f47bed>@@@Z 1000f5bd f i libucrt:per_thread_data.obj
 0001:0000e61e       ??$?RV<lambda_5b71d36f03204c0beab531769a5b5694>@@AAV<lambda_be2b3da3f62db62e9dad5dc70221a656>@@V<lambda_8f9ce462984622f9bf76b59e2aaaf805>@@@?$__crt_seh_guarded_call@X@@QAEX$$QAV<lambda_5b71d36f03204c0beab531769a5b5694>@@AAV<lambda_be2b3da3f62db62e9dad5dc70221a656>@@$$QAV<lambda_8f9ce462984622f9bf76b59e2aaaf805>@@@Z 1000f61e f i libucrt:per_thread_data.obj
 0001:0000e669       ??$?RV<lambda_9df27f884b057bc3edfc946cb5b7cf47>@@AAV<lambda_e69574bed617af4e071282c136b37893>@@V<lambda_cc0d902bcbbeb830f749456577db4721>@@@?$__crt_seh_guarded_call@X@@QAEX$$QAV<lambda_9df27f884b057bc3edfc946cb5b7cf47>@@AAV<lambda_e69574bed617af4e071282c136b37893>@@$$QAV<lambda_cc0d902bcbbeb830f749456577db4721>@@@Z 1000f669 f i libucrt:per_thread_data.obj
 0001:0000e6b1       ??$__acrt_lock_and_call@V<lambda_6250bd4b2a391816dd638c3bf72b0bcb>@@@@YAXW4__acrt_lock_id@@$$QAV<lambda_6250bd4b2a391816dd638c3bf72b0bcb>@@@Z 1000f6b1 f i libucrt:per_thread_data.obj
 0001:0000e6d9       ??$__acrt_lock_and_call@V<lambda_b2ea41f6bbb362cd97d94c6828d90b61>@@@@YAXW4__acrt_lock_id@@$$QAV<lambda_b2ea41f6bbb362cd97d94c6828d90b61>@@@Z 1000f6d9 f i libucrt:per_thread_data.obj
 0001:0000e701       ??$__acrt_lock_and_call@V<lambda_be2b3da3f62db62e9dad5dc70221a656>@@@@YAXW4__acrt_lock_id@@$$QAV<lambda_be2b3da3f62db62e9dad5dc70221a656>@@@Z 1000f701 f i libucrt:per_thread_data.obj
 0001:0000e729       ??$__acrt_lock_and_call@V<lambda_e69574bed617af4e071282c136b37893>@@@@YAXW4__acrt_lock_id@@$$QAV<lambda_e69574bed617af4e071282c136b37893>@@@Z 1000f729 f i libucrt:per_thread_data.obj
 0001:0000e8df       ___acrt_freeptd            1000f8df f   libucrt:per_thread_data.obj
 0001:0000e90b       ___acrt_getptd             1000f90b f   libucrt:per_thread_data.obj
 0001:0000e98f       ___acrt_getptd_noexit      1000f98f f   libucrt:per_thread_data.obj
 0001:0000ea14       ___acrt_initialize_ptd     1000fa14 f   libucrt:per_thread_data.obj
 0001:0000ea40       ___acrt_uninitialize_ptd   1000fa40 f   libucrt:per_thread_data.obj
 0001:0000ea5a       ___acrt_update_locale_info 1000fa5a f   libucrt:locale_update.obj
 0001:0000ea87       ___acrt_update_multibyte_info 1000fa87 f   libucrt:locale_update.obj
 0001:0000eab4       ?__acrt_fp_classify@@YA?AW4__acrt_fp_class@@ABN@Z 1000fab4 f i libucrt:cvt.obj
 0001:0000eb20       ?__acrt_fp_is_negative@@YA_NABN@Z 1000fb20 f i libucrt:cvt.obj
 0001:0000f37f       ___acrt_fp_format          1001037f f   libucrt:cvt.obj
 0001:0000f4fb       __fputwc_nolock            100104fb f   libucrt:fputwc.obj
 0001:0000f621       __fileno                   10010621 f   libucrt:fileno.obj
 0001:0000f647       ___acrt_initialize_stdio   10010647 f   libucrt:_file.obj
 0001:0000f70f       ___acrt_iob_func           1001070f f   libucrt:_file.obj
 0001:0000f71f       ___acrt_uninitialize_stdio 1001071f f   libucrt:_file.obj
 0001:0000f76b       __lock_file                1001076b f   libucrt:_file.obj
 0001:0000f77f       __unlock_file              1001077f f   libucrt:_file.obj
 0001:0000f793       __fputc_nolock             10010793 f   libucrt:fputc.obj
 0001:0000f7bc       __get_printf_count_output  100107bc f   libucrt:printf_count_output.obj
 0001:0000f7d1       ___acrt_stdio_begin_temporary_buffering_nolock 100107d1 f   libucrt:_sftbuf.obj
 0001:0000f886       ___acrt_stdio_end_temporary_buffering_nolock 10010886 f   libucrt:_sftbuf.obj
 0001:0000f8bf       ___acrt_set_locale_changed 100108bf f   libucrt:wsetlocale.obj
 0001:0000f8ca       ___acrt_uninitialize_locale 100108ca f   libucrt:wsetlocale.obj
 0001:0000fa88       ___acrt_initialize_lowio   10010a88 f   libucrt:ioinit.obj
 0001:0000fade       ___acrt_uninitialize_lowio 10010ade f   libucrt:ioinit.obj
 0001:0000fb0a       __query_app_type           10010b0a f   libucrt:report_runtime_error.obj
 0001:0000fbfd       __itow_s                   10010bfd f   libucrt:xtoa.obj
 0001:0000fc32       __set_error_mode           10010c32 f   libucrt:set_error_mode.obj
 0001:0000fc71       _wcscat_s                  10010c71 f   libucrt:wcscat_s.obj
 0001:0000fce6       _wcscpy_s                  10010ce6 f   libucrt:wcscpy_s.obj
 0001:0000fe33       _wcsncat_s                 10010e33 f   libucrt:wcsncat_s.obj
 0001:0000ff39       ___acrt_show_wide_message_box 10010f39 f   libucrt:crtmbox.obj
 0001:0000ff44       ___acrt_stdio_flush_nolock 10010f44 f   libucrt:fflush.obj
 0001:0000ffaa       __fflush_nolock            10010faa f   libucrt:fflush.obj
 0001:0000fff1       __flushall                 10010ff1 f   libucrt:fflush.obj
 0001:000100d5       _fflush                    100110d5 f   libucrt:fflush.obj
 0001:0001012e       ??$?RV<lambda_d92cfe8357b99225085016881b624cb0>@@AAV<lambda_b721fa326cdb32351d23dfa67958c160>@@V<lambda_42d75b0848218ec137fa420c8ba9fdf9>@@@?$__crt_seh_guarded_call@H@@QAEH$$QAV<lambda_d92cfe8357b99225085016881b624cb0>@@AAV<lambda_b721fa326cdb32351d23dfa67958c160>@@$$QAV<lambda_42d75b0848218ec137fa420c8ba9fdf9>@@@Z 1001112e f i libucrt:setvbuf.obj
 0001:0001017f       ??$__acrt_lock_stream_and_call@V<lambda_b721fa326cdb32351d23dfa67958c160>@@@@YAHQAU_iobuf@@$$QAV<lambda_b721fa326cdb32351d23dfa67958c160>@@@Z 1001117f f i libucrt:setvbuf.obj
 0001:00010274       _setvbuf                   10011274 f   libucrt:setvbuf.obj
 0001:000102ea       ??$?RV<lambda_a048d3beccc847880fc8490e18b82769>@@AAV<lambda_ec61778202f4f5fc7e7711acc23c3bca>@@V<lambda_f7496a158712204296dd6628a163878e>@@@?$__crt_seh_guarded_call@P6AXH@Z@@QAEP6AXH@Z$$QAV<lambda_a048d3beccc847880fc8490e18b82769>@@AAV<lambda_ec61778202f4f5fc7e7711acc23c3bca>@@$$QAV<lambda_f7496a158712204296dd6628a163878e>@@@Z 100112ea f i libucrt:signal.obj
 0001:00010344       ??$__acrt_lock_and_call@V<lambda_ec61778202f4f5fc7e7711acc23c3bca>@@@@YAP6AXH@ZW4__acrt_lock_id@@$$QAV<lambda_ec61778202f4f5fc7e7711acc23c3bca>@@@Z 10011344 f i libucrt:signal.obj
 0001:000103d6       ___acrt_get_sigabrt_handler 100113d6 f   libucrt:signal.obj
 0001:000103ed       ___acrt_initialize_signal_handlers 100113ed f   libucrt:signal.obj
 0001:00010428       ___fpecode                 10011428 f   libucrt:signal.obj
 0001:00010431       _raise                     10011431 f   libucrt:signal.obj
 0001:00010639       ___acrt_initialize_locks   10011639 f   libucrt:locks.obj
 0001:0001067a       ___acrt_lock               1001167a f   libucrt:locks.obj
 0001:00010691       ___acrt_uninitialize_locks 10011691 f   libucrt:locks.obj
 0001:000106c2       ___acrt_unlock             100116c2 f   libucrt:locks.obj
 0001:00010824       ___acrt_FlsAlloc@4         10011824 f   libucrt:winapi_thunks.obj
 0001:0001087a       ___acrt_FlsFree@4          1001187a f   libucrt:winapi_thunks.obj
 0001:000108d0       ___acrt_FlsGetValue@4      100118d0 f   libucrt:winapi_thunks.obj
 0001:00010926       ___acrt_FlsSetValue@8      10011926 f   libucrt:winapi_thunks.obj
 0001:0001097f       ___acrt_InitializeCriticalSectionEx@12 1001197f f   libucrt:winapi_thunks.obj
 0001:000109e1       ___acrt_LCMapStringEx@36   100119e1 f   libucrt:winapi_thunks.obj
 0001:00010a69       ___acrt_LocaleNameToLCID@8 10011a69 f   libucrt:winapi_thunks.obj
 0001:00010ac5       ___acrt_MessageBoxW@16     10011ac5 f   libucrt:winapi_thunks.obj
 0001:00010b0e       ___acrt_can_show_message_box 10011b0e f   libucrt:winapi_thunks.obj
 0001:00010b27       ___acrt_get_parent_window  10011b27 f   libucrt:winapi_thunks.obj
 0001:00010ba6       ___acrt_initialize_winapi_thunks 10011ba6 f   libucrt:winapi_thunks.obj
 0001:00010bcc       ___acrt_is_interactive     10011bcc f   libucrt:winapi_thunks.obj
 0001:00010c72       ___acrt_is_packaged_app    10011c72 f   libucrt:winapi_thunks.obj
 0001:00010cf9       ___acrt_uninitialize_winapi_thunks 10011cf9 f   libucrt:winapi_thunks.obj
 0001:000110f1       ??1?$argument_list@D@?A0xb0e4b824@@QAE@XZ 100120f1 f i libucrt:argv_wildcards.obj
 0001:00011116       ?append@?$argument_list@D@?A0xb0e4b824@@QAEHQAD@Z 10012116 f i libucrt:argv_wildcards.obj
 0001:0001114b       ?expand_if_necessary@?$argument_list@D@?A0xb0e4b824@@AAEHXZ 1001214b f i libucrt:argv_wildcards.obj
 0001:000111d2       ___acrt_expand_narrow_argv_wildcards 100121d2 f   libucrt:argv_wildcards.obj
 0001:000111dd       ??$?RV<lambda_978dc153c237d78434369da87b74ff60>@@AAV<lambda_ad1ced32f4ac17aa236e5ef05d6b3b7c>@@V<lambda_4a8533e2866a575feecb8298ce776b0d>@@@?$__crt_seh_guarded_call@X@@QAEX$$QAV<lambda_978dc153c237d78434369da87b74ff60>@@AAV<lambda_ad1ced32f4ac17aa236e5ef05d6b3b7c>@@$$QAV<lambda_4a8533e2866a575feecb8298ce776b0d>@@@Z 100121dd f i libucrt:mbctype.obj
 0001:00011220       ??$__acrt_lock_and_call@V<lambda_ad1ced32f4ac17aa236e5ef05d6b3b7c>@@@@YAXW4__acrt_lock_id@@$$QAV<lambda_ad1ced32f4ac17aa236e5ef05d6b3b7c>@@@Z 10012220 f i libucrt:mbctype.obj
 0001:000116b7       ___acrt_initialize_multibyte 100126b7 f   libucrt:mbctype.obj
 0001:000116d5       ___acrt_update_thread_multibyte_data 100126d5 f   libucrt:mbctype.obj
 0001:00011777       __setmbcp_nolock           10012777 f   libucrt:mbctype.obj
 0001:00011a42       __ismbblead                10012a42 f   libucrt:ismbbyte.obj
 0001:00011a5a       ___acrt_initialize_command_line 10012a5a f   libucrt:argv_data.obj
 0001:00011aaa       ___dcrt_get_narrow_environment_from_os 10012aaa f   libucrt:get_environment_from_os.obj
 0001:00011b2d       __recalloc                 10012b2d f   libucrt:recalloc.obj
 0001:00011b38       __recalloc_base            10012b38 f   libucrt:recalloc.obj
 0001:00011ba5       ___acrt_initialize_heap    10012ba5 f   libucrt:heap_handle.obj
 0001:00011bb6       ___acrt_uninitialize_heap  10012bb6 f   libucrt:heap_handle.obj
 0001:00011bc0       ___acrt_execute_initializers 10012bc0 f   libucrt:shared_initialization.obj
 0001:00011c43       ___acrt_execute_uninitializers 10012c43 f   libucrt:shared_initialization.obj
 0001:00011c90       ?initialize@?$dual_state_global@P6AHPAU_exception@@@Z@__crt_state_management@@QAEXQ6AHPAU_exception@@@Z@Z 10012c90 f i libucrt:matherr.obj
 0001:00011c90       ?initialize@?$dual_state_global@PAU__crt_locale_data@@@__crt_state_management@@QAEXQAU__crt_locale_data@@@Z 10012c90 f i libucrt:initialization.obj
 0001:00011c90       ?initialize@?$dual_state_global@PAPAD@__crt_state_management@@QAEXQAPAD@Z 10012c90 f i libucrt:environment_initialization.obj
 0001:00011c90       ?initialize@?$dual_state_global@P6AHI@Z@__crt_state_management@@QAEXQ6AHI@Z@Z 10012c90 f i libucrt:new_handler.obj
 0001:00011c90       ?initialize@?$dual_state_global@P6AXH@Z@__crt_state_management@@QAEXQ6AXH@Z@Z 10012c90 f i libucrt:signal.obj
 0001:00011c90       ?initialize@?$dual_state_global@P6AXPB_W00II@Z@__crt_state_management@@QAEXQ6AXPB_W00II@Z@Z 10012c90 f i libucrt:invalid_parameter.obj
 0001:00011cc1       ___acrt_has_user_matherr   10012cc1 f   libucrt:matherr.obj
 0001:00011cda       ___acrt_initialize_user_matherr 10012cda f   libucrt:matherr.obj
 0001:00011cee       ___acrt_invoke_user_matherr 10012cee f   libucrt:matherr.obj
 0001:00011d40       ___ascii_strnicmp          10012d40 f   libucrt:_strnicm.obj
 0001:00011fbe       ___acrt_LCMapStringA       10012fbe f   libucrt:lcmapstringa.obj
 0001:00012009       __query_new_mode           10013009 f   libucrt:new_mode.obj
 0001:0001200f       ___pctype_func             1001300f f   libucrt:ctype.obj
 0001:00012035       _iswctype                  10013035 f   libucrt:iswctype.obj
 0001:00012094       __isctype_l                10013094 f   libucrt:isctype.obj
 0001:00012166       __isleadbyte_l             10013166 f i libucrt:_wctype.obj
 0001:0001219f       ___acrt_add_locale_ref     1001319f f   libucrt:locale_refcounting.obj
 0001:0001221c       ___acrt_free_locale        1001321c f   libucrt:locale_refcounting.obj
 0001:00012366       ___acrt_locale_add_lc_time_reference 10013366 f   libucrt:locale_refcounting.obj
 0001:0001238f       ___acrt_locale_free_lc_time_if_unreferenced 1001338f f   libucrt:locale_refcounting.obj
 0001:000123bf       ___acrt_locale_release_lc_time_reference 100133bf f   libucrt:locale_refcounting.obj
 0001:000123e8       ___acrt_release_locale_ref 100133e8 f   libucrt:locale_refcounting.obj
 0001:00012469       ___acrt_update_thread_locale_data 10013469 f   libucrt:locale_refcounting.obj
 0001:000124e0       __updatetlocinfoEx_nolock  100134e0 f   libucrt:locale_refcounting.obj
 0001:00012530       ___acrt_fp_strflt_to_string 10013530 f   libucrt:_fptostr.obj
 0001:000125ec       ??0scoped_fp_state_reset@?A0x48fbfdd4@@QAE@XZ 100135ec f i libucrt:cfout.obj
 0001:00012620       ?divide@__crt_strtox@@YA_KAAUbig_integer@1@ABU21@@Z 10013620 f i libucrt:cfout.obj
 0001:00012ace       ___acrt_fltout             10013ace f   libucrt:cfout.obj
 0001:00014230       ___acrt_stdio_flush_and_write_narrow_nolock 10015230 f   libucrt:_flsbuf.obj
 0001:0001423b       ___acrt_stdio_flush_and_write_wide_nolock 1001523b f   libucrt:_flsbuf.obj
 0001:00014246       __fcloseall                10015246 f   libucrt:closeall.obj
 0001:000142e6       ___acrt_stdio_free_buffer_nolock 100152e6 f   libucrt:_freebuf.obj
 0001:00014324       __isatty                   10015324 f   libucrt:isatty.obj
 0001:0001437a       ___acrt_locale_free_monetary 1001537a f   libucrt:initmon.obj
 0001:00014478       ___acrt_locale_free_numeric 10015478 f   libucrt:initnum.obj
 0001:0001451d       ___acrt_locale_free_time   1001551d f   libucrt:inittime.obj
 0001:00014601       ___acrt_GetStringTypeA     10015601 f   libucrt:getstringtypea.obj
 0001:0001471e       ___acrt_lowio_create_handle_array 1001571e f   libucrt:osfinfo.obj
 0001:00014798       ___acrt_lowio_destroy_handle_array 10015798 f   libucrt:osfinfo.obj
 0001:000147cd       ___acrt_lowio_ensure_fh_exists 100157cd f   libucrt:osfinfo.obj
 0001:00014865       ___acrt_lowio_lock_fh      10015865 f   libucrt:osfinfo.obj
 0001:00014888       ___acrt_lowio_unlock_fh    10015888 f   libucrt:osfinfo.obj
 0001:000148ab       __free_osfhnd              100158ab f   libucrt:osfinfo.obj
 0001:0001493c       __get_osfhandle            1001593c f   libucrt:osfinfo.obj
 0001:000149a6       ??$?RV<lambda_61cee617f5178ae960314fd4d05640a0>@@AAV<lambda_6978c1fb23f02e42e1d9e99668cc68aa>@@V<lambda_9cd88cf8ad10232537feb2133f08c833>@@@?$__crt_seh_guarded_call@H@@QAEH$$QAV<lambda_61cee617f5178ae960314fd4d05640a0>@@AAV<lambda_6978c1fb23f02e42e1d9e99668cc68aa>@@$$QAV<lambda_9cd88cf8ad10232537feb2133f08c833>@@@Z 100159a6 f i libucrt:commit.obj
 0001:00014a3e       ??$__acrt_lowio_lock_fh_and_call@V<lambda_6978c1fb23f02e42e1d9e99668cc68aa>@@@@YAHH$$QAV<lambda_6978c1fb23f02e42e1d9e99668cc68aa>@@@Z 10015a3e f i libucrt:commit.obj
 0001:00014a66       __commit                   10015a66 f   libucrt:commit.obj
 0001:00015065       __write                    10016065 f   libucrt:write.obj
 0001:00015150       __write_nolock             10016150 f   libucrt:write.obj
 0001:00015418       ___acrt_DownlevelLocaleNameToLCID 10016418 f   libucrt:lcidtoname_downlevel.obj
 0001:00015530       _qsort                     10016530 f   libucrt:qsort.obj
 0001:000158d0       _strpbrk                   100168d0 f   libucrt:strpbrk.obj
 0001:00015910       __mbsdec                   10016910 f   libucrt:mbsdec.obj
 0001:00015927       __mbsdec_l                 10016927 f   libucrt:mbsdec.obj
 0001:000159c3       __msize                    100169c3 f   libucrt:msize.obj
 0001:000159f6       __realloc_base             100169f6 f   libucrt:realloc_base.obj
 0001:00015a5f       ___strncnt                 10016a5f f   libucrt:strncnt.obj
 0001:00015a7b       _fegetenv                  10016a7b f   libucrt:fegetenv.obj
 0001:00015a98       _fesetenv                  10016a98 f   libucrt:fesetenv.obj
 0001:00015ae1       _feholdexcept              10016ae1 f   libucrt:feholdexcept.obj
 0001:00015b30       _log10                     10016b30 f   libucrt:log10.obj
 0001:00015b70       __CIlog10                  10016b70 f   libucrt:log10.obj
 0001:00015bab       __CIlog10_default          10016bab f   libucrt:log10.obj
 0001:00015bbf       __log10_default            10016bbf     libucrt:log10.obj
 0001:00015c80       _ceil                      10016c80 f   libucrt:ceil_pentium4.obj
 0001:00015cc0       __ceil_pentium4            10016cc0 f   libucrt:ceil_pentium4.obj
 0001:00015f20       __lseeki64                 10016f20 f   libucrt:lseek.obj
 0001:00015f3b       __lseeki64_nolock          10016f3b f   libucrt:lseek.obj
 0001:00015f56       ___acrt_stdio_allocate_buffer_nolock 10016f56 f   libucrt:_getbuf.obj
 0001:00015fb3       __fclose_nolock            10016fb3 f   libucrt:fclose.obj
 0001:00016029       _fclose                    10017029 f   libucrt:fclose.obj
 0001:000160a9       __putwch_nolock            100170a9 f   libucrt:putwch.obj
 0001:00016391       __getfpcontrolword         10017391 f   libucrt:_fenvutils.obj
[...]
 0002:00007604       __unwindtable$?Set@Nan@@YA?AV?$Maybe@_N@v8@@V?$Local@VObject@v8@@@3@IV?$Local@VValue@v8@@@3@@Z 10023604     serialport_win.obj
 0002:0000760c       __ehfuncinfo$?Set@Nan@@YA?AV?$Maybe@_N@v8@@V?$Local@VObject@v8@@@3@IV?$Local@VValue@v8@@@3@@Z 1002360c     serialport_win.obj
 0002:00007630       __unwindtable$?Error@Nan@@YA?AV?$Local@VValue@v8@@@v8@@PBD@Z 10023630     serialport_win.obj
 0002:00007650       __ehfuncinfo$?Error@Nan@@YA?AV?$Local@VValue@v8@@@v8@@PBD@Z 10023650     serialport_win.obj
 0002:00007674       __unwindtable$??__Eg_closingHandles@@YAXXZ 10023674     serialport_win.obj
 0002:00007684       __ehfuncinfo$??__Eg_closingHandles@@YAXXZ 10023684     serialport_win.obj
 0002:000076a8       __ehfuncinfo$?Write@@YAXABV?$FunctionCallbackInfo@VValue@v8@@@Nan@@@Z 100236a8     serialport_win.obj
 0002:000076cc       __unwindtable$?Write@@YAXABV?$FunctionCallbackInfo@VValue@v8@@@Nan@@@Z 100236cc     serialport_win.obj
 0002:000076fc       __ehfuncinfo$?EIO_AfterWrite@@YAXPAUuv_async_s@@@Z 100236fc     serialport_win.obj
 0002:00007720       __unwindtable$?EIO_AfterWrite@@YAXPAUuv_async_s@@@Z 10023720     serialport_win.obj
 0002:00007760       __unwindtable$?Read@@YAXABV?$FunctionCallbackInfo@VValue@v8@@@Nan@@@Z 10023760     serialport_win.obj
 0002:00007780       __ehfuncinfo$?Read@@YAXABV?$FunctionCallbackInfo@VValue@v8@@@Nan@@@Z 10023780     serialport_win.obj
 0002:000077a4       __ehfuncinfo$?EIO_AfterRead@@YAXPAUuv_async_s@@@Z 100237a4     serialport_win.obj
 0002:000077c8       __unwindtable$?EIO_AfterRead@@YAXPAUuv_async_s@@@Z 100237c8     serialport_win.obj
 0002:000077f8       __ehfuncinfo$?List@@YAXABV?$FunctionCallbackInfo@VValue@v8@@@Nan@@@Z 100237f8     serialport_win.obj
 0002:0000781c       __unwindtable$?List@@YAXABV?$FunctionCallbackInfo@VValue@v8@@@Nan@@@Z 1002381c     serialport_win.obj
 0002:00007854       __unwindtable$?EIO_List@@YAXPAUuv_work_s@@@Z 10023854     serialport_win.obj
 0002:0000785c       __ehfuncinfo$?EIO_List@@YAXPAUuv_work_s@@@Z 1002385c     serialport_win.obj
 0002:00007880       __ehfuncinfo$??0ListResultItem@@QAE@XZ 10023880     serialport_win.obj
 0002:000078a4       __unwindtable$??0ListResultItem@@QAE@XZ 100238a4     serialport_win.obj
 0002:000078dc       __unwindtable$?setIfNotEmpty@@YAXV?$Local@VObject@v8@@@v8@@V?$basic_string@DU?$char_traits@D@std@@V?$allocator@D@2@@std@@PBD@Z 100238dc     serialport_win.obj
 0002:000078ec       __ehfuncinfo$?setIfNotEmpty@@YAXV?$Local@VObject@v8@@@v8@@V?$basic_string@DU?$char_traits@D@std@@V?$allocator@D@2@@std@@PBD@Z 100238ec     serialport_win.obj
 0002:00007910       __ehfuncinfo$?EIO_AfterList@@YAXPAUuv_work_s@@@Z 10023910     serialport_win.obj
 0002:00007934       __unwindtable$?EIO_AfterList@@YAXPAUuv_work_s@@@Z 10023934     serialport_win.obj
 0002:000079bc       __ehfuncinfo$??1ListBaton@@QAE@XZ 100239bc     serialport_win.obj
 0002:000079e0       __unwindtable$??1ListBaton@@QAE@XZ 100239e0     serialport_win.obj
 0002:00007a10       __unwindtable$??1?$list@HV?$allocator@H@std@@@std@@QAE@XZ 10023a10     serialport_win.obj
 0002:00007a20       __ehfuncinfo$??1?$list@HV?$allocator@H@std@@@std@@QAE@XZ 10023a20     serialport_win.obj
 0002:00007a44       __unwindtable$??1?$list@PAUListResultItem@@V?$allocator@PAUListResultItem@@@std@@@std@@QAE@XZ 10023a44     serialport_win.obj
 0002:00007a54       __ehfuncinfo$??1?$list@PAUListResultItem@@V?$allocator@PAUListResultItem@@@std@@@std@@QAE@XZ 10023a54     serialport_win.obj
 0002:00007a78       __unwindtable$??1?$_List_buy@HV?$allocator@H@std@@@std@@QAE@XZ 10023a78     serialport_win.obj
 0002:00007a80       __ehfuncinfo$??1?$_List_buy@HV?$allocator@H@std@@@std@@QAE@XZ 10023a80     serialport_win.obj
 0002:00007aa4       __unwindtable$??1?$_List_buy@PAUListResultItem@@V?$allocator@PAUListResultItem@@@std@@@std@@QAE@XZ 10023aa4     serialport_win.obj
 0002:00007aac       __ehfuncinfo$??1?$_List_buy@PAUListResultItem@@V?$allocator@PAUListResultItem@@@std@@@std@@QAE@XZ 10023aac     serialport_win.obj
 0002:00007bb8       __sehtable$___scrt_is_nonwritable_in_current_image 10023bb8     LIBCMT:utility.obj
 0002:00007bd8       __sehtable$?dllmain_crt_process_attach@@YAHQAUHINSTANCE__@@QAX@Z 10023bd8     LIBCMT:dll_dllmain.obj
 0002:00007bf8       __sehtable$?dllmain_crt_process_detach@@YAH_N@Z 10023bf8     LIBCMT:dll_dllmain.obj
 0002:00007c18       __sehtable$?dllmain_dispatch@@YAHQAUHINSTANCE__@@KQAX@Z 10023c18     LIBCMT:dll_dllmain.obj
 0002:00007c70       __sehtable$??$?RV<lambda_ab9923ffb5d694ec0d78876dd103e44f>@@AAV<lambda_481dd5778c961fbcd3b60b650e9b9dc4>@@V<lambda_7923d86c9e3f319b415918ec4b39749c>@@@?$__crt_seh_guarded_call@H@@QAEH$$QAV<lambda_ab9923ffb5d694ec0d78876dd103e44f>@@AAV<lambda_481dd5778c961fbcd3b60b650e9b9dc4>@@$$QAV<lambda_7923d86c9e3f319b415918ec4b39749c>@@@Z 10023c70     libucrt:output.obj
 0002:00007c90       __sehtable$__query_new_handler 10023c90     libucrt:new_handler.obj
 0002:00007cb0       __sehtable$?common_exit@@YAXHW4_crt_exit_cleanup_mode@@W4_crt_exit_return_mode@@@Z 10023cb0     libucrt:exit.obj
 0002:00007cd8       __sehtable$??$?RV<lambda_800076c951b434888f4765a74a194fcc>@@AAV<lambda_4e60a939b0d047cfe11ddc22648dfba9>@@V<lambda_6dbb1268764f43b569ce7b67e331d33a>@@@?$__crt_seh_guarded_call@H@@QAEH$$QAV<lambda_800076c951b434888f4765a74a194fcc>@@AAV<lambda_4e60a939b0d047cfe11ddc22648dfba9>@@$$QAV<lambda_6dbb1268764f43b569ce7b67e331d33a>@@@Z 10023cd8     libucrt:onexit.obj
 0002:00007cf8       __sehtable$??$?RV<lambda_995298e7d72eb4c2aab26c0585b3abe5>@@AAV<lambda_275893d493268fdec8709772e3fcec0e>@@V<lambda_293819299cbf9a7022e18b56a874bb5c>@@@?$__crt_seh_guarded_call@H@@QAEH$$QAV<lambda_995298e7d72eb4c2aab26c0585b3abe5>@@AAV<lambda_275893d493268fdec8709772e3fcec0e>@@$$QAV<lambda_293819299cbf9a7022e18b56a874bb5c>@@@Z 10023cf8     libucrt:onexit.obj
 0002:00007d18       __sehtable$_terminate      10023d18     libucrt:terminate.obj
 0002:00007d38       __sehtable$??$?RV<lambda_9df27f884b057bc3edfc946cb5b7cf47>@@AAV<lambda_e69574bed617af4e071282c136b37893>@@V<lambda_cc0d902bcbbeb830f749456577db4721>@@@?$__crt_seh_guarded_call@X@@QAEX$$QAV<lambda_9df27f884b057bc3edfc946cb5b7cf47>@@AAV<lambda_e69574bed617af4e071282c136b37893>@@$$QAV<lambda_cc0d902bcbbeb830f749456577db4721>@@@Z 10023d38     libucrt:per_thread_data.obj
 0002:00007d58       __sehtable$??$?RV<lambda_3518db117f0e7cdb002338c5d3c47b6c>@@AAV<lambda_b2ea41f6bbb362cd97d94c6828d90b61>@@V<lambda_abdedf541bb04549bc734292b4a045d4>@@@?$__crt_seh_guarded_call@X@@QAEX$$QAV<lambda_3518db117f0e7cdb002338c5d3c47b6c>@@AAV<lambda_b2ea41f6bbb362cd97d94c6828d90b61>@@$$QAV<lambda_abdedf541bb04549bc734292b4a045d4>@@@Z 10023d58     libucrt:per_thread_data.obj
 0002:00007d78       __sehtable$??$?RV<lambda_51b6e8b1eb166f2a3faf91f424b38130>@@AAV<lambda_6250bd4b2a391816dd638c3bf72b0bcb>@@V<lambda_0b5a4a3e68152e1d9b943535f5f47bed>@@@?$__crt_seh_guarded_call@X@@QAEX$$QAV<lambda_51b6e8b1eb166f2a3faf91f424b38130>@@AAV<lambda_6250bd4b2a391816dd638c3bf72b0bcb>@@$$QAV<lambda_0b5a4a3e68152e1d9b943535f5f47bed>@@@Z 10023d78     libucrt:per_thread_data.obj
 0002:00007d98       __sehtable$??$?RV<lambda_5b71d36f03204c0beab531769a5b5694>@@AAV<lambda_be2b3da3f62db62e9dad5dc70221a656>@@V<lambda_8f9ce462984622f9bf76b59e2aaaf805>@@@?$__crt_seh_guarded_call@X@@QAEX$$QAV<lambda_5b71d36f03204c0beab531769a5b5694>@@AAV<lambda_be2b3da3f62db62e9dad5dc70221a656>@@$$QAV<lambda_8f9ce462984622f9bf76b59e2aaaf805>@@@Z 10023d98     libucrt:per_thread_data.obj
 0002:00007db8       __sehtable$___acrt_uninitialize_locale 10023db8     libucrt:wsetlocale.obj
 0002:00007dd8       __sehtable$___acrt_initialize_lowio 10023dd8     libucrt:ioinit.obj
 0002:00007df8       __sehtable$_fflush         10023df8     libucrt:fflush.obj
 0002:00007e18       __sehtable$_common_flush_all 10023e18     libucrt:fflush.obj
 0002:00007e40       __sehtable$??$?RV<lambda_d92cfe8357b99225085016881b624cb0>@@AAV<lambda_b721fa326cdb32351d23dfa67958c160>@@V<lambda_42d75b0848218ec137fa420c8ba9fdf9>@@@?$__crt_seh_guarded_call@H@@QAEH$$QAV<lambda_d92cfe8357b99225085016881b624cb0>@@AAV<lambda_b721fa326cdb32351d23dfa67958c160>@@$$QAV<lambda_42d75b0848218ec137fa420c8ba9fdf9>@@@Z 10023e40     libucrt:setvbuf.obj
 0002:00007e60       __sehtable$_raise          10023e60     libucrt:signal.obj
 0002:00007e80       __sehtable$??$?RV<lambda_a048d3beccc847880fc8490e18b82769>@@AAV<lambda_ec61778202f4f5fc7e7711acc23c3bca>@@V<lambda_f7496a158712204296dd6628a163878e>@@@?$__crt_seh_guarded_call@P6AXH@Z@@QAEP6AXH@Z$$QAV<lambda_a048d3beccc847880fc8490e18b82769>@@AAV<lambda_ec61778202f4f5fc7e7711acc23c3bca>@@$$QAV<lambda_f7496a158712204296dd6628a163878e>@@@Z 10023e80     libucrt:signal.obj
 0002:00007ea0       __sehtable$___acrt_update_thread_multibyte_data 10023ea0     libucrt:mbctype.obj
 0002:00007ec0       __sehtable$??$?RV<lambda_978dc153c237d78434369da87b74ff60>@@AAV<lambda_ad1ced32f4ac17aa236e5ef05d6b3b7c>@@V<lambda_4a8533e2866a575feecb8298ce776b0d>@@@?$__crt_seh_guarded_call@X@@QAEX$$QAV<lambda_978dc153c237d78434369da87b74ff60>@@AAV<lambda_ad1ced32f4ac17aa236e5ef05d6b3b7c>@@$$QAV<lambda_4a8533e2866a575feecb8298ce776b0d>@@@Z 10023ec0     libucrt:mbctype.obj
 0002:00007ee0       __sehtable$___acrt_update_thread_locale_data 10023ee0     libucrt:locale_refcounting.obj
 0002:00007f00       __sehtable$__fcloseall     10023f00     libucrt:closeall.obj
 0002:00007f20       __sehtable$___acrt_lowio_ensure_fh_exists 10023f20     libucrt:osfinfo.obj
 0002:00007f40       __sehtable$??$?RV<lambda_61cee617f5178ae960314fd4d05640a0>@@AAV<lambda_6978c1fb23f02e42e1d9e99668cc68aa>@@V<lambda_9cd88cf8ad10232537feb2133f08c833>@@@?$__crt_seh_guarded_call@H@@QAEH$$QAV<lambda_61cee617f5178ae960314fd4d05640a0>@@AAV<lambda_6978c1fb23f02e42e1d9e99668cc68aa>@@$$QAV<lambda_9cd88cf8ad10232537feb2133f08c833>@@@Z 10023f40     libucrt:commit.obj
 0002:00007f60       __sehtable$__write         10023f60     libucrt:write.obj
 0002:00007f80       __sehtable$??$common_lseek@_J@@YA_JH_JH@Z 10023f80     libucrt:lseek.obj
 0002:00007fa0       __sehtable$_fclose         10023fa0     libucrt:fclose.obj
 0002:00007fc0       __sehtable$??$?RV<lambda_123407a5e2ac06da108355a851863b7a>@@AAV<lambda_2fe9b910cf3cbf4a0ab98a02ba45b3ec>@@V<lambda_ae55bdf541ad94d75914d381c370e64d>@@@?$__crt_seh_guarded_call@H@@QAEH$$QAV<lambda_123407a5e2ac06da108355a851863b7a>@@AAV<lambda_2fe9b910cf3cbf4a0ab98a02ba45b3ec>@@$$QAV<lambda_ae55bdf541ad94d75914d381c370e64d>@@@Z 10023fc0     libucrt:close.obj
 0002:00007fe0       __sehtable$__IsNonwritableInCurrentImage 10023fe0     LIBCMT:pesect.obj
 0002:00008000       __sehtable$___FrameUnwindToState 10024000     libvcruntime:frame.obj
 0002:00008028       __sehtable$?CallCatchBlock@@YAPAXPAUEHExceptionRecord@@PAUEHRegistrationNode@@PAU_CONTEXT@@PBU_s_FuncInfo@@PAXHK@Z 10024028     libvcruntime:frame.obj
 0002:00008050       __sehtable$___BuildCatchObject 10024050     libvcruntime:frame.obj
 0002:00008070       __sehtable$___DestructExceptionObject 10024070     libvcruntime:frame.obj
 0002:0000808c       __catchsym$?CallUnexpected@@YAXPBU_s_ESTypeList@@@Z$2 1002408c     libvcruntime:frame.obj
 0002:0000809c       __unwindtable$?CallUnexpected@@YAXPBU_s_ESTypeList@@@Z 1002409c     libvcruntime:frame.obj
 0002:000080ac       __tryblocktable$?CallUnexpected@@YAXPBU_s_ESTypeList@@@Z 100240ac     libvcruntime:frame.obj
 0002:000080c0       __ehfuncinfo$?CallUnexpected@@YAXPBU_s_ESTypeList@@@Z 100240c0     libvcruntime:frame.obj
 0002:000080e8       __sehtable$___BuildCatchObjectHelper 100240e8     libvcruntime:frame.obj
 0002:00008140       .edata                     10024140     serialport.exp
 0002:00008168       rgpv                       10024168     serialport.exp
 0002:0000816c       rgszName                   1002416c     serialport.exp
 0002:00008170       rgwOrd                     10024170     serialport.exp
 0002:00008172       szName                     10024172     serialport.exp
 0002:00008182       $N00001                    10024182     serialport.exp
 0002:00008650       .idata$6                   10024650     kernel32:KERNEL32.dll
 0002:000086b4       .idata$6                   100246b4     advapi32:ADVAPI32.dll
 0002:000086d4       .idata$6                   100246d4     ole32:ole32.dll
 0002:000096bc       .idata$6                   100256bc     iojs:node.dll
 0002:00009770       .idata$6                   10025770     setupapi:SETUPAPI.dll
 0003:00000010       ?__vcrt_flsindex@@3KA      10026010     libvcruntime:per_thread_data.obj
 0003:00000034       _errno_no_memory           10026034     libucrt:errno.obj
 0003:00000038       _doserrno_no_memory        10026038     libucrt:errno.obj
 0003:0000003c       ___acrt_flsindex           1002603c     libucrt:per_thread_data.obj
 0003:000001e0       ___rgctypeflag             100261e0     libucrt:mbctype.obj
 0003:000001e8       ___rgcode_page_info        100261e8     libucrt:mbctype.obj
 0003:00000790       __module                   10026790     serialport.obj
 0003:000008b8       _GS_ExceptionRecord        100268b8     LIBCMT:gs_report.obj
 0003:00000908       _GS_ContextRecord          10026908     LIBCMT:gs_report.obj
 0003:00000bdc       ?module_local_atexit_table@@3U_onexit_table_t@@A 10026bdc     LIBCMT:utility.obj
 0003:00000be8       ?module_local_at_quick_exit_table@@3U_onexit_table_t@@A 10026be8     LIBCMT:utility.obj
 0003:00000bf4       ?is_initialized_as_dll@@3_NA 10026bf4     LIBCMT:utility.obj
 0003:00000bf8       ?__proc_attached@@3HA      10026bf8     LIBCMT:dll_dllmain.obj
 0003:00000c18       ?__vcrt_startup_thread_ptd@@3U__vcrt_ptd@@A 10026c18     libvcruntime:per_thread_data.obj
 0003:00000c40       ___vcrt_lock_table         10026c40     libvcruntime:locks.obj
 0003:00000c58       ___vcrt_locks_initialized  10026c58     libvcruntime:locks.obj
 0003:00000c5c       ?module_handles@@3PAPAUHINSTANCE__@@A 10026c5c     libvcruntime:winapi_downlevel.obj
 0003:00000c6c       ?encoded_function_pointers@@3PAPAXA 10026c6c     libvcruntime:winapi_downlevel.obj
 0003:00000cbc       ?heap@@3V_HeapManager@@A   10026cbc     libvcruntime:undname.obj
 0003:00000cd0       ___acrt_invalid_parameter_handler 10026cd0     libucrt:invalid_parameter.obj
 0003:00000cd4       ___acrt_new_handler        10026cd4     libucrt:new_handler.obj
 0003:00000cd8       _c_termination_complete    10026cd8     libucrt:exit.obj
 0003:00000cdc       _thread_local_exit_callback_func 10026cdc     libucrt:exit.obj
 0003:00000ce0       ?c_exit_complete@?5??common_exit@@YAXHW4_crt_exit_cleanup_mode@@W4_crt_exit_return_mode@@@Z@4_NA 10026ce0     libucrt:exit.obj
 0003:00000ce8       ?program_name@?5???$common_configure_argv@D@@YAHW4_crt_argv_mode@@@Z@4PADA 10026ce8     libucrt:argv_parsing.obj
 0003:00000e24       _enable_percent_n          10026e24     libucrt:printf_count_output.obj
 0003:0000103c       ___acrt_app_type           1002703c     libucrt:report_runtime_error.obj
 0003:00001040       ___acrt_error_mode         10027040     libucrt:set_error_mode.obj
 0003:00001044       _ctrlc_action              10027044     libucrt:signal.obj
 0003:00001048       _ctrlbreak_action          10027048     libucrt:signal.obj
 0003:0000104c       _abort_action              1002704c     libucrt:signal.obj
 0003:00001050       _term_action               10027050     libucrt:signal.obj
 0003:00001058       ___acrt_lock_table         10027058     libucrt:locks.obj
 0003:00001190       ___acrt_locks_initialized  10027190     libucrt:locks.obj
 0003:00001198       _module_handles            10027198     libucrt:winapi_thunks.obj
 0003:000011e8       _encoded_function_pointers 100271e8     libucrt:winapi_thunks.obj
 0003:00001268       ?state_cache@?1??__acrt_is_packaged_app@@9@4JA 10027268     libucrt:winapi_thunks.obj
 0003:00001284       _fSystemSet                10027284     libucrt:mbctype.obj
 0003:00001288       ?initialized@?1??__acrt_initialize_multibyte@@9@4_NA 10027288     libucrt:mbctype.obj
 0003:000012a8       _user_matherr              100272a8     libucrt:matherr.obj
 0003:000012ac       ___acrt_global_new_mode    100272ac     libucrt:new_mode.obj
 0003:000012bc       __pmatherr_set             100272bc     libucrt:libm_error.obj
 0004:00000000       __guard_fids____dcrt_uninitialize_environments_nolock 10028000     libucrt:environment_initialization.obj
 0004:00000008       __guard_fids__             10028008     libucrt:initialization.obj
 0004:00000068       __guard_fids____acrt_initialize_ptd 10028068     libucrt:per_thread_data.obj
 0004:0000006c       __guard_fids_??$common_show_message_box@_W@@YAHQB_W0I@Z 1002806c     libucrt:crtmbox.obj
 0004:00000070       __guard_fids_??$expand_argument_wildcards@D@@YAHQAD0AAV?$argument_list@D@?A0xb0e4b824@@@Z 10028070     libucrt:argv_wildcards.obj
 0004:00000074       __guard_fids__             10028074     libucrt:stdio_initializer.obj
 0004:00000078       __guard_fids__             10028078     libucrt:stdio_initializer.obj
 0004:0000007c       __guard_fids__             1002807c     libucrt:locale_initializer.obj
 0004:00000080       __guard_fids__             10028080     libucrt:multibyte_initializer.obj
 0004:00000084       __guard_fids____libm_error_support 10028084     libucrt:libm_error.obj
 0004:00000088       __guard_fids__             10028088     libucrt:sse2_initializer.obj
 0004:0000008c       __guard_fids__             1002808c     libucrt:console_output_initializer.obj
 0004:00000090       __guard_fids__             10028090     libcpmt:xthrow.obj
 0004:00000098       __guard_fids__             10028098     libcpmt:xthrow.obj
 0004:000000a0       __guard_fids__             100280a0     libcpmt:xthrow.obj
 0004:000000a8       __guard_fids__             100280a8     libcpmt:xthrow.obj
 0004:000000b0       __guard_fids__             100280b0     libcpmt:xthrow.obj
 0004:000000b8       __guard_fids__             100280b8     libcpmt:xthrow.obj
 0004:000000bc       __guard_fids__             100280bc     libcpmt:xthrow.obj
 0004:000000c0       __guard_fids__             100280c0     libcpmt:xthrow.obj
 0004:000000c4       __guard_fids__             100280c4     libcpmt:xthrow.obj
 0004:000000c8       __guard_fids__             100280c8     libcpmt:xthrow.obj
 0004:000000cc       __guard_fids__             100280cc     libcpmt:xthrow.obj
 0004:000000d0       __guard_fids__             100280d0     libcpmt:xthrow.obj
 0004:000000d4       __guard_fids__             100280d4     libcpmt:xthrow.obj
 0004:000000d8       __guard_fids_?dllmain_crt_process_attach@@YAHQAUHINSTANCE__@@QAX@Z 100280d8     LIBCMT:dll_dllmain.obj
 0004:000000e0       __guard_fids_?dllmain_dispatch@@YAHQAUHINSTANCE__@@KQAX@Z 100280e0     LIBCMT:dll_dllmain.obj
 0004:000000e4       __guard_fids__             100280e4     LIBCMT:std_type_info_static.obj
 0004:000000e8       __guard_fids__             100280e8     LIBCMT:throw_bad_alloc.obj
 0004:000000f0       __guard_fids__             100280f0     LIBCMT:throw_bad_alloc.obj
 0004:000000f4       __guard_fids__             100280f4     LIBCMT:throw_bad_alloc.obj
 0004:000000f8       __guard_fids__             100280f8     LIBCMT:guard_support.obj
 0004:000000fc       __guard_fids____vcrt_initialize_ptd 100280fc     libvcruntime:per_thread_data.obj
 0004:00000100       __guard_fids__             10028100     libvcruntime:frame.obj
 0004:00000104       __guard_fids__             10028104     libvcruntime:frame.obj
 0004:0000010c       __guard_fids__             1002810c     libvcruntime:frame.obj
 0004:00000110       __guard_fids__             10028110     libvcruntime:frame.obj
 0005:00000060       $R000000                   10029060     * linker generated manifest res *

 Exports

  ordinal    name

        1    __register_serialport_
               exported name: _register_serialport_
